<?xml version="1.0" encoding="ISO-8859-1" ?>
<link_info>
   <banner>TI ARM Linker PC v18.12.2.LTS</banner>
   <copyright>Copyright (c) 1996-2018 Texas Instruments Incorporated</copyright>
   <link_time>0x5ddb5793</link_time>
   <link_errors>0x0</link_errors>
   <output_file>DCAN_2.out</output_file>
   <entry_point>
      <name>_c_int00</name>
      <address>0xeebc</address>
   </entry_point>
   <input_file_list>
      <input_file id="fl-2">
         <path>.\source\</path>
         <kind>object</kind>
         <file>HL_can.obj</file>
         <name>HL_can.obj</name>
      </input_file>
      <input_file id="fl-3">
         <path>.\source\</path>
         <kind>object</kind>
         <file>HL_epc.obj</file>
         <name>HL_epc.obj</name>
      </input_file>
      <input_file id="fl-4">
         <path>.\source\</path>
         <kind>object</kind>
         <file>HL_errata.obj</file>
         <name>HL_errata.obj</name>
      </input_file>
      <input_file id="fl-5">
         <path>.\source\</path>
         <kind>object</kind>
         <file>HL_errata_SSWF021_45.obj</file>
         <name>HL_errata_SSWF021_45.obj</name>
      </input_file>
      <input_file id="fl-6">
         <path>.\source\</path>
         <kind>object</kind>
         <file>HL_esm.obj</file>
         <name>HL_esm.obj</name>
      </input_file>
      <input_file id="fl-7">
         <path>.\source\</path>
         <kind>object</kind>
         <file>HL_nmpu.obj</file>
         <name>HL_nmpu.obj</name>
      </input_file>
      <input_file id="fl-8">
         <path>.\source\</path>
         <kind>object</kind>
         <file>HL_notification.obj</file>
         <name>HL_notification.obj</name>
      </input_file>
      <input_file id="fl-9">
         <path>.\source\</path>
         <kind>object</kind>
         <file>HL_pinmux.obj</file>
         <name>HL_pinmux.obj</name>
      </input_file>
      <input_file id="fl-a">
         <path>.\source\</path>
         <kind>object</kind>
         <file>HL_sys_core.obj</file>
         <name>HL_sys_core.obj</name>
      </input_file>
      <input_file id="fl-b">
         <path>.\source\</path>
         <kind>object</kind>
         <file>HL_sys_dma.obj</file>
         <name>HL_sys_dma.obj</name>
      </input_file>
      <input_file id="fl-c">
         <path>.\source\</path>
         <kind>object</kind>
         <file>HL_sys_intvecs.obj</file>
         <name>HL_sys_intvecs.obj</name>
      </input_file>
      <input_file id="fl-d">
         <path>.\source\</path>
         <kind>object</kind>
         <file>HL_sys_main.obj</file>
         <name>HL_sys_main.obj</name>
      </input_file>
      <input_file id="fl-e">
         <path>.\source\</path>
         <kind>object</kind>
         <file>HL_sys_mpu.obj</file>
         <name>HL_sys_mpu.obj</name>
      </input_file>
      <input_file id="fl-f">
         <path>.\source\</path>
         <kind>object</kind>
         <file>HL_sys_pcr.obj</file>
         <name>HL_sys_pcr.obj</name>
      </input_file>
      <input_file id="fl-10">
         <path>.\source\</path>
         <kind>object</kind>
         <file>HL_sys_phantom.obj</file>
         <name>HL_sys_phantom.obj</name>
      </input_file>
      <input_file id="fl-11">
         <path>.\source\</path>
         <kind>object</kind>
         <file>HL_sys_pmm.obj</file>
         <name>HL_sys_pmm.obj</name>
      </input_file>
      <input_file id="fl-12">
         <path>.\source\</path>
         <kind>object</kind>
         <file>HL_sys_pmu.obj</file>
         <name>HL_sys_pmu.obj</name>
      </input_file>
      <input_file id="fl-13">
         <path>.\source\</path>
         <kind>object</kind>
         <file>HL_sys_startup.obj</file>
         <name>HL_sys_startup.obj</name>
      </input_file>
      <input_file id="fl-14">
         <path>.\source\</path>
         <kind>object</kind>
         <file>HL_sys_vim.obj</file>
         <name>HL_sys_vim.obj</name>
      </input_file>
      <input_file id="fl-15">
         <path>.\source\</path>
         <kind>object</kind>
         <file>HL_system.obj</file>
         <name>HL_system.obj</name>
      </input_file>
      <input_file id="fl-16">
         <path>.\source\</path>
         <kind>object</kind>
         <file>os_croutine.obj</file>
         <name>os_croutine.obj</name>
      </input_file>
      <input_file id="fl-17">
         <path>.\source\</path>
         <kind>object</kind>
         <file>os_event_groups.obj</file>
         <name>os_event_groups.obj</name>
      </input_file>
      <input_file id="fl-18">
         <path>.\source\</path>
         <kind>object</kind>
         <file>os_heap.obj</file>
         <name>os_heap.obj</name>
      </input_file>
      <input_file id="fl-19">
         <path>.\source\</path>
         <kind>object</kind>
         <file>os_list.obj</file>
         <name>os_list.obj</name>
      </input_file>
      <input_file id="fl-1a">
         <path>.\source\</path>
         <kind>object</kind>
         <file>os_mpu_wrappers.obj</file>
         <name>os_mpu_wrappers.obj</name>
      </input_file>
      <input_file id="fl-1b">
         <path>.\source\</path>
         <kind>object</kind>
         <file>os_port.obj</file>
         <name>os_port.obj</name>
      </input_file>
      <input_file id="fl-1c">
         <path>.\source\</path>
         <kind>object</kind>
         <file>os_portasm.obj</file>
         <name>os_portasm.obj</name>
      </input_file>
      <input_file id="fl-1d">
         <path>.\source\</path>
         <kind>object</kind>
         <file>os_queue.obj</file>
         <name>os_queue.obj</name>
      </input_file>
      <input_file id="fl-1e">
         <path>.\source\</path>
         <kind>object</kind>
         <file>os_tasks.obj</file>
         <name>os_tasks.obj</name>
      </input_file>
      <input_file id="fl-1f">
         <path>.\source\</path>
         <kind>object</kind>
         <file>os_timer.obj</file>
         <name>os_timer.obj</name>
      </input_file>
      <input_file id="fl-23">
         <kind>object</kind>
         <file>&lt;internal&gt;</file>
         <name>&lt;internal&gt;</name>
      </input_file>
      <input_file id="fl-d9">
         <path>C:\ti\ccs910\ccs\tools\compiler\ti-cgt-arm_18.12.2.LTS\lib\</path>
         <kind>archive</kind>
         <file>rtsv7R4_A_be_v3D16_eabi.lib</file>
         <name>fprintf.c.obj</name>
      </input_file>
      <input_file id="fl-da">
         <path>C:\ti\ccs910\ccs\tools\compiler\ti-cgt-arm_18.12.2.LTS\lib\</path>
         <kind>archive</kind>
         <file>rtsv7R4_A_be_v3D16_eabi.lib</file>
         <name>_printfi.c.obj</name>
      </input_file>
      <input_file id="fl-db">
         <path>C:\ti\ccs910\ccs\tools\compiler\ti-cgt-arm_18.12.2.LTS\lib\</path>
         <kind>archive</kind>
         <file>rtsv7R4_A_be_v3D16_eabi.lib</file>
         <name>fputc.c.obj</name>
      </input_file>
      <input_file id="fl-dc">
         <path>C:\ti\ccs910\ccs\tools\compiler\ti-cgt-arm_18.12.2.LTS\lib\</path>
         <kind>archive</kind>
         <file>rtsv7R4_A_be_v3D16_eabi.lib</file>
         <name>fputs.c.obj</name>
      </input_file>
      <input_file id="fl-dd">
         <path>C:\ti\ccs910\ccs\tools\compiler\ti-cgt-arm_18.12.2.LTS\lib\</path>
         <kind>archive</kind>
         <file>rtsv7R4_A_be_v3D16_eabi.lib</file>
         <name>_io_perm.c.obj</name>
      </input_file>
      <input_file id="fl-de">
         <path>C:\ti\ccs910\ccs\tools\compiler\ti-cgt-arm_18.12.2.LTS\lib\</path>
         <kind>archive</kind>
         <file>rtsv7R4_A_be_v3D16_eabi.lib</file>
         <name>setvbuf.c.obj</name>
      </input_file>
      <input_file id="fl-df">
         <path>C:\ti\ccs910\ccs\tools\compiler\ti-cgt-arm_18.12.2.LTS\lib\</path>
         <kind>archive</kind>
         <file>rtsv7R4_A_be_v3D16_eabi.lib</file>
         <name>wcslen.c.obj</name>
      </input_file>
      <input_file id="fl-e0">
         <path>C:\ti\ccs910\ccs\tools\compiler\ti-cgt-arm_18.12.2.LTS\lib\</path>
         <kind>archive</kind>
         <file>rtsv7R4_A_be_v3D16_eabi.lib</file>
         <name>s_frexp.c.obj</name>
      </input_file>
      <input_file id="fl-e1">
         <path>C:\ti\ccs910\ccs\tools\compiler\ti-cgt-arm_18.12.2.LTS\lib\</path>
         <kind>archive</kind>
         <file>rtsv7R4_A_be_v3D16_eabi.lib</file>
         <name>s_scalbn.c.obj</name>
      </input_file>
      <input_file id="fl-e2">
         <path>C:\ti\ccs910\ccs\tools\compiler\ti-cgt-arm_18.12.2.LTS\lib\</path>
         <kind>archive</kind>
         <file>rtsv7R4_A_be_v3D16_eabi.lib</file>
         <name>ull_div32.asm.obj</name>
      </input_file>
      <input_file id="fl-e3">
         <path>C:\ti\ccs910\ccs\tools\compiler\ti-cgt-arm_18.12.2.LTS\lib\</path>
         <kind>archive</kind>
         <file>rtsv7R4_A_be_v3D16_eabi.lib</file>
         <name>memcpy32.asm.obj</name>
      </input_file>
      <input_file id="fl-e4">
         <path>C:\ti\ccs910\ccs\tools\compiler\ti-cgt-arm_18.12.2.LTS\lib\</path>
         <kind>archive</kind>
         <file>rtsv7R4_A_be_v3D16_eabi.lib</file>
         <name>memset32.asm.obj</name>
      </input_file>
      <input_file id="fl-e5">
         <path>C:\ti\ccs910\ccs\tools\compiler\ti-cgt-arm_18.12.2.LTS\lib\</path>
         <kind>archive</kind>
         <file>rtsv7R4_A_be_v3D16_eabi.lib</file>
         <name>u_div32.asm.obj</name>
      </input_file>
      <input_file id="fl-e6">
         <path>C:\ti\ccs910\ccs\tools\compiler\ti-cgt-arm_18.12.2.LTS\lib\</path>
         <kind>archive</kind>
         <file>rtsv7R4_A_be_v3D16_eabi.lib</file>
         <name>autoinit.c.obj</name>
      </input_file>
      <input_file id="fl-e7">
         <path>C:\ti\ccs910\ccs\tools\compiler\ti-cgt-arm_18.12.2.LTS\lib\</path>
         <kind>archive</kind>
         <file>rtsv7R4_A_be_v3D16_eabi.lib</file>
         <name>cpy_tbl.c.obj</name>
      </input_file>
      <input_file id="fl-e8">
         <path>C:\ti\ccs910\ccs\tools\compiler\ti-cgt-arm_18.12.2.LTS\lib\</path>
         <kind>archive</kind>
         <file>rtsv7R4_A_be_v3D16_eabi.lib</file>
         <name>copy_zero_init.c.obj</name>
      </input_file>
      <input_file id="fl-e9">
         <path>C:\ti\ccs910\ccs\tools\compiler\ti-cgt-arm_18.12.2.LTS\lib\</path>
         <kind>archive</kind>
         <file>rtsv7R4_A_be_v3D16_eabi.lib</file>
         <name>copy_decompress_none.c.obj</name>
      </input_file>
      <input_file id="fl-ea">
         <path>C:\ti\ccs910\ccs\tools\compiler\ti-cgt-arm_18.12.2.LTS\lib\</path>
         <kind>archive</kind>
         <file>rtsv7R4_A_be_v3D16_eabi.lib</file>
         <name>copy_decompress_lzss.c.obj</name>
      </input_file>
      <input_file id="fl-eb">
         <path>C:\ti\ccs910\ccs\tools\compiler\ti-cgt-arm_18.12.2.LTS\lib\</path>
         <kind>archive</kind>
         <file>rtsv7R4_A_be_v3D16_eabi.lib</file>
         <name>exit.c.obj</name>
      </input_file>
      <input_file id="fl-ec">
         <path>C:\ti\ccs910\ccs\tools\compiler\ti-cgt-arm_18.12.2.LTS\lib\</path>
         <kind>archive</kind>
         <file>rtsv7R4_A_be_v3D16_eabi.lib</file>
         <name>_lock.c.obj</name>
      </input_file>
      <input_file id="fl-ed">
         <path>C:\ti\ccs910\ccs\tools\compiler\ti-cgt-arm_18.12.2.LTS\lib\</path>
         <kind>archive</kind>
         <file>rtsv7R4_A_be_v3D16_eabi.lib</file>
         <name>atoi.c.obj</name>
      </input_file>
      <input_file id="fl-ee">
         <path>C:\ti\ccs910\ccs\tools\compiler\ti-cgt-arm_18.12.2.LTS\lib\</path>
         <kind>archive</kind>
         <file>rtsv7R4_A_be_v3D16_eabi.lib</file>
         <name>ctype.c.obj</name>
      </input_file>
      <input_file id="fl-ef">
         <path>C:\ti\ccs910\ccs\tools\compiler\ti-cgt-arm_18.12.2.LTS\lib\</path>
         <kind>archive</kind>
         <file>rtsv7R4_A_be_v3D16_eabi.lib</file>
         <name>defs.c.obj</name>
      </input_file>
      <input_file id="fl-f0">
         <path>C:\ti\ccs910\ccs\tools\compiler\ti-cgt-arm_18.12.2.LTS\lib\</path>
         <kind>archive</kind>
         <file>rtsv7R4_A_be_v3D16_eabi.lib</file>
         <name>ltoa.c.obj</name>
      </input_file>
      <input_file id="fl-f1">
         <path>C:\ti\ccs910\ccs\tools\compiler\ti-cgt-arm_18.12.2.LTS\lib\</path>
         <kind>archive</kind>
         <file>rtsv7R4_A_be_v3D16_eabi.lib</file>
         <name>memccpy.c.obj</name>
      </input_file>
      <input_file id="fl-f2">
         <path>C:\ti\ccs910\ccs\tools\compiler\ti-cgt-arm_18.12.2.LTS\lib\</path>
         <kind>archive</kind>
         <file>rtsv7R4_A_be_v3D16_eabi.lib</file>
         <name>memchr.c.obj</name>
      </input_file>
      <input_file id="fl-f3">
         <path>C:\ti\ccs910\ccs\tools\compiler\ti-cgt-arm_18.12.2.LTS\lib\</path>
         <kind>archive</kind>
         <file>rtsv7R4_A_be_v3D16_eabi.lib</file>
         <name>memory.c.obj</name>
      </input_file>
      <input_file id="fl-f4">
         <path>C:\ti\ccs910\ccs\tools\compiler\ti-cgt-arm_18.12.2.LTS\lib\</path>
         <kind>archive</kind>
         <file>rtsv7R4_A_be_v3D16_eabi.lib</file>
         <name>strchr.c.obj</name>
      </input_file>
      <input_file id="fl-f5">
         <path>C:\ti\ccs910\ccs\tools\compiler\ti-cgt-arm_18.12.2.LTS\lib\</path>
         <kind>archive</kind>
         <file>rtsv7R4_A_be_v3D16_eabi.lib</file>
         <name>strlen.c.obj</name>
      </input_file>
      <input_file id="fl-f6">
         <path>C:\ti\ccs910\ccs\tools\compiler\ti-cgt-arm_18.12.2.LTS\lib\</path>
         <kind>archive</kind>
         <file>rtsv7R4_A_be_v3D16_eabi.lib</file>
         <name>write.c.obj</name>
      </input_file>
      <input_file id="fl-f7">
         <path>C:\ti\ccs910\ccs\tools\compiler\ti-cgt-arm_18.12.2.LTS\lib\</path>
         <kind>archive</kind>
         <file>rtsv7R4_A_be_v3D16_eabi.lib</file>
         <name>host_device.c.obj</name>
      </input_file>
      <input_file id="fl-f8">
         <path>C:\ti\ccs910\ccs\tools\compiler\ti-cgt-arm_18.12.2.LTS\lib\</path>
         <kind>archive</kind>
         <file>rtsv7R4_A_be_v3D16_eabi.lib</file>
         <name>errno.c.obj</name>
      </input_file>
      <input_file id="fl-f9">
         <path>C:\ti\ccs910\ccs\tools\compiler\ti-cgt-arm_18.12.2.LTS\lib\</path>
         <kind>archive</kind>
         <file>rtsv7R4_A_be_v3D16_eabi.lib</file>
         <name>fflush.c.obj</name>
      </input_file>
      <input_file id="fl-fa">
         <path>C:\ti\ccs910\ccs\tools\compiler\ti-cgt-arm_18.12.2.LTS\lib\</path>
         <kind>archive</kind>
         <file>rtsv7R4_A_be_v3D16_eabi.lib</file>
         <name>fopen.c.obj</name>
      </input_file>
      <input_file id="fl-fb">
         <path>C:\ti\ccs910\ccs\tools\compiler\ti-cgt-arm_18.12.2.LTS\lib\</path>
         <kind>archive</kind>
         <file>rtsv7R4_A_be_v3D16_eabi.lib</file>
         <name>fseek.c.obj</name>
      </input_file>
      <input_file id="fl-fc">
         <path>C:\ti\ccs910\ccs\tools\compiler\ti-cgt-arm_18.12.2.LTS\lib\</path>
         <kind>archive</kind>
         <file>rtsv7R4_A_be_v3D16_eabi.lib</file>
         <name>s_copysign.c.obj</name>
      </input_file>
      <input_file id="fl-fd">
         <path>C:\ti\ccs910\ccs\tools\compiler\ti-cgt-arm_18.12.2.LTS\lib\</path>
         <kind>archive</kind>
         <file>rtsv7R4_A_be_v3D16_eabi.lib</file>
         <name>div0.asm.obj</name>
      </input_file>
      <input_file id="fl-fe">
         <path>C:\ti\ccs910\ccs\tools\compiler\ti-cgt-arm_18.12.2.LTS\lib\</path>
         <kind>archive</kind>
         <file>rtsv7R4_A_be_v3D16_eabi.lib</file>
         <name>i_div32.asm.obj</name>
      </input_file>
      <input_file id="fl-ff">
         <path>C:\ti\ccs910\ccs\tools\compiler\ti-cgt-arm_18.12.2.LTS\lib\</path>
         <kind>archive</kind>
         <file>rtsv7R4_A_be_v3D16_eabi.lib</file>
         <name>hostclose.c.obj</name>
      </input_file>
      <input_file id="fl-100">
         <path>C:\ti\ccs910\ccs\tools\compiler\ti-cgt-arm_18.12.2.LTS\lib\</path>
         <kind>archive</kind>
         <file>rtsv7R4_A_be_v3D16_eabi.lib</file>
         <name>hostlseek.c.obj</name>
      </input_file>
      <input_file id="fl-101">
         <path>C:\ti\ccs910\ccs\tools\compiler\ti-cgt-arm_18.12.2.LTS\lib\</path>
         <kind>archive</kind>
         <file>rtsv7R4_A_be_v3D16_eabi.lib</file>
         <name>hostopen.c.obj</name>
      </input_file>
      <input_file id="fl-102">
         <path>C:\ti\ccs910\ccs\tools\compiler\ti-cgt-arm_18.12.2.LTS\lib\</path>
         <kind>archive</kind>
         <file>rtsv7R4_A_be_v3D16_eabi.lib</file>
         <name>hostread.c.obj</name>
      </input_file>
      <input_file id="fl-103">
         <path>C:\ti\ccs910\ccs\tools\compiler\ti-cgt-arm_18.12.2.LTS\lib\</path>
         <kind>archive</kind>
         <file>rtsv7R4_A_be_v3D16_eabi.lib</file>
         <name>hostrename.c.obj</name>
      </input_file>
      <input_file id="fl-104">
         <path>C:\ti\ccs910\ccs\tools\compiler\ti-cgt-arm_18.12.2.LTS\lib\</path>
         <kind>archive</kind>
         <file>rtsv7R4_A_be_v3D16_eabi.lib</file>
         <name>hostunlink.c.obj</name>
      </input_file>
      <input_file id="fl-105">
         <path>C:\ti\ccs910\ccs\tools\compiler\ti-cgt-arm_18.12.2.LTS\lib\</path>
         <kind>archive</kind>
         <file>rtsv7R4_A_be_v3D16_eabi.lib</file>
         <name>hostwrite.c.obj</name>
      </input_file>
      <input_file id="fl-106">
         <path>C:\ti\ccs910\ccs\tools\compiler\ti-cgt-arm_18.12.2.LTS\lib\</path>
         <kind>archive</kind>
         <file>rtsv7R4_A_be_v3D16_eabi.lib</file>
         <name>trgmsg.c.obj</name>
      </input_file>
      <input_file id="fl-107">
         <path>C:\ti\ccs910\ccs\tools\compiler\ti-cgt-arm_18.12.2.LTS\lib\</path>
         <kind>archive</kind>
         <file>rtsv7R4_A_be_v3D16_eabi.lib</file>
         <name>open.c.obj</name>
      </input_file>
      <input_file id="fl-108">
         <path>C:\ti\ccs910\ccs\tools\compiler\ti-cgt-arm_18.12.2.LTS\lib\</path>
         <kind>archive</kind>
         <file>rtsv7R4_A_be_v3D16_eabi.lib</file>
         <name>lseek.c.obj</name>
      </input_file>
      <input_file id="fl-109">
         <path>C:\ti\ccs910\ccs\tools\compiler\ti-cgt-arm_18.12.2.LTS\lib\</path>
         <kind>archive</kind>
         <file>rtsv7R4_A_be_v3D16_eabi.lib</file>
         <name>fclose.c.obj</name>
      </input_file>
      <input_file id="fl-10a">
         <path>C:\ti\ccs910\ccs\tools\compiler\ti-cgt-arm_18.12.2.LTS\lib\</path>
         <kind>archive</kind>
         <file>rtsv7R4_A_be_v3D16_eabi.lib</file>
         <name>getdevice.c.obj</name>
      </input_file>
      <input_file id="fl-10b">
         <path>C:\ti\ccs910\ccs\tools\compiler\ti-cgt-arm_18.12.2.LTS\lib\</path>
         <kind>archive</kind>
         <file>rtsv7R4_A_be_v3D16_eabi.lib</file>
         <name>strcmp.c.obj</name>
      </input_file>
      <input_file id="fl-10c">
         <path>C:\ti\ccs910\ccs\tools\compiler\ti-cgt-arm_18.12.2.LTS\lib\</path>
         <kind>archive</kind>
         <file>rtsv7R4_A_be_v3D16_eabi.lib</file>
         <name>strcpy.c.obj</name>
      </input_file>
      <input_file id="fl-10d">
         <path>C:\ti\ccs910\ccs\tools\compiler\ti-cgt-arm_18.12.2.LTS\lib\</path>
         <kind>archive</kind>
         <file>rtsv7R4_A_be_v3D16_eabi.lib</file>
         <name>strncpy.c.obj</name>
      </input_file>
      <input_file id="fl-10e">
         <path>C:\ti\ccs910\ccs\tools\compiler\ti-cgt-arm_18.12.2.LTS\lib\</path>
         <kind>archive</kind>
         <file>rtsv7R4_A_be_v3D16_eabi.lib</file>
         <name>remove.c.obj</name>
      </input_file>
      <input_file id="fl-10f">
         <path>C:\ti\ccs910\ccs\tools\compiler\ti-cgt-arm_18.12.2.LTS\lib\</path>
         <kind>archive</kind>
         <file>rtsv7R4_A_be_v3D16_eabi.lib</file>
         <name>close.c.obj</name>
      </input_file>
      <input_file id="fl-110">
         <path>C:\ti\ccs910\ccs\tools\compiler\ti-cgt-arm_18.12.2.LTS\lib\</path>
         <kind>archive</kind>
         <file>rtsv7R4_A_be_v3D16_eabi.lib</file>
         <name>unlink.c.obj</name>
      </input_file>
   </input_file_list>
   <object_component_list>
      <object_component id="oc-2a">
         <name>.intvecs</name>
         <load_address>0x0</load_address>
         <run_address>0x0</run_address>
         <size>0x20</size>
         <input_file_ref idref="fl-c"/>
      </object_component>
      <object_component id="oc-150">
         <name>.kernelTEXT</name>
         <load_address>0x20</load_address>
         <run_address>0x20</run_address>
         <size>0x2bdc</size>
         <input_file_ref idref="fl-1e"/>
      </object_component>
      <object_component id="oc-a3">
         <name>.kernelTEXT</name>
         <load_address>0x2bfc</load_address>
         <run_address>0x2bfc</run_address>
         <size>0x4b0</size>
         <input_file_ref idref="fl-1c"/>
      </object_component>
      <object_component id="oc-21c">
         <name>.kernelTEXT</name>
         <load_address>0x30ac</load_address>
         <run_address>0x30ac</run_address>
         <size>0x3dc</size>
         <input_file_ref idref="fl-1b"/>
      </object_component>
      <object_component id="oc-210">
         <name>.kernelTEXT</name>
         <load_address>0x3488</load_address>
         <run_address>0x3488</run_address>
         <size>0x380</size>
         <input_file_ref idref="fl-18"/>
      </object_component>
      <object_component id="oc-57f">
         <name>.cinit..data.load</name>
         <load_address>0x4020</load_address>
         <run_address>0x4020</run_address>
         <size>0x6b</size>
      </object_component>
      <object_component id="oc-57a">
         <name>__TI_handler_table</name>
         <load_address>0x408c</load_address>
         <run_address>0x408c</run_address>
         <size>0xc</size>
      </object_component>
      <object_component id="oc-57c">
         <name>.cinit..kernelBSS.load</name>
         <load_address>0x4098</load_address>
         <run_address>0x4098</run_address>
         <size>0x9</size>
      </object_component>
      <object_component id="oc-57e">
         <name>.cinit..bss.load</name>
         <load_address>0x40a8</load_address>
         <run_address>0x40a8</run_address>
         <size>0x8</size>
      </object_component>
      <object_component id="oc-57d">
         <name>.cinit..kernelHEAP.load</name>
         <load_address>0x40b0</load_address>
         <run_address>0x40b0</run_address>
         <size>0x8</size>
      </object_component>
      <object_component id="oc-57b">
         <name>__TI_cinit_table</name>
         <load_address>0x40b8</load_address>
         <run_address>0x40b8</run_address>
         <size>0x20</size>
      </object_component>
      <object_component id="oc-1e1">
         <name>.text:__TI_printfi</name>
         <load_address>0x8020</load_address>
         <run_address>0x8020</run_address>
         <size>0xfac</size>
         <input_file_ref idref="fl-da"/>
      </object_component>
      <object_component id="oc-12c">
         <name>.text</name>
         <load_address>0x8fcc</load_address>
         <run_address>0x8fcc</run_address>
         <size>0xb00</size>
         <input_file_ref idref="fl-2"/>
      </object_component>
      <object_component id="oc-de">
         <name>.text</name>
         <load_address>0x9acc</load_address>
         <run_address>0x9acc</run_address>
         <size>0x9c4</size>
         <input_file_ref idref="fl-9"/>
      </object_component>
      <object_component id="oc-6c">
         <name>.text</name>
         <load_address>0xa490</load_address>
         <run_address>0xa490</run_address>
         <size>0x998</size>
         <input_file_ref idref="fl-15"/>
      </object_component>
      <object_component id="oc-36">
         <name>.text</name>
         <load_address>0xae28</load_address>
         <run_address>0xae28</run_address>
         <size>0x93c</size>
         <input_file_ref idref="fl-14"/>
      </object_component>
      <object_component id="oc-84">
         <name>.text</name>
         <load_address>0xb764</load_address>
         <run_address>0xb764</run_address>
         <size>0x78c</size>
         <input_file_ref idref="fl-6"/>
      </object_component>
      <object_component id="oc-72">
         <name>.text</name>
         <load_address>0xbef0</load_address>
         <run_address>0xbef0</run_address>
         <size>0x664</size>
         <input_file_ref idref="fl-5"/>
      </object_component>
      <object_component id="oc-67">
         <name>.text</name>
         <load_address>0xc554</load_address>
         <run_address>0xc554</run_address>
         <size>0x3c4</size>
         <input_file_ref idref="fl-a"/>
      </object_component>
      <object_component id="oc-8a">
         <name>.text</name>
         <load_address>0xc918</load_address>
         <run_address>0xc918</run_address>
         <size>0x36c</size>
         <input_file_ref idref="fl-e"/>
      </object_component>
      <object_component id="oc-35">
         <name>.text:retain</name>
         <load_address>0xcc84</load_address>
         <run_address>0xcc84</run_address>
         <size>0x33c</size>
         <input_file_ref idref="fl-14"/>
      </object_component>
      <object_component id="oc-280">
         <name>.text:_pconv_a</name>
         <load_address>0xcfc0</load_address>
         <run_address>0xcfc0</run_address>
         <size>0x2dc</size>
         <input_file_ref idref="fl-da"/>
      </object_component>
      <object_component id="oc-325">
         <name>.text</name>
         <load_address>0xd29c</load_address>
         <run_address>0xd29c</run_address>
         <size>0x2b8</size>
         <input_file_ref idref="fl-e2"/>
      </object_component>
      <object_component id="oc-2d5">
         <name>.text</name>
         <load_address>0xd554</load_address>
         <run_address>0xd554</run_address>
         <size>0x278</size>
         <input_file_ref idref="fl-18"/>
      </object_component>
      <object_component id="oc-26e">
         <name>.text:_pconv_g</name>
         <load_address>0xd7cc</load_address>
         <run_address>0xd7cc</run_address>
         <size>0x248</size>
         <input_file_ref idref="fl-da"/>
      </object_component>
      <object_component id="oc-216">
         <name>.text</name>
         <load_address>0xda14</load_address>
         <run_address>0xda14</run_address>
         <size>0x238</size>
         <input_file_ref idref="fl-19"/>
      </object_component>
      <object_component id="oc-2ae">
         <name>.text:fputs</name>
         <load_address>0xdc4c</load_address>
         <run_address>0xdc4c</run_address>
         <size>0x1a4</size>
         <input_file_ref idref="fl-dc"/>
      </object_component>
      <object_component id="oc-47f">
         <name>.text:aligned_alloc</name>
         <load_address>0xddf0</load_address>
         <run_address>0xddf0</run_address>
         <size>0x180</size>
         <input_file_ref idref="fl-f3"/>
      </object_component>
      <object_component id="oc-4f">
         <name>.text</name>
         <load_address>0xdf70</load_address>
         <run_address>0xdf70</run_address>
         <size>0x180</size>
         <input_file_ref idref="fl-e3"/>
      </object_component>
      <object_component id="oc-43d">
         <name>.text:free</name>
         <load_address>0xe0f0</load_address>
         <run_address>0xe0f0</run_address>
         <size>0x178</size>
         <input_file_ref idref="fl-f3"/>
      </object_component>
      <object_component id="oc-21">
         <name>.text:retain</name>
         <load_address>0xe268</load_address>
         <run_address>0xe268</run_address>
         <size>0x178</size>
         <input_file_ref idref="fl-6"/>
      </object_component>
      <object_component id="oc-222">
         <name>.text</name>
         <load_address>0xe3e0</load_address>
         <run_address>0xe3e0</run_address>
         <size>0x164</size>
         <input_file_ref idref="fl-1e"/>
      </object_component>
      <object_component id="oc-27a">
         <name>.text:_pconv_e</name>
         <load_address>0xe544</load_address>
         <run_address>0xe544</run_address>
         <size>0x15c</size>
         <input_file_ref idref="fl-da"/>
      </object_component>
      <object_component id="oc-400">
         <name>.text:setvbuf</name>
         <load_address>0xe6a0</load_address>
         <run_address>0xe6a0</run_address>
         <size>0x158</size>
         <input_file_ref idref="fl-de"/>
      </object_component>
      <object_component id="oc-343">
         <name>.text:fcvt</name>
         <load_address>0xe7f8</load_address>
         <run_address>0xe7f8</run_address>
         <size>0x144</size>
         <input_file_ref idref="fl-da"/>
      </object_component>
      <object_component id="oc-2ea">
         <name>.text</name>
         <load_address>0xe93c</load_address>
         <run_address>0xe93c</run_address>
         <size>0x13c</size>
         <input_file_ref idref="fl-1b"/>
      </object_component>
      <object_component id="oc-357">
         <name>.text:scalbn</name>
         <load_address>0xea78</load_address>
         <run_address>0xea78</run_address>
         <size>0x120</size>
         <input_file_ref idref="fl-e1"/>
      </object_component>
      <object_component id="oc-268">
         <name>.text:_ltostr</name>
         <load_address>0xeb98</load_address>
         <run_address>0xeb98</run_address>
         <size>0x115</size>
         <input_file_ref idref="fl-da"/>
      </object_component>
      <object_component id="oc-90">
         <name>.text</name>
         <load_address>0xecb0</load_address>
         <run_address>0xecb0</run_address>
         <size>0x10c</size>
         <input_file_ref idref="fl-d"/>
      </object_component>
      <object_component id="oc-2b5">
         <name>.text:fputc</name>
         <load_address>0xedbc</load_address>
         <run_address>0xedbc</run_address>
         <size>0x100</size>
         <input_file_ref idref="fl-db"/>
      </object_component>
      <object_component id="oc-1b">
         <name>.text:retain</name>
         <load_address>0xeebc</load_address>
         <run_address>0xeebc</run_address>
         <size>0xd8</size>
         <input_file_ref idref="fl-13"/>
      </object_component>
      <object_component id="oc-33c">
         <name>.text:_mcpy</name>
         <load_address>0xef94</load_address>
         <run_address>0xef94</run_address>
         <size>0xc8</size>
         <input_file_ref idref="fl-da"/>
      </object_component>
      <object_component id="oc-486">
         <name>.text:__TI_closefile</name>
         <load_address>0xf05c</load_address>
         <run_address>0xf05c</run_address>
         <size>0xb8</size>
         <input_file_ref idref="fl-109"/>
      </object_component>
      <object_component id="oc-4c7">
         <name>.text:split</name>
         <load_address>0xf114</load_address>
         <run_address>0xf114</run_address>
         <size>0xb8</size>
         <input_file_ref idref="fl-f3"/>
      </object_component>
      <object_component id="oc-d7">
         <name>.text</name>
         <load_address>0xf1cc</load_address>
         <run_address>0xf1cc</run_address>
         <size>0xb0</size>
         <input_file_ref idref="fl-e4"/>
      </object_component>
      <object_component id="oc-4aa">
         <name>.text:HOSTlseek</name>
         <load_address>0xf27c</load_address>
         <run_address>0xf27c</run_address>
         <size>0xac</size>
         <input_file_ref idref="fl-100"/>
      </object_component>
      <object_component id="oc-3fa">
         <name>.text:fseek</name>
         <load_address>0xf328</load_address>
         <run_address>0xf328</run_address>
         <size>0xa8</size>
         <input_file_ref idref="fl-fb"/>
      </object_component>
      <object_component id="oc-4b6">
         <name>.text:HOSTrename</name>
         <load_address>0xf3d0</load_address>
         <run_address>0xf3d0</run_address>
         <size>0xa4</size>
         <input_file_ref idref="fl-103"/>
      </object_component>
      <object_component id="oc-386">
         <name>.text:__TI_wrt_ok</name>
         <load_address>0xf474</load_address>
         <run_address>0xf474</run_address>
         <size>0xa0</size>
         <input_file_ref idref="fl-dd"/>
      </object_component>
      <object_component id="oc-7e">
         <name>.text</name>
         <load_address>0xf514</load_address>
         <run_address>0xf514</run_address>
         <size>0x9c</size>
         <input_file_ref idref="fl-8"/>
      </object_component>
      <object_component id="oc-132">
         <name>.text:fprintf</name>
         <load_address>0xf5b0</load_address>
         <run_address>0xf5b0</run_address>
         <size>0x9c</size>
         <input_file_ref idref="fl-d9"/>
      </object_component>
      <object_component id="oc-492">
         <name>.text:HOSTopen</name>
         <load_address>0xf64c</load_address>
         <run_address>0xf64c</run_address>
         <size>0x98</size>
         <input_file_ref idref="fl-101"/>
      </object_component>
      <object_component id="oc-336">
         <name>.text:_ecpy</name>
         <load_address>0xf6e4</load_address>
         <run_address>0xf6e4</run_address>
         <size>0x98</size>
         <input_file_ref idref="fl-da"/>
      </object_component>
      <object_component id="oc-4ce">
         <name>.text:close</name>
         <load_address>0xf77c</load_address>
         <run_address>0xf77c</run_address>
         <size>0x98</size>
         <input_file_ref idref="fl-10f"/>
      </object_component>
      <object_component id="oc-49e">
         <name>.text:HOSTread</name>
         <load_address>0xf814</load_address>
         <run_address>0xf814</run_address>
         <size>0x90</size>
         <input_file_ref idref="fl-102"/>
      </object_component>
      <object_component id="oc-4a4">
         <name>.text:HOSTwrite</name>
         <load_address>0xf8a4</load_address>
         <run_address>0xf8a4</run_address>
         <size>0x90</size>
         <input_file_ref idref="fl-105"/>
      </object_component>
      <object_component id="oc-e">
         <name>.text:decompress:lzss:__TI_decompress_lzss</name>
         <load_address>0xf934</load_address>
         <run_address>0xf934</run_address>
         <size>0x90</size>
         <input_file_ref idref="fl-ea"/>
      </object_component>
      <object_component id="oc-351">
         <name>.text:frexp</name>
         <load_address>0xf9c4</load_address>
         <run_address>0xf9c4</run_address>
         <size>0x8c</size>
         <input_file_ref idref="fl-e0"/>
      </object_component>
      <object_component id="oc-392">
         <name>.text:__TI_doflush</name>
         <load_address>0xfa50</load_address>
         <run_address>0xfa50</run_address>
         <size>0x84</size>
         <input_file_ref idref="fl-f9"/>
      </object_component>
      <object_component id="oc-262">
         <name>.text:atoi</name>
         <load_address>0xfad4</load_address>
         <run_address>0xfad4</run_address>
         <size>0x84</size>
         <input_file_ref idref="fl-ed"/>
      </object_component>
      <object_component id="oc-330">
         <name>.text:ltoa</name>
         <load_address>0xfb58</load_address>
         <run_address>0xfb58</run_address>
         <size>0x80</size>
         <input_file_ref idref="fl-f0"/>
      </object_component>
      <object_component id="oc-145">
         <name>.text:exit</name>
         <load_address>0xfbd8</load_address>
         <run_address>0xfbd8</run_address>
         <size>0x7c</size>
         <input_file_ref idref="fl-eb"/>
      </object_component>
      <object_component id="oc-498">
         <name>.text:HOSTclose</name>
         <load_address>0xfc54</load_address>
         <run_address>0xfc54</run_address>
         <size>0x74</size>
         <input_file_ref idref="fl-ff"/>
      </object_component>
      <object_component id="oc-274">
         <name>.text:_pconv_f</name>
         <load_address>0xfcc8</load_address>
         <run_address>0xfcc8</run_address>
         <size>0x74</size>
         <input_file_ref idref="fl-da"/>
      </object_component>
      <object_component id="oc-4b0">
         <name>.text:HOSTunlink</name>
         <load_address>0xfd3c</load_address>
         <run_address>0xfd3c</run_address>
         <size>0x70</size>
         <input_file_ref idref="fl-104"/>
      </object_component>
      <object_component id="oc-506">
         <name>.text:getdevice</name>
         <load_address>0xfdac</load_address>
         <run_address>0xfdac</run_address>
         <size>0x6c</size>
         <input_file_ref idref="fl-10a"/>
      </object_component>
      <object_component id="oc-fc">
         <name>.text:__TI_auto_init_nobinit_nopinit:__TI_auto_init_nobinit_nopinit</name>
         <load_address>0xfe18</load_address>
         <run_address>0xfe18</run_address>
         <size>0x68</size>
         <input_file_ref idref="fl-e6"/>
      </object_component>
      <object_component id="oc-349">
         <name>.text:_fcpy</name>
         <load_address>0xfe80</load_address>
         <run_address>0xfe80</run_address>
         <size>0x64</size>
         <input_file_ref idref="fl-da"/>
      </object_component>
      <object_component id="oc-449">
         <name>.text:__TI_cleanup</name>
         <load_address>0xfee4</load_address>
         <run_address>0xfee4</run_address>
         <size>0x54</size>
         <input_file_ref idref="fl-fa"/>
      </object_component>
      <object_component id="oc-4e5">
         <name>.text:__TI_readmsg</name>
         <load_address>0xff38</load_address>
         <run_address>0xff38</run_address>
         <size>0x54</size>
         <input_file_ref idref="fl-106"/>
      </object_component>
      <object_component id="oc-4df">
         <name>.text:__TI_writemsg</name>
         <load_address>0xff8c</load_address>
         <run_address>0xff8c</run_address>
         <size>0x54</size>
         <input_file_ref idref="fl-106"/>
      </object_component>
      <object_component id="oc-52e">
         <name>.text:finddevice</name>
         <load_address>0xffe0</load_address>
         <run_address>0xffe0</run_address>
         <size>0x54</size>
         <input_file_ref idref="fl-10a"/>
      </object_component>
      <object_component id="oc-3cc">
         <name>.text</name>
         <load_address>0x10034</load_address>
         <run_address>0x10034</run_address>
         <size>0x54</size>
         <input_file_ref idref="fl-fe"/>
      </object_component>
      <object_component id="oc-32a">
         <name>.text</name>
         <load_address>0x10088</load_address>
         <run_address>0x10088</run_address>
         <size>0x50</size>
         <input_file_ref idref="fl-e5"/>
      </object_component>
      <object_component id="oc-528">
         <name>.text:strncpy</name>
         <load_address>0x100d8</load_address>
         <run_address>0x100d8</run_address>
         <size>0x48</size>
         <input_file_ref idref="fl-10d"/>
      </object_component>
      <object_component id="oc-4d4">
         <name>.text:unlink</name>
         <load_address>0x10120</load_address>
         <run_address>0x10120</run_address>
         <size>0x48</size>
         <input_file_ref idref="fl-110"/>
      </object_component>
      <object_component id="oc-435">
         <name>.text:lseek</name>
         <load_address>0x10168</load_address>
         <run_address>0x10168</run_address>
         <size>0x44</size>
         <input_file_ref idref="fl-108"/>
      </object_component>
      <object_component id="oc-398">
         <name>.text:write</name>
         <load_address>0x101ac</load_address>
         <run_address>0x101ac</run_address>
         <size>0x44</size>
         <input_file_ref idref="fl-f6"/>
      </object_component>
      <object_component id="oc-478">
         <name>.text:free_list_insert</name>
         <load_address>0x101f0</load_address>
         <run_address>0x101f0</run_address>
         <size>0x40</size>
         <input_file_ref idref="fl-f3"/>
      </object_component>
      <object_component id="oc-472">
         <name>.text:free_list_remove</name>
         <load_address>0x10230</load_address>
         <run_address>0x10230</run_address>
         <size>0x30</size>
         <input_file_ref idref="fl-f3"/>
      </object_component>
      <object_component id="oc-286">
         <name>.text:memccpy</name>
         <load_address>0x10260</load_address>
         <run_address>0x10260</run_address>
         <size>0x2c</size>
         <input_file_ref idref="fl-f1"/>
      </object_component>
      <object_component id="oc-38c">
         <name>.text:memchr</name>
         <load_address>0x1028c</load_address>
         <run_address>0x1028c</run_address>
         <size>0x2c</size>
         <input_file_ref idref="fl-f2"/>
      </object_component>
      <object_component id="oc-35d">
         <name>.text:strchr</name>
         <load_address>0x102b8</load_address>
         <run_address>0x102b8</run_address>
         <size>0x28</size>
         <input_file_ref idref="fl-f4"/>
      </object_component>
      <object_component id="oc-545">
         <name>.text:strcmp</name>
         <load_address>0x102e0</load_address>
         <run_address>0x102e0</run_address>
         <size>0x28</size>
         <input_file_ref idref="fl-10b"/>
      </object_component>
      <object_component id="oc-28c">
         <name>.text:wcslen</name>
         <load_address>0x10308</load_address>
         <run_address>0x10308</run_address>
         <size>0x24</size>
         <input_file_ref idref="fl-df"/>
      </object_component>
      <object_component id="oc-22b">
         <name>.text:strlen</name>
         <load_address>0x1032c</load_address>
         <run_address>0x1032c</run_address>
         <size>0x20</size>
         <input_file_ref idref="fl-f5"/>
      </object_component>
      <object_component id="oc-3de">
         <name>.text:copysign</name>
         <load_address>0x1034c</load_address>
         <run_address>0x1034c</run_address>
         <size>0x1c</size>
         <input_file_ref idref="fl-fc"/>
      </object_component>
      <object_component id="oc-4f9">
         <name>.text:strcpy</name>
         <load_address>0x10368</load_address>
         <run_address>0x10368</run_address>
         <size>0x18</size>
         <input_file_ref idref="fl-10c"/>
      </object_component>
      <object_component id="oc-14">
         <name>.text:decompress:none:__TI_decompress_none</name>
         <load_address>0x10380</load_address>
         <run_address>0x10380</run_address>
         <size>0x14</size>
         <input_file_ref idref="fl-e9"/>
      </object_component>
      <object_component id="oc-61">
         <name>.text:decompress:ZI:__TI_zero_init</name>
         <load_address>0x10394</load_address>
         <run_address>0x10394</run_address>
         <size>0x10</size>
         <input_file_ref idref="fl-e8"/>
      </object_component>
      <object_component id="oc-292">
         <name>.text:__aeabi_errno_addr</name>
         <load_address>0x103a4</load_address>
         <run_address>0x103a4</run_address>
         <size>0xc</size>
         <input_file_ref idref="fl-f8"/>
      </object_component>
      <object_component id="oc-443">
         <name>.text:malloc</name>
         <load_address>0x103b0</load_address>
         <run_address>0x103b0</run_address>
         <size>0xc</size>
         <input_file_ref idref="fl-f3"/>
      </object_component>
      <object_component id="oc-13f">
         <name>.text:abort:abort</name>
         <load_address>0x103bc</load_address>
         <run_address>0x103bc</run_address>
         <size>0x8</size>
         <input_file_ref idref="fl-eb"/>
      </object_component>
      <object_component id="oc-78">
         <name>.text</name>
         <load_address>0x103c4</load_address>
         <run_address>0x103c4</run_address>
         <size>0x4</size>
         <input_file_ref idref="fl-13"/>
      </object_component>
      <object_component id="oc-2a4">
         <name>.text:_nop</name>
         <load_address>0x103c8</load_address>
         <run_address>0x103c8</run_address>
         <size>0x4</size>
         <input_file_ref idref="fl-ec"/>
      </object_component>
      <object_component id="oc-1f0">
         <name>.text:_outc</name>
         <load_address>0x103cc</load_address>
         <run_address>0x103cc</run_address>
         <size>0x4</size>
         <input_file_ref idref="fl-d9"/>
      </object_component>
      <object_component id="oc-1ea">
         <name>.text:_outs</name>
         <load_address>0x103d0</load_address>
         <run_address>0x103d0</run_address>
         <size>0x4</size>
         <input_file_ref idref="fl-d9"/>
      </object_component>
      <object_component id="oc-2f">
         <name>.text:retain</name>
         <load_address>0x103d4</load_address>
         <run_address>0x103d4</run_address>
         <size>0x4</size>
         <input_file_ref idref="fl-10"/>
      </object_component>
      <object_component id="oc-3c6">
         <name>.text</name>
         <load_address>0x103d8</load_address>
         <run_address>0x103d8</run_address>
         <size>0x4</size>
         <input_file_ref idref="fl-fd"/>
      </object_component>
      <object_component id="oc-27">
         <name>.const:s_vim_init</name>
         <load_address>0x103e0</load_address>
         <run_address>0x103e0</run_address>
         <size>0x200</size>
         <input_file_ref idref="fl-14"/>
      </object_component>
      <object_component id="oc-320">
         <name>.const:.string:_ctypes_</name>
         <load_address>0x105e0</load_address>
         <run_address>0x105e0</run_address>
         <size>0x101</size>
         <input_file_ref idref="fl-ee"/>
      </object_component>
      <object_component id="oc-1d8">
         <name>.const:s_canByteOrder</name>
         <load_address>0x106e4</load_address>
         <run_address>0x106e4</run_address>
         <size>0x20</size>
         <input_file_ref idref="fl-2"/>
      </object_component>
      <object_component id="oc-156">
         <name>.kernelBSS:init</name>
         <load_address>0x80008d0</load_address>
         <run_address>0x80008d0</run_address>
         <size>0x34</size>
         <input_file_ref idref="fl-1e"/>
      </object_component>
      <object_component id="oc-228">
         <name>.kernelBSS:uninit</name>
         <load_address>0x8000800</load_address>
         <run_address>0x8000800</run_address>
         <size>0xd0</size>
         <input_file_ref idref="fl-1e"/>
      </object_component>
      <object_component id="oc-3a2">
         <name>.kernelHEAP</name>
         <uninitialized>true</uninitialized>
         <run_address>0x8001000</run_address>
         <size>0x2000</size>
         <input_file_ref idref="fl-18"/>
      </object_component>
      <object_component id="oc-2de">
         <name>.bss:xStart</name>
         <uninitialized>true</uninitialized>
         <run_address>0x80033c8</run_address>
         <size>0x8</size>
         <input_file_ref idref="fl-18"/>
      </object_component>
      <object_component id="oc-510">
         <name>.bss:_CIOBUF_</name>
         <uninitialized>true</uninitialized>
         <run_address>0x8003208</run_address>
         <size>0x120</size>
         <input_file_ref idref="fl-106"/>
      </object_component>
      <object_component id="oc-4da">
         <name>.common:__TI_tmpnams</name>
         <uninitialized>true</uninitialized>
         <run_address>0x8003328</run_address>
         <size>0xa0</size>
      </object_component>
      <object_component id="oc-4eb">
         <name>.common:parmbuf</name>
         <uninitialized>true</uninitialized>
         <run_address>0x80033d0</run_address>
         <size>0x8</size>
      </object_component>
      <object_component id="oc-13b">
         <name>.data:rx_data</name>
         <load_address>0x80031fc</load_address>
         <run_address>0x80031fc</run_address>
         <size>0x7</size>
         <input_file_ref idref="fl-d"/>
      </object_component>
      <object_component id="oc-2db">
         <name>.data</name>
         <load_address>0x80031b8</load_address>
         <run_address>0x80031b8</run_address>
         <size>0x10</size>
         <input_file_ref idref="fl-18"/>
      </object_component>
      <object_component id="oc-159">
         <name>.data</name>
         <load_address>0x80031f4</load_address>
         <run_address>0x80031f4</run_address>
         <size>0x8</size>
         <input_file_ref idref="fl-1b"/>
      </object_component>
      <object_component id="oc-205">
         <name>.data:$O1$$</name>
         <load_address>0x80031d8</load_address>
         <run_address>0x80031d8</run_address>
         <size>0xc</size>
         <input_file_ref idref="fl-eb"/>
      </object_component>
      <object_component id="oc-1e7">
         <name>.data:$O1$$</name>
         <load_address>0x80031e4</load_address>
         <run_address>0x80031e4</run_address>
         <size>0x8</size>
         <input_file_ref idref="fl-ec"/>
      </object_component>
      <object_component id="oc-138">
         <name>.data:_ftable</name>
         <load_address>0x8003000</load_address>
         <run_address>0x8003000</run_address>
         <size>0xf0</size>
         <input_file_ref idref="fl-ef"/>
      </object_component>
      <object_component id="oc-48c">
         <name>.data</name>
         <load_address>0x80031c8</load_address>
         <run_address>0x80031c8</run_address>
         <size>0x10</size>
         <input_file_ref idref="fl-ef"/>
      </object_component>
      <object_component id="oc-4c2">
         <name>.data:$O1$$</name>
         <load_address>0x80031ec</load_address>
         <run_address>0x80031ec</run_address>
         <size>0x8</size>
         <input_file_ref idref="fl-f3"/>
      </object_component>
      <object_component id="oc-45c">
         <name>.data:_device</name>
         <load_address>0x80030f0</load_address>
         <run_address>0x80030f0</run_address>
         <size>0x78</size>
         <input_file_ref idref="fl-f7"/>
      </object_component>
      <object_component id="oc-40c">
         <name>.data:_stream</name>
         <load_address>0x8003168</load_address>
         <run_address>0x8003168</run_address>
         <size>0x50</size>
         <input_file_ref idref="fl-f7"/>
      </object_component>
      <object_component id="oc-36d">
         <name>.data</name>
         <load_address>0x8003204</load_address>
         <run_address>0x8003204</run_address>
         <size>0x4</size>
         <input_file_ref idref="fl-f8"/>
      </object_component>
      <object_component id="oc-18c">
         <name>.debug_info</name>
         <load_address>0x0</load_address>
         <run_address>0x0</run_address>
         <size>0x332</size>
         <input_file_ref idref="fl-2"/>
      </object_component>
      <object_component id="oc-1d9">
         <name>.debug_info</name>
         <load_address>0x332</load_address>
         <run_address>0x332</run_address>
         <size>0xed</size>
         <input_file_ref idref="fl-2"/>
      </object_component>
      <object_component id="oc-12d">
         <name>.debug_info</name>
         <load_address>0x41f</load_address>
         <run_address>0x41f</run_address>
         <size>0x1436</size>
         <input_file_ref idref="fl-2"/>
      </object_component>
      <object_component id="oc-15f">
         <name>.debug_info</name>
         <load_address>0x1855</load_address>
         <run_address>0x1855</run_address>
         <size>0x26b</size>
         <input_file_ref idref="fl-2"/>
      </object_component>
      <object_component id="oc-9e">
         <name>.debug_info</name>
         <load_address>0x1ac0</load_address>
         <run_address>0x1ac0</run_address>
         <size>0x157</size>
         <input_file_ref idref="fl-2"/>
      </object_component>
      <object_component id="oc-b3">
         <name>.debug_info</name>
         <load_address>0x1c17</load_address>
         <run_address>0x1c17</run_address>
         <size>0x8b</size>
         <input_file_ref idref="fl-2"/>
      </object_component>
      <object_component id="oc-ae">
         <name>.debug_info</name>
         <load_address>0x1ca2</load_address>
         <run_address>0x1ca2</run_address>
         <size>0x18c</size>
         <input_file_ref idref="fl-2"/>
      </object_component>
      <object_component id="oc-20b">
         <name>.debug_info</name>
         <load_address>0x1e2e</load_address>
         <run_address>0x1e2e</run_address>
         <size>0x297</size>
         <input_file_ref idref="fl-2"/>
      </object_component>
      <object_component id="oc-14b">
         <name>.debug_info</name>
         <load_address>0x20c5</load_address>
         <run_address>0x20c5</run_address>
         <size>0xbb</size>
         <input_file_ref idref="fl-2"/>
      </object_component>
      <object_component id="oc-b8">
         <name>.debug_info</name>
         <load_address>0x2180</load_address>
         <run_address>0x2180</run_address>
         <size>0x86</size>
         <input_file_ref idref="fl-2"/>
      </object_component>
      <object_component id="oc-1bd">
         <name>.debug_info</name>
         <load_address>0x2206</load_address>
         <run_address>0x2206</run_address>
         <size>0x49b</size>
         <input_file_ref idref="fl-2"/>
      </object_component>
      <object_component id="oc-1dc">
         <name>.debug_info</name>
         <load_address>0x26a1</load_address>
         <run_address>0x26a1</run_address>
         <size>0x15f</size>
         <input_file_ref idref="fl-2"/>
      </object_component>
      <object_component id="oc-182">
         <name>.debug_info</name>
         <load_address>0x2800</load_address>
         <run_address>0x2800</run_address>
         <size>0x36d</size>
         <input_file_ref idref="fl-2"/>
      </object_component>
      <object_component id="oc-246">
         <name>.debug_info</name>
         <load_address>0x2b6d</load_address>
         <run_address>0x2b6d</run_address>
         <size>0x389</size>
         <input_file_ref idref="fl-3"/>
      </object_component>
      <object_component id="oc-98">
         <name>.debug_info</name>
         <load_address>0x2ef6</load_address>
         <run_address>0x2ef6</run_address>
         <size>0x429</size>
         <input_file_ref idref="fl-3"/>
      </object_component>
      <object_component id="oc-164">
         <name>.debug_info</name>
         <load_address>0x331f</load_address>
         <run_address>0x331f</run_address>
         <size>0x102</size>
         <input_file_ref idref="fl-3"/>
      </object_component>
      <object_component id="oc-1c2">
         <name>.debug_info</name>
         <load_address>0x3421</load_address>
         <run_address>0x3421</run_address>
         <size>0x142</size>
         <input_file_ref idref="fl-3"/>
      </object_component>
      <object_component id="oc-169">
         <name>.debug_info</name>
         <load_address>0x3563</load_address>
         <run_address>0x3563</run_address>
         <size>0x285</size>
         <input_file_ref idref="fl-3"/>
      </object_component>
      <object_component id="oc-16e">
         <name>.debug_info</name>
         <load_address>0x37e8</load_address>
         <run_address>0x37e8</run_address>
         <size>0x44a</size>
         <input_file_ref idref="fl-3"/>
      </object_component>
      <object_component id="oc-173">
         <name>.debug_info</name>
         <load_address>0x3c32</load_address>
         <run_address>0x3c32</run_address>
         <size>0x1f9</size>
         <input_file_ref idref="fl-3"/>
      </object_component>
      <object_component id="oc-178">
         <name>.debug_info</name>
         <load_address>0x3e2b</load_address>
         <run_address>0x3e2b</run_address>
         <size>0x152</size>
         <input_file_ref idref="fl-3"/>
      </object_component>
      <object_component id="oc-17d">
         <name>.debug_info</name>
         <load_address>0x3f7d</load_address>
         <run_address>0x3f7d</run_address>
         <size>0x70a</size>
         <input_file_ref idref="fl-3"/>
      </object_component>
      <object_component id="oc-1b5">
         <name>.debug_info</name>
         <load_address>0x4687</load_address>
         <run_address>0x4687</run_address>
         <size>0x2c3</size>
         <input_file_ref idref="fl-5"/>
      </object_component>
      <object_component id="oc-73">
         <name>.debug_info</name>
         <load_address>0x494a</load_address>
         <run_address>0x494a</run_address>
         <size>0x662</size>
         <input_file_ref idref="fl-5"/>
      </object_component>
      <object_component id="oc-4a">
         <name>.debug_info</name>
         <load_address>0x4fac</load_address>
         <run_address>0x4fac</run_address>
         <size>0x84</size>
         <input_file_ref idref="fl-5"/>
      </object_component>
      <object_component id="oc-e7">
         <name>.debug_info</name>
         <load_address>0x5030</load_address>
         <run_address>0x5030</run_address>
         <size>0x9e7</size>
         <input_file_ref idref="fl-5"/>
      </object_component>
      <object_component id="oc-fa">
         <name>.debug_info</name>
         <load_address>0x5a17</load_address>
         <run_address>0x5a17</run_address>
         <size>0x355</size>
         <input_file_ref idref="fl-6"/>
      </object_component>
      <object_component id="oc-85">
         <name>.debug_info</name>
         <load_address>0x5d6c</load_address>
         <run_address>0x5d6c</run_address>
         <size>0x10ca</size>
         <input_file_ref idref="fl-6"/>
      </object_component>
      <object_component id="oc-22">
         <name>.debug_info</name>
         <load_address>0x6e36</load_address>
         <run_address>0x6e36</run_address>
         <size>0x1b2</size>
         <input_file_ref idref="fl-6"/>
      </object_component>
      <object_component id="oc-f5">
         <name>.debug_info</name>
         <load_address>0x6fe8</load_address>
         <run_address>0x6fe8</run_address>
         <size>0x168</size>
         <input_file_ref idref="fl-6"/>
      </object_component>
      <object_component id="oc-ee">
         <name>.debug_info</name>
         <load_address>0x7150</load_address>
         <run_address>0x7150</run_address>
         <size>0x3a8</size>
         <input_file_ref idref="fl-8"/>
      </object_component>
      <object_component id="oc-7f">
         <name>.debug_info</name>
         <load_address>0x74f8</load_address>
         <run_address>0x74f8</run_address>
         <size>0x820</size>
         <input_file_ref idref="fl-8"/>
      </object_component>
      <object_component id="oc-1b8">
         <name>.debug_info</name>
         <load_address>0x7d18</load_address>
         <run_address>0x7d18</run_address>
         <size>0xadd</size>
         <input_file_ref idref="fl-8"/>
      </object_component>
      <object_component id="oc-ef">
         <name>.debug_info</name>
         <load_address>0x87f5</load_address>
         <run_address>0x87f5</run_address>
         <size>0x6eb</size>
         <input_file_ref idref="fl-8"/>
      </object_component>
      <object_component id="oc-24a">
         <name>.debug_info</name>
         <load_address>0x8ee0</load_address>
         <run_address>0x8ee0</run_address>
         <size>0x2bc</size>
         <input_file_ref idref="fl-9"/>
      </object_component>
      <object_component id="oc-e1">
         <name>.debug_info</name>
         <load_address>0x919c</load_address>
         <run_address>0x919c</run_address>
         <size>0x126</size>
         <input_file_ref idref="fl-9"/>
      </object_component>
      <object_component id="oc-1b0">
         <name>.debug_info</name>
         <load_address>0x92c2</load_address>
         <run_address>0x92c2</run_address>
         <size>0x199</size>
         <input_file_ref idref="fl-9"/>
      </object_component>
      <object_component id="oc-68">
         <name>.debug_info</name>
         <load_address>0x945b</load_address>
         <run_address>0x945b</run_address>
         <size>0x819</size>
         <input_file_ref idref="fl-a"/>
      </object_component>
      <object_component id="oc-2c">
         <name>.debug_info</name>
         <load_address>0x9c74</load_address>
         <run_address>0x9c74</run_address>
         <size>0x10f</size>
         <input_file_ref idref="fl-c"/>
      </object_component>
      <object_component id="oc-203">
         <name>.debug_info</name>
         <load_address>0x9d83</load_address>
         <run_address>0x9d83</run_address>
         <size>0x4c2</size>
         <input_file_ref idref="fl-d"/>
      </object_component>
      <object_component id="oc-13c">
         <name>.debug_info</name>
         <load_address>0xa245</load_address>
         <run_address>0xa245</run_address>
         <size>0xe5</size>
         <input_file_ref idref="fl-d"/>
      </object_component>
      <object_component id="oc-91">
         <name>.debug_info</name>
         <load_address>0xa32a</load_address>
         <run_address>0xa32a</run_address>
         <size>0x1c2</size>
         <input_file_ref idref="fl-d"/>
      </object_component>
      <object_component id="oc-2c7">
         <name>.debug_info</name>
         <load_address>0xa4ec</load_address>
         <run_address>0xa4ec</run_address>
         <size>0xcc</size>
         <input_file_ref idref="fl-d"/>
      </object_component>
      <object_component id="oc-1f8">
         <name>.debug_info</name>
         <load_address>0xa5b8</load_address>
         <run_address>0xa5b8</run_address>
         <size>0x2c</size>
         <input_file_ref idref="fl-d"/>
      </object_component>
      <object_component id="oc-2cc">
         <name>.debug_info</name>
         <load_address>0xa5e4</load_address>
         <run_address>0xa5e4</run_address>
         <size>0x243</size>
         <input_file_ref idref="fl-d"/>
      </object_component>
      <object_component id="oc-8b">
         <name>.debug_info</name>
         <load_address>0xa827</load_address>
         <run_address>0xa827</run_address>
         <size>0x446</size>
         <input_file_ref idref="fl-e"/>
      </object_component>
      <object_component id="oc-249">
         <name>.debug_info</name>
         <load_address>0xac6d</load_address>
         <run_address>0xac6d</run_address>
         <size>0x2fd</size>
         <input_file_ref idref="fl-f"/>
      </object_component>
      <object_component id="oc-1ab">
         <name>.debug_info</name>
         <load_address>0xaf6a</load_address>
         <run_address>0xaf6a</run_address>
         <size>0x457</size>
         <input_file_ref idref="fl-f"/>
      </object_component>
      <object_component id="oc-32">
         <name>.debug_info</name>
         <load_address>0xb3c1</load_address>
         <run_address>0xb3c1</run_address>
         <size>0x147</size>
         <input_file_ref idref="fl-10"/>
      </object_component>
      <object_component id="oc-1c">
         <name>.debug_info</name>
         <load_address>0xb508</load_address>
         <run_address>0xb508</run_address>
         <size>0x2e7</size>
         <input_file_ref idref="fl-13"/>
      </object_component>
      <object_component id="oc-79">
         <name>.debug_info</name>
         <load_address>0xb7ef</load_address>
         <run_address>0xb7ef</run_address>
         <size>0x140</size>
         <input_file_ref idref="fl-13"/>
      </object_component>
      <object_component id="oc-aa">
         <name>.debug_info</name>
         <load_address>0xb92f</load_address>
         <run_address>0xb92f</run_address>
         <size>0x4b4</size>
         <input_file_ref idref="fl-14"/>
      </object_component>
      <object_component id="oc-28">
         <name>.debug_info</name>
         <load_address>0xbde3</load_address>
         <run_address>0xbde3</run_address>
         <size>0xe9</size>
         <input_file_ref idref="fl-14"/>
      </object_component>
      <object_component id="oc-37">
         <name>.debug_info</name>
         <load_address>0xbecc</load_address>
         <run_address>0xbecc</run_address>
         <size>0x499</size>
         <input_file_ref idref="fl-14"/>
      </object_component>
      <object_component id="oc-3c">
         <name>.debug_info</name>
         <load_address>0xc365</load_address>
         <run_address>0xc365</run_address>
         <size>0x204</size>
         <input_file_ref idref="fl-14"/>
      </object_component>
      <object_component id="oc-187">
         <name>.debug_info</name>
         <load_address>0xc569</load_address>
         <run_address>0xc569</run_address>
         <size>0x4f</size>
         <input_file_ref idref="fl-14"/>
      </object_component>
      <object_component id="oc-e5">
         <name>.debug_info</name>
         <load_address>0xc5b8</load_address>
         <run_address>0xc5b8</run_address>
         <size>0x3eb</size>
         <input_file_ref idref="fl-15"/>
      </object_component>
      <object_component id="oc-6d">
         <name>.debug_info</name>
         <load_address>0xc9a3</load_address>
         <run_address>0xc9a3</run_address>
         <size>0x646</size>
         <input_file_ref idref="fl-15"/>
      </object_component>
      <object_component id="oc-2fc">
         <name>.debug_info</name>
         <load_address>0xcfe9</load_address>
         <run_address>0xcfe9</run_address>
         <size>0x1d9</size>
         <input_file_ref idref="fl-16"/>
      </object_component>
      <object_component id="oc-23d">
         <name>.debug_info</name>
         <load_address>0xd1c2</load_address>
         <run_address>0xd1c2</run_address>
         <size>0x30c</size>
         <input_file_ref idref="fl-16"/>
      </object_component>
      <object_component id="oc-309">
         <name>.debug_info</name>
         <load_address>0xd4ce</load_address>
         <run_address>0xd4ce</run_address>
         <size>0x379</size>
         <input_file_ref idref="fl-16"/>
      </object_component>
      <object_component id="oc-232">
         <name>.debug_info</name>
         <load_address>0xd847</load_address>
         <run_address>0xd847</run_address>
         <size>0xe1</size>
         <input_file_ref idref="fl-16"/>
      </object_component>
      <object_component id="oc-3bb">
         <name>.debug_info</name>
         <load_address>0xd928</load_address>
         <run_address>0xd928</run_address>
         <size>0xcc</size>
         <input_file_ref idref="fl-16"/>
      </object_component>
      <object_component id="oc-238">
         <name>.debug_info</name>
         <load_address>0xd9f4</load_address>
         <run_address>0xd9f4</run_address>
         <size>0x2c</size>
         <input_file_ref idref="fl-16"/>
      </object_component>
      <object_component id="oc-2f5">
         <name>.debug_info</name>
         <load_address>0xda20</load_address>
         <run_address>0xda20</run_address>
         <size>0x14c</size>
         <input_file_ref idref="fl-16"/>
      </object_component>
      <object_component id="oc-3b1">
         <name>.debug_info</name>
         <load_address>0xdb6c</load_address>
         <run_address>0xdb6c</run_address>
         <size>0x67e</size>
         <input_file_ref idref="fl-17"/>
      </object_component>
      <object_component id="oc-2e3">
         <name>.debug_info</name>
         <load_address>0xe1ea</load_address>
         <run_address>0xe1ea</run_address>
         <size>0x110</size>
         <input_file_ref idref="fl-17"/>
      </object_component>
      <object_component id="oc-419">
         <name>.debug_info</name>
         <load_address>0xe2fa</load_address>
         <run_address>0xe2fa</run_address>
         <size>0x39</size>
         <input_file_ref idref="fl-17"/>
      </object_component>
      <object_component id="oc-2ff">
         <name>.debug_info</name>
         <load_address>0xe333</load_address>
         <run_address>0xe333</run_address>
         <size>0x46</size>
         <input_file_ref idref="fl-17"/>
      </object_component>
      <object_component id="oc-41e">
         <name>.debug_info</name>
         <load_address>0xe379</load_address>
         <run_address>0xe379</run_address>
         <size>0x62</size>
         <input_file_ref idref="fl-17"/>
      </object_component>
      <object_component id="oc-2e2">
         <name>.debug_info</name>
         <load_address>0xe3db</load_address>
         <run_address>0xe3db</run_address>
         <size>0x426</size>
         <input_file_ref idref="fl-18"/>
      </object_component>
      <object_component id="oc-3a3">
         <name>.debug_info</name>
         <load_address>0xe801</load_address>
         <run_address>0xe801</run_address>
         <size>0xde</size>
         <input_file_ref idref="fl-18"/>
      </object_component>
      <object_component id="oc-2df">
         <name>.debug_info</name>
         <load_address>0xe8df</load_address>
         <run_address>0xe8df</run_address>
         <size>0xde</size>
         <input_file_ref idref="fl-18"/>
      </object_component>
      <object_component id="oc-2dc">
         <name>.debug_info</name>
         <load_address>0xe9bd</load_address>
         <run_address>0xe9bd</run_address>
         <size>0x192</size>
         <input_file_ref idref="fl-18"/>
      </object_component>
      <object_component id="oc-211">
         <name>.debug_info</name>
         <load_address>0xeb4f</load_address>
         <run_address>0xeb4f</run_address>
         <size>0x53b</size>
         <input_file_ref idref="fl-18"/>
      </object_component>
      <object_component id="oc-2d7">
         <name>.debug_info</name>
         <load_address>0xf08a</load_address>
         <run_address>0xf08a</run_address>
         <size>0x2b5</size>
         <input_file_ref idref="fl-18"/>
      </object_component>
      <object_component id="oc-3aa">
         <name>.debug_info</name>
         <load_address>0xf33f</load_address>
         <run_address>0xf33f</run_address>
         <size>0x62</size>
         <input_file_ref idref="fl-18"/>
      </object_component>
      <object_component id="oc-2e9">
         <name>.debug_info</name>
         <load_address>0xf3a1</load_address>
         <run_address>0xf3a1</run_address>
         <size>0x361</size>
         <input_file_ref idref="fl-19"/>
      </object_component>
      <object_component id="oc-219">
         <name>.debug_info</name>
         <load_address>0xf702</load_address>
         <run_address>0xf702</run_address>
         <size>0x4bc</size>
         <input_file_ref idref="fl-19"/>
      </object_component>
      <object_component id="oc-2f1">
         <name>.debug_info</name>
         <load_address>0xfbbe</load_address>
         <run_address>0xfbbe</run_address>
         <size>0x3f8</size>
         <input_file_ref idref="fl-1b"/>
      </object_component>
      <object_component id="oc-15a">
         <name>.debug_info</name>
         <load_address>0xffb6</load_address>
         <run_address>0xffb6</run_address>
         <size>0x12c</size>
         <input_file_ref idref="fl-1b"/>
      </object_component>
      <object_component id="oc-21d">
         <name>.debug_info</name>
         <load_address>0x100e2</load_address>
         <run_address>0x100e2</run_address>
         <size>0x5a7</size>
         <input_file_ref idref="fl-1b"/>
      </object_component>
      <object_component id="oc-2eb">
         <name>.debug_info</name>
         <load_address>0x10689</load_address>
         <run_address>0x10689</run_address>
         <size>0x263</size>
         <input_file_ref idref="fl-1b"/>
      </object_component>
      <object_component id="oc-a4">
         <name>.debug_info</name>
         <load_address>0x108ec</load_address>
         <run_address>0x108ec</run_address>
         <size>0x4e2</size>
         <input_file_ref idref="fl-1c"/>
      </object_component>
      <object_component id="oc-237">
         <name>.debug_info</name>
         <load_address>0x10dce</load_address>
         <run_address>0x10dce</run_address>
         <size>0x84f</size>
         <input_file_ref idref="fl-1e"/>
      </object_component>
      <object_component id="oc-157">
         <name>.debug_info</name>
         <load_address>0x1161d</load_address>
         <run_address>0x1161d</run_address>
         <size>0x34f</size>
         <input_file_ref idref="fl-1e"/>
      </object_component>
      <object_component id="oc-229">
         <name>.debug_info</name>
         <load_address>0x1196c</load_address>
         <run_address>0x1196c</run_address>
         <size>0x27b</size>
         <input_file_ref idref="fl-1e"/>
      </object_component>
      <object_component id="oc-151">
         <name>.debug_info</name>
         <load_address>0x11be7</load_address>
         <run_address>0x11be7</run_address>
         <size>0x4b8f</size>
         <input_file_ref idref="fl-1e"/>
      </object_component>
      <object_component id="oc-223">
         <name>.debug_info</name>
         <load_address>0x16776</load_address>
         <run_address>0x16776</run_address>
         <size>0x3fd</size>
         <input_file_ref idref="fl-1e"/>
      </object_component>
      <object_component id="oc-304">
         <name>.debug_info</name>
         <load_address>0x16b73</load_address>
         <run_address>0x16b73</run_address>
         <size>0x146</size>
         <input_file_ref idref="fl-1e"/>
      </object_component>
      <object_component id="oc-1f7">
         <name>.debug_info</name>
         <load_address>0x16cb9</load_address>
         <run_address>0x16cb9</run_address>
         <size>0x396</size>
         <input_file_ref idref="fl-d9"/>
      </object_component>
      <object_component id="oc-1f4">
         <name>.debug_info</name>
         <load_address>0x1704f</load_address>
         <run_address>0x1704f</run_address>
         <size>0x128</size>
         <input_file_ref idref="fl-d9"/>
      </object_component>
      <object_component id="oc-1ed">
         <name>.debug_info</name>
         <load_address>0x17177</load_address>
         <run_address>0x17177</run_address>
         <size>0x137</size>
         <input_file_ref idref="fl-d9"/>
      </object_component>
      <object_component id="oc-134">
         <name>.debug_info</name>
         <load_address>0x172ae</load_address>
         <run_address>0x172ae</run_address>
         <size>0x19d</size>
         <input_file_ref idref="fl-d9"/>
      </object_component>
      <object_component id="oc-2be">
         <name>.debug_info</name>
         <load_address>0x1744b</load_address>
         <run_address>0x1744b</run_address>
         <size>0xb2</size>
         <input_file_ref idref="fl-d9"/>
      </object_component>
      <object_component id="oc-299">
         <name>.debug_info</name>
         <load_address>0x174fd</load_address>
         <run_address>0x174fd</run_address>
         <size>0x549</size>
         <input_file_ref idref="fl-da"/>
      </object_component>
      <object_component id="oc-26a">
         <name>.debug_info</name>
         <load_address>0x17a46</load_address>
         <run_address>0x17a46</run_address>
         <size>0x1ec</size>
         <input_file_ref idref="fl-da"/>
      </object_component>
      <object_component id="oc-338">
         <name>.debug_info</name>
         <load_address>0x17c32</load_address>
         <run_address>0x17c32</run_address>
         <size>0x181</size>
         <input_file_ref idref="fl-da"/>
      </object_component>
      <object_component id="oc-33e">
         <name>.debug_info</name>
         <load_address>0x17db3</load_address>
         <run_address>0x17db3</run_address>
         <size>0x1e9</size>
         <input_file_ref idref="fl-da"/>
      </object_component>
      <object_component id="oc-270">
         <name>.debug_info</name>
         <load_address>0x17f9c</load_address>
         <run_address>0x17f9c</run_address>
         <size>0x2a2</size>
         <input_file_ref idref="fl-da"/>
      </object_component>
      <object_component id="oc-345">
         <name>.debug_info</name>
         <load_address>0x1823e</load_address>
         <run_address>0x1823e</run_address>
         <size>0x1f2</size>
         <input_file_ref idref="fl-da"/>
      </object_component>
      <object_component id="oc-34b">
         <name>.debug_info</name>
         <load_address>0x18430</load_address>
         <run_address>0x18430</run_address>
         <size>0x1e3</size>
         <input_file_ref idref="fl-da"/>
      </object_component>
      <object_component id="oc-276">
         <name>.debug_info</name>
         <load_address>0x18613</load_address>
         <run_address>0x18613</run_address>
         <size>0x1e3</size>
         <input_file_ref idref="fl-da"/>
      </object_component>
      <object_component id="oc-27c">
         <name>.debug_info</name>
         <load_address>0x187f6</load_address>
         <run_address>0x187f6</run_address>
         <size>0x20e</size>
         <input_file_ref idref="fl-da"/>
      </object_component>
      <object_component id="oc-282">
         <name>.debug_info</name>
         <load_address>0x18a04</load_address>
         <run_address>0x18a04</run_address>
         <size>0x327</size>
         <input_file_ref idref="fl-da"/>
      </object_component>
      <object_component id="oc-1e2">
         <name>.debug_info</name>
         <load_address>0x18d2b</load_address>
         <run_address>0x18d2b</run_address>
         <size>0x5a0</size>
         <input_file_ref idref="fl-da"/>
      </object_component>
      <object_component id="oc-29a">
         <name>.debug_info</name>
         <load_address>0x192cb</load_address>
         <run_address>0x192cb</run_address>
         <size>0x86</size>
         <input_file_ref idref="fl-da"/>
      </object_component>
      <object_component id="oc-374">
         <name>.debug_info</name>
         <load_address>0x19351</load_address>
         <run_address>0x19351</run_address>
         <size>0x39</size>
         <input_file_ref idref="fl-da"/>
      </object_component>
      <object_component id="oc-3f5">
         <name>.debug_info</name>
         <load_address>0x1938a</load_address>
         <run_address>0x1938a</run_address>
         <size>0xb6</size>
         <input_file_ref idref="fl-da"/>
      </object_component>
      <object_component id="oc-37e">
         <name>.debug_info</name>
         <load_address>0x19440</load_address>
         <run_address>0x19440</run_address>
         <size>0x46</size>
         <input_file_ref idref="fl-da"/>
      </object_component>
      <object_component id="oc-29f">
         <name>.debug_info</name>
         <load_address>0x19486</load_address>
         <run_address>0x19486</run_address>
         <size>0x46</size>
         <input_file_ref idref="fl-da"/>
      </object_component>
      <object_component id="oc-379">
         <name>.debug_info</name>
         <load_address>0x194cc</load_address>
         <run_address>0x194cc</run_address>
         <size>0x2c</size>
         <input_file_ref idref="fl-da"/>
      </object_component>
      <object_component id="oc-3a1">
         <name>.debug_info</name>
         <load_address>0x194f8</load_address>
         <run_address>0x194f8</run_address>
         <size>0x351</size>
         <input_file_ref idref="fl-db"/>
      </object_component>
      <object_component id="oc-2b8">
         <name>.debug_info</name>
         <load_address>0x19849</load_address>
         <run_address>0x19849</run_address>
         <size>0x1bf</size>
         <input_file_ref idref="fl-db"/>
      </object_component>
      <object_component id="oc-39f">
         <name>.debug_info</name>
         <load_address>0x19a08</load_address>
         <run_address>0x19a08</run_address>
         <size>0x3ca</size>
         <input_file_ref idref="fl-dc"/>
      </object_component>
      <object_component id="oc-2b0">
         <name>.debug_info</name>
         <load_address>0x19dd2</load_address>
         <run_address>0x19dd2</run_address>
         <size>0x2a9</size>
         <input_file_ref idref="fl-dc"/>
      </object_component>
[...]
         <value>0x2580</value>
         <object_component_ref idref="oc-150"/>
      </symbol>
      <symbol id="sm-76a">
         <name>xTaskCreate</name>
         <value>0xfc</value>
         <object_component_ref idref="oc-150"/>
      </symbol>
      <symbol id="sm-76b">
         <name>vTaskDelayUntil</name>
         <value>0x6a0</value>
         <object_component_ref idref="oc-150"/>
      </symbol>
      <symbol id="sm-76c">
         <name>vTaskEndScheduler</name>
         <value>0x1084</value>
         <object_component_ref idref="oc-150"/>
      </symbol>
      <symbol id="sm-76d">
         <name>xTaskNotifyWait</name>
         <value>0x2468</value>
         <object_component_ref idref="oc-150"/>
      </symbol>
      <symbol id="sm-76e">
         <name>vTaskMissedYield</name>
         <value>0x1f08</value>
         <object_component_ref idref="oc-150"/>
      </symbol>
      <symbol id="sm-76f">
         <name>uxTaskGetNumberOfTasks</name>
         <value>0x1348</value>
         <object_component_ref idref="oc-150"/>
      </symbol>
      <symbol id="sm-770">
         <name>xTaskGenericNotifyFromISR</name>
         <value>0x2754</value>
         <object_component_ref idref="oc-150"/>
      </symbol>
      <symbol id="sm-771">
         <name>uxTaskPriorityGet</name>
         <value>0x994</value>
         <object_component_ref idref="oc-150"/>
      </symbol>
      <symbol id="sm-772">
         <name>vTaskStepTick</name>
         <value>0x166c</value>
         <object_component_ref idref="oc-150"/>
      </symbol>
      <symbol id="sm-773">
         <name>xTaskResumeAll</name>
         <value>0x1158</value>
         <object_component_ref idref="oc-150"/>
      </symbol>
      <symbol id="sm-774">
         <name>xTaskGetHandle</name>
         <value>0x152c</value>
         <object_component_ref idref="oc-150"/>
      </symbol>
      <symbol id="sm-775">
         <name>xTaskGetTickCount</name>
         <value>0x1308</value>
         <object_component_ref idref="oc-150"/>
      </symbol>
      <symbol id="sm-776">
         <name>vTaskDelete</name>
         <value>0x538</value>
         <object_component_ref idref="oc-150"/>
      </symbol>
      <symbol id="sm-777">
         <name>pxCurrentTCB</name>
         <value>0x80008d0</value>
         <object_component_ref idref="oc-156"/>
      </symbol>
      <symbol id="sm-778">
         <name>vTaskNotifyGiveFromISR</name>
         <value>0x2954</value>
         <object_component_ref idref="oc-150"/>
      </symbol>
      <symbol id="sm-779">
         <name>eTaskGetState</name>
         <value>0x890</value>
         <object_component_ref idref="oc-150"/>
      </symbol>
      <symbol id="sm-77a">
         <name>vTaskSuspend</name>
         <value>0xc18</value>
         <object_component_ref idref="oc-150"/>
      </symbol>
      <symbol id="sm-77b">
         <name>xTaskGetIdleTaskHandle</name>
         <value>0x1634</value>
         <object_component_ref idref="oc-150"/>
      </symbol>
      <symbol id="sm-77c">
         <name>xTaskGetTickCountFromISR</name>
         <value>0x1324</value>
         <object_component_ref idref="oc-150"/>
      </symbol>
      <symbol id="sm-77d">
         <name>vTaskResume</name>
         <value>0xe20</value>
         <object_component_ref idref="oc-150"/>
      </symbol>
      <symbol id="sm-77e">
         <name>vTaskSetTimeOutState</name>
         <value>0x1d90</value>
         <object_component_ref idref="oc-150"/>
      </symbol>
      <symbol id="sm-77f">
         <name>xTaskIncrementTick</name>
         <value>0x17c8</value>
         <object_component_ref idref="oc-150"/>
      </symbol>
      <symbol id="sm-780">
         <name>vTaskSwitchContext</name>
         <value>0x19f0</value>
         <object_component_ref idref="oc-150"/>
      </symbol>
      <symbol id="sm-781">
         <name>uxTaskResetEventItemValue</name>
         <value>0x2354</value>
         <object_component_ref idref="oc-150"/>
      </symbol>
      <symbol id="sm-782">
         <name>xTaskGetSchedulerState</name>
         <value>0x2304</value>
         <object_component_ref idref="oc-150"/>
      </symbol>
      <symbol id="sm-783">
         <name>xTaskResumeFromISR</name>
         <value>0xf04</value>
         <object_component_ref idref="oc-150"/>
      </symbol>
      <symbol id="sm-784">
         <name>vTaskPlaceOnUnorderedEventList</name>
         <value>0x1b14</value>
         <object_component_ref idref="oc-150"/>
      </symbol>
      <symbol id="sm-785">
         <name>xTaskRemoveFromEventList</name>
         <value>0x1b98</value>
         <object_component_ref idref="oc-150"/>
      </symbol>
      <symbol id="sm-786">
         <name>eTaskConfirmSleepModeStatus</name>
         <value>0x1f18</value>
         <object_component_ref idref="oc-150"/>
      </symbol>
      <symbol id="sm-7b3">
         <name>fprintf</name>
         <value>0xf5b0</value>
         <object_component_ref idref="oc-132"/>
      </symbol>
      <symbol id="sm-901">
         <name>__TI_printfi</name>
         <value>0x8020</value>
         <object_component_ref idref="oc-1e1"/>
      </symbol>
      <symbol id="sm-917">
         <name>putc</name>
         <value>0xedbc</value>
         <object_component_ref idref="oc-2b5"/>
      </symbol>
      <symbol id="sm-918">
         <name>fputc</name>
         <value>0xedbc</value>
         <object_component_ref idref="oc-2b5"/>
      </symbol>
      <symbol id="sm-939">
         <name>fputs</name>
         <value>0xdc4c</value>
         <object_component_ref idref="oc-2ae"/>
      </symbol>
      <symbol id="sm-950">
         <name>__TI_wrt_ok</name>
         <value>0xf474</value>
         <object_component_ref idref="oc-386"/>
      </symbol>
      <symbol id="sm-96a">
         <name>setvbuf</name>
         <value>0xe6a0</value>
         <object_component_ref idref="oc-400"/>
      </symbol>
      <symbol id="sm-982">
         <name>wcslen</name>
         <value>0x10308</value>
         <object_component_ref idref="oc-28c"/>
      </symbol>
      <symbol id="sm-99f">
         <name>frexpl</name>
         <value>0xf9c4</value>
         <object_component_ref idref="oc-351"/>
      </symbol>
      <symbol id="sm-9a0">
         <name>frexp</name>
         <value>0xf9c4</value>
         <object_component_ref idref="oc-351"/>
      </symbol>
      <symbol id="sm-9ba">
         <name>scalbn</name>
         <value>0xea78</value>
         <object_component_ref idref="oc-357"/>
      </symbol>
      <symbol id="sm-9bb">
         <name>scalbnl</name>
         <value>0xea78</value>
         <object_component_ref idref="oc-357"/>
      </symbol>
      <symbol id="sm-9bc">
         <name>ldexpl</name>
         <value>0xea78</value>
         <object_component_ref idref="oc-357"/>
      </symbol>
      <symbol id="sm-9bd">
         <name>ldexp</name>
         <value>0xea78</value>
         <object_component_ref idref="oc-357"/>
      </symbol>
      <symbol id="sm-9d9">
         <name>__aeabi_uldivmod</name>
         <value>0xd29c</value>
         <object_component_ref idref="oc-325"/>
      </symbol>
      <symbol id="sm-9f2">
         <name>memcpy</name>
         <value>0xdf70</value>
         <object_component_ref idref="oc-4f"/>
      </symbol>
      <symbol id="sm-9f3">
         <name>__aeabi_memcpy</name>
         <value>0xdf70</value>
         <object_component_ref idref="oc-4f"/>
      </symbol>
      <symbol id="sm-9f4">
         <name>__aeabi_memcpy8</name>
         <value>0xdf70</value>
         <object_component_ref idref="oc-4f"/>
      </symbol>
      <symbol id="sm-9f5">
         <name>__aeabi_memcpy4</name>
         <value>0xdf70</value>
         <object_component_ref idref="oc-4f"/>
      </symbol>
      <symbol id="sm-a04">
         <name>__aeabi_memset</name>
         <value>0xf1d0</value>
         <object_component_ref idref="oc-d7"/>
      </symbol>
      <symbol id="sm-a05">
         <name>memset</name>
         <value>0xf1dc</value>
         <object_component_ref idref="oc-d7"/>
      </symbol>
      <symbol id="sm-a06">
         <name>__aeabi_memset8</name>
         <value>0xf1d0</value>
         <object_component_ref idref="oc-d7"/>
      </symbol>
      <symbol id="sm-a07">
         <name>__aeabi_memset4</name>
         <value>0xf1d0</value>
         <object_component_ref idref="oc-d7"/>
      </symbol>
      <symbol id="sm-a08">
         <name>__aeabi_memclr8</name>
         <value>0xf1cc</value>
         <object_component_ref idref="oc-d7"/>
      </symbol>
      <symbol id="sm-a09">
         <name>__aeabi_memclr4</name>
         <value>0xf1cc</value>
         <object_component_ref idref="oc-d7"/>
      </symbol>
      <symbol id="sm-a0a">
         <name>__aeabi_memclr</name>
         <value>0xf1cc</value>
         <object_component_ref idref="oc-d7"/>
      </symbol>
      <symbol id="sm-a16">
         <name>__aeabi_uidivmod</name>
         <value>0x10088</value>
         <object_component_ref idref="oc-32a"/>
      </symbol>
      <symbol id="sm-a17">
         <name>__aeabi_uidiv</name>
         <value>0x10088</value>
         <object_component_ref idref="oc-32a"/>
      </symbol>
      <symbol id="sm-a3f">
         <name>__TI_auto_init_nobinit_nopinit</name>
         <value>0xfe18</value>
         <object_component_ref idref="oc-fc"/>
      </symbol>
      <symbol id="sm-a52">
         <name>__TI_zero_init</name>
         <value>0x10394</value>
         <object_component_ref idref="oc-61"/>
      </symbol>
      <symbol id="sm-a69">
         <name>__TI_decompress_none</name>
         <value>0x10380</value>
         <object_component_ref idref="oc-14"/>
      </symbol>
      <symbol id="sm-a8c">
         <name>__TI_decompress_lzss</name>
         <value>0xf934</value>
         <object_component_ref idref="oc-e"/>
      </symbol>
      <symbol id="sm-ab2">
         <name>C$$EXIT</name>
         <value>0x103bc</value>
         <object_component_ref idref="oc-13f"/>
      </symbol>
      <symbol id="sm-ab3">
         <name>abort</name>
         <value>0x103bc</value>
         <object_component_ref idref="oc-13f"/>
      </symbol>
      <symbol id="sm-ab4">
         <name>__TI_dtors_ptr</name>
         <value>0x80031dc</value>
         <object_component_ref idref="oc-205"/>
      </symbol>
      <symbol id="sm-ab5">
         <name>__TI_cleanup_ptr</name>
         <value>0x80031d8</value>
         <object_component_ref idref="oc-205"/>
      </symbol>
      <symbol id="sm-ab6">
         <name>__TI_enable_exit_profile_output</name>
         <value>0x80031e0</value>
         <object_component_ref idref="oc-205"/>
      </symbol>
      <symbol id="sm-ab7">
         <name>exit</name>
         <value>0xfbd8</value>
         <object_component_ref idref="oc-145"/>
      </symbol>
      <symbol id="sm-acc">
         <name>_nop</name>
         <value>0x103c8</value>
         <object_component_ref idref="oc-2a4"/>
      </symbol>
      <symbol id="sm-acd">
         <name>_lock</name>
         <value>0x80031e4</value>
         <object_component_ref idref="oc-1e7"/>
      </symbol>
      <symbol id="sm-ace">
         <name>_unlock</name>
         <value>0x80031e8</value>
         <object_component_ref idref="oc-1e7"/>
      </symbol>
      <symbol id="sm-ae1">
         <name>atoi</name>
         <value>0xfad4</value>
         <object_component_ref idref="oc-262"/>
      </symbol>
      <symbol id="sm-aec">
         <name>_ctypes_</name>
         <value>0x105e0</value>
         <object_component_ref idref="oc-320"/>
      </symbol>
      <symbol id="sm-b01">
         <name>__TI_tmpnams</name>
         <value>0x8003328</value>
      </symbol>
      <symbol id="sm-b02">
         <name>__aeabi_stdout</name>
         <value>0x80031d0</value>
         <object_component_ref idref="oc-48c"/>
      </symbol>
      <symbol id="sm-b03">
         <name>__aeabi_stderr</name>
         <value>0x80031d4</value>
         <object_component_ref idref="oc-48c"/>
      </symbol>
      <symbol id="sm-b04">
         <name>__aeabi_stdin</name>
         <value>0x80031cc</value>
         <object_component_ref idref="oc-48c"/>
      </symbol>
      <symbol id="sm-b05">
         <name>_ftable</name>
         <value>0x8003000</value>
         <object_component_ref idref="oc-138"/>
      </symbol>
      <symbol id="sm-b06">
         <name>__TI_ft_end</name>
         <value>0x80031c8</value>
         <object_component_ref idref="oc-48c"/>
      </symbol>
      <symbol id="sm-b14">
         <name>ltoa</name>
         <value>0xfb58</value>
         <object_component_ref idref="oc-330"/>
      </symbol>
      <symbol id="sm-b23">
         <name>memccpy</name>
         <value>0x10260</value>
         <object_component_ref idref="oc-286"/>
      </symbol>
      <symbol id="sm-b32">
         <name>memchr</name>
         <value>0x1028c</value>
         <object_component_ref idref="oc-38c"/>
      </symbol>
      <symbol id="sm-bb0">
         <name>_sys_memory</name>
         <value>0x3808</value>
         <object_component_ref idref="oc-41"/>
      </symbol>
      <symbol id="sm-bb1">
         <name>free</name>
         <value>0xe0f0</value>
         <object_component_ref idref="oc-43d"/>
      </symbol>
      <symbol id="sm-bb2">
         <name>memalign</name>
         <value>0xddf0</value>
         <object_component_ref idref="oc-47f"/>
      </symbol>
      <symbol id="sm-bb3">
         <name>malloc</name>
         <value>0x103b0</value>
         <object_component_ref idref="oc-443"/>
      </symbol>
      <symbol id="sm-bb4">
         <name>aligned_alloc</name>
         <value>0xddf0</value>
         <object_component_ref idref="oc-47f"/>
      </symbol>
      <symbol id="sm-bc2">
         <name>strchr</name>
         <value>0x102b8</value>
         <object_component_ref idref="oc-35d"/>
      </symbol>
      <symbol id="sm-bd0">
         <name>strlen</name>
         <value>0x1032c</value>
         <object_component_ref idref="oc-22b"/>
      </symbol>
      <symbol id="sm-bea">
         <name>write</name>
         <value>0x101ac</value>
         <object_component_ref idref="oc-398"/>
      </symbol>
      <symbol id="sm-bfb">
         <name>_stream</name>
         <value>0x8003168</value>
         <object_component_ref idref="oc-40c"/>
      </symbol>
      <symbol id="sm-bfc">
         <name>_device</name>
         <value>0x80030f0</value>
         <object_component_ref idref="oc-45c"/>
      </symbol>
      <symbol id="sm-c12">
         <name>__aeabi_errno_addr</name>
         <value>0x103a4</value>
         <object_component_ref idref="oc-292"/>
      </symbol>
      <symbol id="sm-c13">
         <name>errno</name>
         <value>0x8003204</value>
         <object_component_ref idref="oc-36d"/>
      </symbol>
      <symbol id="sm-c23">
         <name>__TI_doflush</name>
         <value>0xfa50</value>
         <object_component_ref idref="oc-392"/>
      </symbol>
      <symbol id="sm-c32">
         <name>__TI_cleanup</name>
         <value>0xfee4</value>
         <object_component_ref idref="oc-449"/>
      </symbol>
      <symbol id="sm-c44">
         <name>fseek</name>
         <value>0xf328</value>
         <object_component_ref idref="oc-3fa"/>
      </symbol>
      <symbol id="sm-c4e">
         <name>copysign</name>
         <value>0x1034c</value>
         <object_component_ref idref="oc-3de"/>
      </symbol>
      <symbol id="sm-c4f">
         <name>copysignl</name>
         <value>0x1034c</value>
         <object_component_ref idref="oc-3de"/>
      </symbol>
      <symbol id="sm-c59">
         <name>__aeabi_idiv0</name>
         <value>0x103d8</value>
         <object_component_ref idref="oc-3c6"/>
      </symbol>
      <symbol id="sm-c5a">
         <name>__aeabi_ldiv0</name>
         <value>0x103d8</value>
         <object_component_ref idref="oc-3c6"/>
      </symbol>
      <symbol id="sm-c66">
         <name>__aeabi_idivmod</name>
         <value>0x10034</value>
         <object_component_ref idref="oc-3cc"/>
      </symbol>
      <symbol id="sm-c67">
         <name>__aeabi_idiv</name>
         <value>0x10034</value>
         <object_component_ref idref="oc-3cc"/>
      </symbol>
      <symbol id="sm-c78">
         <name>HOSTclose</name>
         <value>0xfc54</value>
         <object_component_ref idref="oc-498"/>
      </symbol>
      <symbol id="sm-c89">
         <name>HOSTlseek</name>
         <value>0xf27c</value>
         <object_component_ref idref="oc-4aa"/>
      </symbol>
      <symbol id="sm-c9b">
         <name>parmbuf</name>
         <value>0x80033d0</value>
      </symbol>
      <symbol id="sm-c9c">
         <name>HOSTopen</name>
         <value>0xf64c</value>
         <object_component_ref idref="oc-492"/>
      </symbol>
      <symbol id="sm-cad">
         <name>HOSTread</name>
         <value>0xf814</value>
         <object_component_ref idref="oc-49e"/>
      </symbol>
      <symbol id="sm-cbe">
         <name>HOSTrename</name>
         <value>0xf3d0</value>
         <object_component_ref idref="oc-4b6"/>
      </symbol>
      <symbol id="sm-ccf">
         <name>HOSTunlink</name>
         <value>0xfd3c</value>
         <object_component_ref idref="oc-4b0"/>
      </symbol>
      <symbol id="sm-ce0">
         <name>HOSTwrite</name>
         <value>0xf8a4</value>
         <object_component_ref idref="oc-4a4"/>
      </symbol>
      <symbol id="sm-d03">
         <name>__TI_readmsg</name>
         <value>0xff38</value>
         <object_component_ref idref="oc-4e5"/>
      </symbol>
      <symbol id="sm-d04">
         <name>C$$IO$$</name>
         <value>0xffd4</value>
         <object_component_ref idref="oc-4df"/>
      </symbol>
      <symbol id="sm-d05">
         <name>__CIOBUF_</name>
         <value>0x8003208</value>
         <object_component_ref idref="oc-510"/>
      </symbol>
      <symbol id="sm-d06">
         <name>__TI_writemsg</name>
         <value>0xff8c</value>
         <object_component_ref idref="oc-4df"/>
      </symbol>
      <symbol id="sm-d17">
         <name>lseek</name>
         <value>0x10168</value>
         <object_component_ref idref="oc-435"/>
      </symbol>
      <symbol id="sm-d2c">
         <name>__TI_closefile</name>
         <value>0xf05c</value>
         <object_component_ref idref="oc-486"/>
      </symbol>
      <symbol id="sm-d4e">
         <name>finddevice</name>
         <value>0xffe0</value>
         <object_component_ref idref="oc-52e"/>
      </symbol>
      <symbol id="sm-d4f">
         <name>getdevice</name>
         <value>0xfdac</value>
         <object_component_ref idref="oc-506"/>
      </symbol>
      <symbol id="sm-d5d">
         <name>strcmp</name>
         <value>0x102e0</value>
         <object_component_ref idref="oc-545"/>
      </symbol>
      <symbol id="sm-d6b">
         <name>strcpy</name>
         <value>0x10368</value>
         <object_component_ref idref="oc-4f9"/>
      </symbol>
      <symbol id="sm-d7a">
         <name>strncpy</name>
         <value>0x100d8</value>
         <object_component_ref idref="oc-528"/>
      </symbol>
      <symbol id="sm-d8f">
         <name>close</name>
         <value>0xf77c</value>
         <object_component_ref idref="oc-4ce"/>
      </symbol>
      <symbol id="sm-d9f">
         <name>unlink</name>
         <value>0x10120</value>
         <object_component_ref idref="oc-4d4"/>
      </symbol>
      <symbol id="sm-da0">
         <name>__TI_static_base__</name>
         <value>0x0</value>
      </symbol>
      <symbol id="sm-da4">
         <name>SHT$$INIT_ARRAY$$Base</name>
         <value>0x0</value>
      </symbol>
      <symbol id="sm-da5">
         <name>SHT$$INIT_ARRAY$$Limit</name>
         <value>0x0</value>
      </symbol>
      <symbol id="sm-da6">
         <name>_system_post_cinit</name>
         <value>0x0</value>
      </symbol>
      <symbol id="sm-da7">
         <name>remove</name>
         <value>0x10120</value>
      </symbol>
   </symbol_table>
   <title>Link successful</title>
</link_info>
