<?xml version="1.0" encoding="ISO-8859-1" ?>
<link_info>
   <banner>TI ARM Linker PC v18.12.1.LTS</banner>
   <copyright>Copyright (c) 1996-2018 Texas Instruments Incorporated</copyright>
   <link_time>0x5d520cce</link_time>
   <link_errors>0x0</link_errors>
   <output_file>obc_base.out</output_file>
   <entry_point>
      <name>_c_int00</name>
      <address>0x1d1fc</address>
   </entry_point>
   <input_file_list>
      <input_file id="fl-2">
         <path>.\Project\FileTests\</path>
         <kind>object</kind>
         <file>tests.obj</file>
         <name>tests.obj</name>
      </input_file>
      <input_file id="fl-3">
         <path>.\Project\host\</path>
         <kind>object</kind>
         <file>redconf.obj</file>
         <name>redconf.obj</name>
      </input_file>
      <input_file id="fl-4">
         <path>.\reliance_edge\core\driver\</path>
         <kind>object</kind>
         <file>blockio.obj</file>
         <name>blockio.obj</name>
      </input_file>
      <input_file id="fl-5">
         <path>.\reliance_edge\core\driver\</path>
         <kind>object</kind>
         <file>buffer.obj</file>
         <name>buffer.obj</name>
      </input_file>
      <input_file id="fl-6">
         <path>.\reliance_edge\core\driver\</path>
         <kind>object</kind>
         <file>core.obj</file>
         <name>core.obj</name>
      </input_file>
      <input_file id="fl-7">
         <path>.\reliance_edge\core\driver\</path>
         <kind>object</kind>
         <file>dir.obj</file>
         <name>dir.obj</name>
      </input_file>
      <input_file id="fl-8">
         <path>.\reliance_edge\core\driver\</path>
         <kind>object</kind>
         <file>format.obj</file>
         <name>format.obj</name>
      </input_file>
      <input_file id="fl-9">
         <path>.\reliance_edge\core\driver\</path>
         <kind>object</kind>
         <file>imap.obj</file>
         <name>imap.obj</name>
      </input_file>
      <input_file id="fl-a">
         <path>.\reliance_edge\core\driver\</path>
         <kind>object</kind>
         <file>imapextern.obj</file>
         <name>imapextern.obj</name>
      </input_file>
      <input_file id="fl-b">
         <path>.\reliance_edge\core\driver\</path>
         <kind>object</kind>
         <file>imapinline.obj</file>
         <name>imapinline.obj</name>
      </input_file>
      <input_file id="fl-c">
         <path>.\reliance_edge\core\driver\</path>
         <kind>object</kind>
         <file>inode.obj</file>
         <name>inode.obj</name>
      </input_file>
      <input_file id="fl-d">
         <path>.\reliance_edge\core\driver\</path>
         <kind>object</kind>
         <file>inodedata.obj</file>
         <name>inodedata.obj</name>
      </input_file>
      <input_file id="fl-e">
         <path>.\reliance_edge\core\driver\</path>
         <kind>object</kind>
         <file>volume.obj</file>
         <name>volume.obj</name>
      </input_file>
      <input_file id="fl-f">
         <path>.\reliance_edge\fse\</path>
         <kind>object</kind>
         <file>fse.obj</file>
         <name>fse.obj</name>
      </input_file>
      <input_file id="fl-10">
         <path>.\reliance_edge\os\freertos\services\</path>
         <kind>object</kind>
         <file>osassert.obj</file>
         <name>osassert.obj</name>
      </input_file>
      <input_file id="fl-11">
         <path>.\reliance_edge\os\freertos\services\</path>
         <kind>object</kind>
         <file>osbdev.obj</file>
         <name>osbdev.obj</name>
      </input_file>
      <input_file id="fl-12">
         <path>.\reliance_edge\os\freertos\services\</path>
         <kind>object</kind>
         <file>osclock.obj</file>
         <name>osclock.obj</name>
      </input_file>
      <input_file id="fl-13">
         <path>.\reliance_edge\os\freertos\services\</path>
         <kind>object</kind>
         <file>osmutex.obj</file>
         <name>osmutex.obj</name>
      </input_file>
      <input_file id="fl-14">
         <path>.\reliance_edge\os\freertos\services\</path>
         <kind>object</kind>
         <file>osoutput.obj</file>
         <name>osoutput.obj</name>
      </input_file>
      <input_file id="fl-15">
         <path>.\reliance_edge\os\freertos\services\</path>
         <kind>object</kind>
         <file>ostask.obj</file>
         <name>ostask.obj</name>
      </input_file>
      <input_file id="fl-16">
         <path>.\reliance_edge\os\freertos\services\</path>
         <kind>object</kind>
         <file>ostimestamp.obj</file>
         <name>ostimestamp.obj</name>
      </input_file>
      <input_file id="fl-17">
         <path>.\reliance_edge\posix\</path>
         <kind>object</kind>
         <file>path.obj</file>
         <name>path.obj</name>
      </input_file>
      <input_file id="fl-18">
         <path>.\reliance_edge\posix\</path>
         <kind>object</kind>
         <file>posix.obj</file>
         <name>posix.obj</name>
      </input_file>
      <input_file id="fl-19">
         <path>.\reliance_edge\tests\posix\</path>
         <kind>object</kind>
         <file>fsstress.obj</file>
         <name>fsstress.obj</name>
      </input_file>
      <input_file id="fl-1a">
         <path>.\reliance_edge\tests\util\</path>
         <kind>object</kind>
         <file>atoi.obj</file>
         <name>atoi.obj</name>
      </input_file>
      <input_file id="fl-1b">
         <path>.\reliance_edge\tests\util\</path>
         <kind>object</kind>
         <file>math.obj</file>
         <name>math.obj</name>
      </input_file>
      <input_file id="fl-1c">
         <path>.\reliance_edge\tests\util\</path>
         <kind>object</kind>
         <file>printf.obj</file>
         <name>printf.obj</name>
      </input_file>
      <input_file id="fl-1d">
         <path>.\reliance_edge\tests\util\</path>
         <kind>object</kind>
         <file>rand.obj</file>
         <name>rand.obj</name>
      </input_file>
      <input_file id="fl-1e">
         <path>.\reliance_edge\tools\</path>
         <kind>object</kind>
         <file>getopt.obj</file>
         <name>getopt.obj</name>
      </input_file>
      <input_file id="fl-1f">
         <path>.\reliance_edge\tools\</path>
         <kind>object</kind>
         <file>toolcmn.obj</file>
         <name>toolcmn.obj</name>
      </input_file>
      <input_file id="fl-20">
         <path>.\reliance_edge\tools\imgbld\</path>
         <kind>object</kind>
         <file>ibcommon.obj</file>
         <name>ibcommon.obj</name>
      </input_file>
      <input_file id="fl-21">
         <path>.\reliance_edge\tools\imgbld\</path>
         <kind>object</kind>
         <file>ibfse.obj</file>
         <name>ibfse.obj</name>
      </input_file>
      <input_file id="fl-22">
         <path>.\reliance_edge\tools\imgbld\</path>
         <kind>object</kind>
         <file>ibposix.obj</file>
         <name>ibposix.obj</name>
      </input_file>
      <input_file id="fl-23">
         <path>.\reliance_edge\tools\imgbld\</path>
         <kind>object</kind>
         <file>imgbld.obj</file>
         <name>imgbld.obj</name>
      </input_file>
      <input_file id="fl-24">
         <path>.\reliance_edge\util\</path>
         <kind>object</kind>
         <file>bitmap.obj</file>
         <name>bitmap.obj</name>
      </input_file>
      <input_file id="fl-25">
         <path>.\reliance_edge\util\</path>
         <kind>object</kind>
         <file>crc.obj</file>
         <name>crc.obj</name>
      </input_file>
      <input_file id="fl-26">
         <path>.\reliance_edge\util\</path>
         <kind>object</kind>
         <file>endian.obj</file>
         <name>endian.obj</name>
      </input_file>
      <input_file id="fl-27">
         <path>.\reliance_edge\util\</path>
         <kind>object</kind>
         <file>memory.obj</file>
         <name>memory.obj</name>
      </input_file>
      <input_file id="fl-28">
         <path>.\reliance_edge\util\</path>
         <kind>object</kind>
         <file>namelen.obj</file>
         <name>namelen.obj</name>
      </input_file>
      <input_file id="fl-29">
         <path>.\reliance_edge\util\</path>
         <kind>object</kind>
         <file>sign.obj</file>
         <name>sign.obj</name>
      </input_file>
      <input_file id="fl-2a">
         <path>.\reliance_edge\util\</path>
         <kind>object</kind>
         <file>string.obj</file>
         <name>string.obj</name>
      </input_file>
      <input_file id="fl-2b">
         <path>.\source\</path>
         <kind>object</kind>
         <file>HL_adc.obj</file>
         <name>HL_adc.obj</name>
      </input_file>
      <input_file id="fl-2c">
         <path>.\source\</path>
         <kind>object</kind>
         <file>HL_can.obj</file>
         <name>HL_can.obj</name>
      </input_file>
      <input_file id="fl-2d">
         <path>.\source\</path>
         <kind>object</kind>
         <file>HL_crc.obj</file>
         <name>HL_crc.obj</name>
      </input_file>
      <input_file id="fl-2e">
         <path>.\source\</path>
         <kind>object</kind>
         <file>HL_dcc.obj</file>
         <name>HL_dcc.obj</name>
      </input_file>
      <input_file id="fl-2f">
         <path>.\source\</path>
         <kind>object</kind>
         <file>HL_ecap.obj</file>
         <name>HL_ecap.obj</name>
      </input_file>
      <input_file id="fl-30">
         <path>.\source\</path>
         <kind>object</kind>
         <file>HL_emac.obj</file>
         <name>HL_emac.obj</name>
      </input_file>
      <input_file id="fl-31">
         <path>.\source\</path>
         <kind>object</kind>
         <file>HL_emif.obj</file>
         <name>HL_emif.obj</name>
      </input_file>
      <input_file id="fl-32">
         <path>.\source\</path>
         <kind>object</kind>
         <file>HL_epc.obj</file>
         <name>HL_epc.obj</name>
      </input_file>
      <input_file id="fl-33">
         <path>.\source\</path>
         <kind>object</kind>
         <file>HL_eqep.obj</file>
         <name>HL_eqep.obj</name>
      </input_file>
      <input_file id="fl-34">
         <path>.\source\</path>
         <kind>object</kind>
         <file>HL_errata.obj</file>
         <name>HL_errata.obj</name>
      </input_file>
      <input_file id="fl-35">
         <path>.\source\</path>
         <kind>object</kind>
         <file>HL_errata_SSWF021_45.obj</file>
         <name>HL_errata_SSWF021_45.obj</name>
      </input_file>
      <input_file id="fl-36">
         <path>.\source\</path>
         <kind>object</kind>
         <file>HL_esm.obj</file>
         <name>HL_esm.obj</name>
      </input_file>
      <input_file id="fl-37">
         <path>.\source\</path>
         <kind>object</kind>
         <file>HL_etpwm.obj</file>
         <name>HL_etpwm.obj</name>
      </input_file>
      <input_file id="fl-38">
         <path>.\source\</path>
         <kind>object</kind>
         <file>HL_gio.obj</file>
         <name>HL_gio.obj</name>
      </input_file>
      <input_file id="fl-39">
         <path>.\source\</path>
         <kind>object</kind>
         <file>HL_het.obj</file>
         <name>HL_het.obj</name>
      </input_file>
      <input_file id="fl-3a">
         <path>.\source\</path>
         <kind>object</kind>
         <file>HL_i2c.obj</file>
         <name>HL_i2c.obj</name>
      </input_file>
      <input_file id="fl-3b">
         <path>.\source\</path>
         <kind>object</kind>
         <file>HL_lin.obj</file>
         <name>HL_lin.obj</name>
      </input_file>
      <input_file id="fl-3c">
         <path>.\source\</path>
         <kind>object</kind>
         <file>HL_mdio.obj</file>
         <name>HL_mdio.obj</name>
      </input_file>
      <input_file id="fl-3d">
         <path>.\source\</path>
         <kind>object</kind>
         <file>HL_mibspi.obj</file>
         <name>HL_mibspi.obj</name>
      </input_file>
      <input_file id="fl-3e">
         <path>.\source\</path>
         <kind>object</kind>
         <file>HL_nmpu.obj</file>
         <name>HL_nmpu.obj</name>
      </input_file>
      <input_file id="fl-3f">
         <path>.\source\</path>
         <kind>object</kind>
         <file>HL_notification.obj</file>
         <name>HL_notification.obj</name>
      </input_file>
      <input_file id="fl-40">
         <path>.\source\</path>
         <kind>object</kind>
         <file>HL_phy_dp83640.obj</file>
         <name>HL_phy_dp83640.obj</name>
      </input_file>
      <input_file id="fl-41">
         <path>.\source\</path>
         <kind>object</kind>
         <file>HL_phy_tlk111.obj</file>
         <name>HL_phy_tlk111.obj</name>
      </input_file>
      <input_file id="fl-42">
         <path>.\source\</path>
         <kind>object</kind>
         <file>HL_pinmux.obj</file>
         <name>HL_pinmux.obj</name>
      </input_file>
      <input_file id="fl-43">
         <path>.\source\</path>
         <kind>object</kind>
         <file>HL_pom.obj</file>
         <name>HL_pom.obj</name>
      </input_file>
      <input_file id="fl-44">
         <path>.\source\</path>
         <kind>object</kind>
         <file>HL_sci.obj</file>
         <name>HL_sci.obj</name>
      </input_file>
      <input_file id="fl-45">
         <path>.\source\</path>
         <kind>object</kind>
         <file>HL_sys_core.obj</file>
         <name>HL_sys_core.obj</name>
      </input_file>
      <input_file id="fl-46">
         <path>.\source\</path>
         <kind>object</kind>
         <file>HL_sys_dma.obj</file>
         <name>HL_sys_dma.obj</name>
      </input_file>
      <input_file id="fl-47">
         <path>.\source\</path>
         <kind>object</kind>
         <file>HL_sys_intvecs.obj</file>
         <name>HL_sys_intvecs.obj</name>
      </input_file>
      <input_file id="fl-48">
         <path>.\source\</path>
         <kind>object</kind>
         <file>HL_sys_main.obj</file>
         <name>HL_sys_main.obj</name>
      </input_file>
      <input_file id="fl-49">
         <path>.\source\</path>
         <kind>object</kind>
         <file>HL_sys_mpu.obj</file>
         <name>HL_sys_mpu.obj</name>
      </input_file>
      <input_file id="fl-4a">
         <path>.\source\</path>
         <kind>object</kind>
         <file>HL_sys_pcr.obj</file>
         <name>HL_sys_pcr.obj</name>
      </input_file>
      <input_file id="fl-4b">
         <path>.\source\</path>
         <kind>object</kind>
         <file>HL_sys_phantom.obj</file>
         <name>HL_sys_phantom.obj</name>
      </input_file>
      <input_file id="fl-4c">
         <path>.\source\</path>
         <kind>object</kind>
         <file>HL_sys_pmm.obj</file>
         <name>HL_sys_pmm.obj</name>
      </input_file>
      <input_file id="fl-4d">
         <path>.\source\</path>
         <kind>object</kind>
         <file>HL_sys_pmu.obj</file>
         <name>HL_sys_pmu.obj</name>
      </input_file>
      <input_file id="fl-4e">
         <path>.\source\</path>
         <kind>object</kind>
         <file>HL_sys_startup.obj</file>
         <name>HL_sys_startup.obj</name>
      </input_file>
      <input_file id="fl-4f">
         <path>.\source\</path>
         <kind>object</kind>
         <file>HL_sys_vim.obj</file>
         <name>HL_sys_vim.obj</name>
      </input_file>
      <input_file id="fl-50">
         <path>.\source\</path>
         <kind>object</kind>
         <file>HL_system.obj</file>
         <name>HL_system.obj</name>
      </input_file>
      <input_file id="fl-51">
         <path>.\source\</path>
         <kind>object</kind>
         <file>main_blinky.obj</file>
         <name>main_blinky.obj</name>
      </input_file>
      <input_file id="fl-52">
         <path>.\source\</path>
         <kind>object</kind>
         <file>os_croutine.obj</file>
         <name>os_croutine.obj</name>
      </input_file>
      <input_file id="fl-53">
         <path>.\source\</path>
         <kind>object</kind>
         <file>os_event_groups.obj</file>
         <name>os_event_groups.obj</name>
      </input_file>
      <input_file id="fl-54">
         <path>.\source\</path>
         <kind>object</kind>
         <file>os_heap.obj</file>
         <name>os_heap.obj</name>
      </input_file>
      <input_file id="fl-55">
         <path>.\source\</path>
         <kind>object</kind>
         <file>os_list.obj</file>
         <name>os_list.obj</name>
      </input_file>
      <input_file id="fl-56">
         <path>.\source\</path>
         <kind>object</kind>
         <file>os_mpu_wrappers.obj</file>
         <name>os_mpu_wrappers.obj</name>
      </input_file>
      <input_file id="fl-57">
         <path>.\source\</path>
         <kind>object</kind>
         <file>os_port.obj</file>
         <name>os_port.obj</name>
      </input_file>
      <input_file id="fl-58">
         <path>.\source\</path>
         <kind>object</kind>
         <file>os_portasm.obj</file>
         <name>os_portasm.obj</name>
      </input_file>
      <input_file id="fl-59">
         <path>.\source\</path>
         <kind>object</kind>
         <file>os_queue.obj</file>
         <name>os_queue.obj</name>
      </input_file>
      <input_file id="fl-5a">
         <path>.\source\</path>
         <kind>object</kind>
         <file>os_tasks.obj</file>
         <name>os_tasks.obj</name>
      </input_file>
      <input_file id="fl-5b">
         <path>.\source\</path>
         <kind>object</kind>
         <file>os_timer.obj</file>
         <name>os_timer.obj</name>
      </input_file>
      <input_file id="fl-5f">
         <kind>object</kind>
         <file>&lt;internal&gt;</file>
         <name>&lt;internal&gt;</name>
      </input_file>
      <input_file id="fl-115">
         <path>C:\ti\ccs901\ccs\tools\compiler\ti-cgt-arm_18.12.1.LTS\lib\</path>
         <kind>archive</kind>
         <file>rtsv7R4_A_be_v3D16_eabi.lib</file>
         <name>s_floor.c.obj</name>
      </input_file>
      <input_file id="fl-116">
         <path>C:\ti\ccs901\ccs\tools\compiler\ti-cgt-arm_18.12.1.LTS\lib\</path>
         <kind>archive</kind>
         <file>rtsv7R4_A_be_v3D16_eabi.lib</file>
         <name>printf.c.obj</name>
      </input_file>
      <input_file id="fl-117">
         <path>C:\ti\ccs901\ccs\tools\compiler\ti-cgt-arm_18.12.1.LTS\lib\</path>
         <kind>archive</kind>
         <file>rtsv7R4_A_be_v3D16_eabi.lib</file>
         <name>fprintf.c.obj</name>
      </input_file>
      <input_file id="fl-118">
         <path>C:\ti\ccs901\ccs\tools\compiler\ti-cgt-arm_18.12.1.LTS\lib\</path>
         <kind>archive</kind>
         <file>rtsv7R4_A_be_v3D16_eabi.lib</file>
         <name>_printfi.c.obj</name>
      </input_file>
      <input_file id="fl-119">
         <path>C:\ti\ccs901\ccs\tools\compiler\ti-cgt-arm_18.12.1.LTS\lib\</path>
         <kind>archive</kind>
         <file>rtsv7R4_A_be_v3D16_eabi.lib</file>
         <name>fflush.c.obj</name>
      </input_file>
      <input_file id="fl-11a">
         <path>C:\ti\ccs901\ccs\tools\compiler\ti-cgt-arm_18.12.1.LTS\lib\</path>
         <kind>archive</kind>
         <file>rtsv7R4_A_be_v3D16_eabi.lib</file>
         <name>fgetc.c.obj</name>
      </input_file>
      <input_file id="fl-11b">
         <path>C:\ti\ccs901\ccs\tools\compiler\ti-cgt-arm_18.12.1.LTS\lib\</path>
         <kind>archive</kind>
         <file>rtsv7R4_A_be_v3D16_eabi.lib</file>
         <name>fputc.c.obj</name>
      </input_file>
      <input_file id="fl-11c">
         <path>C:\ti\ccs901\ccs\tools\compiler\ti-cgt-arm_18.12.1.LTS\lib\</path>
         <kind>archive</kind>
         <file>rtsv7R4_A_be_v3D16_eabi.lib</file>
         <name>fputs.c.obj</name>
      </input_file>
      <input_file id="fl-11d">
         <path>C:\ti\ccs901\ccs\tools\compiler\ti-cgt-arm_18.12.1.LTS\lib\</path>
         <kind>archive</kind>
         <file>rtsv7R4_A_be_v3D16_eabi.lib</file>
         <name>_bufread.c.obj</name>
      </input_file>
      <input_file id="fl-11e">
         <path>C:\ti\ccs901\ccs\tools\compiler\ti-cgt-arm_18.12.1.LTS\lib\</path>
         <kind>archive</kind>
         <file>rtsv7R4_A_be_v3D16_eabi.lib</file>
         <name>_io_perm.c.obj</name>
      </input_file>
      <input_file id="fl-11f">
         <path>C:\ti\ccs901\ccs\tools\compiler\ti-cgt-arm_18.12.1.LTS\lib\</path>
         <kind>archive</kind>
         <file>rtsv7R4_A_be_v3D16_eabi.lib</file>
         <name>setvbuf.c.obj</name>
      </input_file>
      <input_file id="fl-120">
         <path>C:\ti\ccs901\ccs\tools\compiler\ti-cgt-arm_18.12.1.LTS\lib\</path>
         <kind>archive</kind>
         <file>rtsv7R4_A_be_v3D16_eabi.lib</file>
         <name>ll_lsl32.asm.obj</name>
      </input_file>
      <input_file id="fl-121">
         <path>C:\ti\ccs901\ccs\tools\compiler\ti-cgt-arm_18.12.1.LTS\lib\</path>
         <kind>archive</kind>
         <file>rtsv7R4_A_be_v3D16_eabi.lib</file>
         <name>ll_lsr32.asm.obj</name>
      </input_file>
      <input_file id="fl-122">
         <path>C:\ti\ccs901\ccs\tools\compiler\ti-cgt-arm_18.12.1.LTS\lib\</path>
         <kind>archive</kind>
         <file>rtsv7R4_A_be_v3D16_eabi.lib</file>
         <name>memcpy32.asm.obj</name>
      </input_file>
      <input_file id="fl-123">
         <path>C:\ti\ccs901\ccs\tools\compiler\ti-cgt-arm_18.12.1.LTS\lib\</path>
         <kind>archive</kind>
         <file>rtsv7R4_A_be_v3D16_eabi.lib</file>
         <name>i_div32.asm.obj</name>
      </input_file>
      <input_file id="fl-124">
         <path>C:\ti\ccs901\ccs\tools\compiler\ti-cgt-arm_18.12.1.LTS\lib\</path>
         <kind>archive</kind>
         <file>rtsv7R4_A_be_v3D16_eabi.lib</file>
         <name>u_div32.asm.obj</name>
      </input_file>
      <input_file id="fl-125">
         <path>C:\ti\ccs901\ccs\tools\compiler\ti-cgt-arm_18.12.1.LTS\lib\</path>
         <kind>archive</kind>
         <file>rtsv7R4_A_be_v3D16_eabi.lib</file>
         <name>memset32.asm.obj</name>
      </input_file>
      <input_file id="fl-126">
         <path>C:\ti\ccs901\ccs\tools\compiler\ti-cgt-arm_18.12.1.LTS\lib\</path>
         <kind>archive</kind>
         <file>rtsv7R4_A_be_v3D16_eabi.lib</file>
         <name>ll_div32.asm.obj</name>
      </input_file>
      <input_file id="fl-127">
         <path>C:\ti\ccs901\ccs\tools\compiler\ti-cgt-arm_18.12.1.LTS\lib\</path>
         <kind>archive</kind>
         <file>rtsv7R4_A_be_v3D16_eabi.lib</file>
         <name>ull_div32.asm.obj</name>
      </input_file>
      <input_file id="fl-128">
         <path>C:\ti\ccs901\ccs\tools\compiler\ti-cgt-arm_18.12.1.LTS\lib\</path>
         <kind>archive</kind>
         <file>rtsv7R4_A_be_v3D16_eabi.lib</file>
         <name>autoinit.c.obj</name>
      </input_file>
      <input_file id="fl-129">
         <path>C:\ti\ccs901\ccs\tools\compiler\ti-cgt-arm_18.12.1.LTS\lib\</path>
         <kind>archive</kind>
         <file>rtsv7R4_A_be_v3D16_eabi.lib</file>
         <name>cpy_tbl.c.obj</name>
      </input_file>
      <input_file id="fl-12a">
         <path>C:\ti\ccs901\ccs\tools\compiler\ti-cgt-arm_18.12.1.LTS\lib\</path>
         <kind>archive</kind>
         <file>rtsv7R4_A_be_v3D16_eabi.lib</file>
         <name>copy_zero_init.c.obj</name>
      </input_file>
      <input_file id="fl-12b">
         <path>C:\ti\ccs901\ccs\tools\compiler\ti-cgt-arm_18.12.1.LTS\lib\</path>
         <kind>archive</kind>
         <file>rtsv7R4_A_be_v3D16_eabi.lib</file>
         <name>copy_decompress_none.c.obj</name>
      </input_file>
      <input_file id="fl-12c">
         <path>C:\ti\ccs901\ccs\tools\compiler\ti-cgt-arm_18.12.1.LTS\lib\</path>
         <kind>archive</kind>
         <file>rtsv7R4_A_be_v3D16_eabi.lib</file>
         <name>copy_decompress_lzss.c.obj</name>
      </input_file>
      <input_file id="fl-12d">
         <path>C:\ti\ccs901\ccs\tools\compiler\ti-cgt-arm_18.12.1.LTS\lib\</path>
         <kind>archive</kind>
         <file>rtsv7R4_A_be_v3D16_eabi.lib</file>
         <name>exit.c.obj</name>
      </input_file>
      <input_file id="fl-12e">
         <path>C:\ti\ccs901\ccs\tools\compiler\ti-cgt-arm_18.12.1.LTS\lib\</path>
         <kind>archive</kind>
         <file>rtsv7R4_A_be_v3D16_eabi.lib</file>
         <name>_lock.c.obj</name>
      </input_file>
      <input_file id="fl-12f">
         <path>C:\ti\ccs901\ccs\tools\compiler\ti-cgt-arm_18.12.1.LTS\lib\</path>
         <kind>archive</kind>
         <file>rtsv7R4_A_be_v3D16_eabi.lib</file>
         <name>atoi.c.obj</name>
      </input_file>
      <input_file id="fl-130">
         <path>C:\ti\ccs901\ccs\tools\compiler\ti-cgt-arm_18.12.1.LTS\lib\</path>
         <kind>archive</kind>
         <file>rtsv7R4_A_be_v3D16_eabi.lib</file>
         <name>ctype.c.obj</name>
      </input_file>
      <input_file id="fl-131">
         <path>C:\ti\ccs901\ccs\tools\compiler\ti-cgt-arm_18.12.1.LTS\lib\</path>
         <kind>archive</kind>
         <file>rtsv7R4_A_be_v3D16_eabi.lib</file>
         <name>defs.c.obj</name>
      </input_file>
      <input_file id="fl-132">
         <path>C:\ti\ccs901\ccs\tools\compiler\ti-cgt-arm_18.12.1.LTS\lib\</path>
         <kind>archive</kind>
         <file>rtsv7R4_A_be_v3D16_eabi.lib</file>
         <name>ltoa.c.obj</name>
      </input_file>
      <input_file id="fl-133">
         <path>C:\ti\ccs901\ccs\tools\compiler\ti-cgt-arm_18.12.1.LTS\lib\</path>
         <kind>archive</kind>
         <file>rtsv7R4_A_be_v3D16_eabi.lib</file>
         <name>memccpy.c.obj</name>
      </input_file>
      <input_file id="fl-134">
         <path>C:\ti\ccs901\ccs\tools\compiler\ti-cgt-arm_18.12.1.LTS\lib\</path>
         <kind>archive</kind>
         <file>rtsv7R4_A_be_v3D16_eabi.lib</file>
         <name>memchr.c.obj</name>
      </input_file>
      <input_file id="fl-135">
         <path>C:\ti\ccs901\ccs\tools\compiler\ti-cgt-arm_18.12.1.LTS\lib\</path>
         <kind>archive</kind>
         <file>rtsv7R4_A_be_v3D16_eabi.lib</file>
         <name>memory.c.obj</name>
      </input_file>
      <input_file id="fl-136">
         <path>C:\ti\ccs901\ccs\tools\compiler\ti-cgt-arm_18.12.1.LTS\lib\</path>
         <kind>archive</kind>
         <file>rtsv7R4_A_be_v3D16_eabi.lib</file>
         <name>strcat.c.obj</name>
      </input_file>
      <input_file id="fl-137">
         <path>C:\ti\ccs901\ccs\tools\compiler\ti-cgt-arm_18.12.1.LTS\lib\</path>
         <kind>archive</kind>
         <file>rtsv7R4_A_be_v3D16_eabi.lib</file>
         <name>strchr.c.obj</name>
      </input_file>
      <input_file id="fl-138">
         <path>C:\ti\ccs901\ccs\tools\compiler\ti-cgt-arm_18.12.1.LTS\lib\</path>
         <kind>archive</kind>
         <file>rtsv7R4_A_be_v3D16_eabi.lib</file>
         <name>strcmp.c.obj</name>
      </input_file>
      <input_file id="fl-139">
         <path>C:\ti\ccs901\ccs\tools\compiler\ti-cgt-arm_18.12.1.LTS\lib\</path>
         <kind>archive</kind>
         <file>rtsv7R4_A_be_v3D16_eabi.lib</file>
         <name>strcpy.c.obj</name>
      </input_file>
      <input_file id="fl-13a">
         <path>C:\ti\ccs901\ccs\tools\compiler\ti-cgt-arm_18.12.1.LTS\lib\</path>
         <kind>archive</kind>
         <file>rtsv7R4_A_be_v3D16_eabi.lib</file>
         <name>strlen.c.obj</name>
      </input_file>
      <input_file id="fl-13b">
         <path>C:\ti\ccs901\ccs\tools\compiler\ti-cgt-arm_18.12.1.LTS\lib\</path>
         <kind>archive</kind>
         <file>rtsv7R4_A_be_v3D16_eabi.lib</file>
         <name>strncmp.c.obj</name>
      </input_file>
      <input_file id="fl-13c">
         <path>C:\ti\ccs901\ccs\tools\compiler\ti-cgt-arm_18.12.1.LTS\lib\</path>
         <kind>archive</kind>
         <file>rtsv7R4_A_be_v3D16_eabi.lib</file>
         <name>strtoul.c.obj</name>
      </input_file>
      <input_file id="fl-13d">
         <path>C:\ti\ccs901\ccs\tools\compiler\ti-cgt-arm_18.12.1.LTS\lib\</path>
         <kind>archive</kind>
         <file>rtsv7R4_A_be_v3D16_eabi.lib</file>
         <name>write.c.obj</name>
      </input_file>
      <input_file id="fl-13e">
         <path>C:\ti\ccs901\ccs\tools\compiler\ti-cgt-arm_18.12.1.LTS\lib\</path>
         <kind>archive</kind>
         <file>rtsv7R4_A_be_v3D16_eabi.lib</file>
         <name>host_device.c.obj</name>
      </input_file>
      <input_file id="fl-13f">
         <path>C:\ti\ccs901\ccs\tools\compiler\ti-cgt-arm_18.12.1.LTS\lib\</path>
         <kind>archive</kind>
         <file>rtsv7R4_A_be_v3D16_eabi.lib</file>
         <name>read.c.obj</name>
      </input_file>
      <input_file id="fl-140">
         <path>C:\ti\ccs901\ccs\tools\compiler\ti-cgt-arm_18.12.1.LTS\lib\</path>
         <kind>archive</kind>
         <file>rtsv7R4_A_be_v3D16_eabi.lib</file>
         <name>errno.c.obj</name>
      </input_file>
      <input_file id="fl-141">
         <path>C:\ti\ccs901\ccs\tools\compiler\ti-cgt-arm_18.12.1.LTS\lib\</path>
         <kind>archive</kind>
         <file>rtsv7R4_A_be_v3D16_eabi.lib</file>
         <name>wcslen.c.obj</name>
      </input_file>
      <input_file id="fl-142">
         <path>C:\ti\ccs901\ccs\tools\compiler\ti-cgt-arm_18.12.1.LTS\lib\</path>
         <kind>archive</kind>
         <file>rtsv7R4_A_be_v3D16_eabi.lib</file>
         <name>s_frexp.c.obj</name>
      </input_file>
      <input_file id="fl-143">
         <path>C:\ti\ccs901\ccs\tools\compiler\ti-cgt-arm_18.12.1.LTS\lib\</path>
         <kind>archive</kind>
         <file>rtsv7R4_A_be_v3D16_eabi.lib</file>
         <name>s_scalbn.c.obj</name>
      </input_file>
      <input_file id="fl-144">
         <path>C:\ti\ccs901\ccs\tools\compiler\ti-cgt-arm_18.12.1.LTS\lib\</path>
         <kind>archive</kind>
         <file>rtsv7R4_A_be_v3D16_eabi.lib</file>
         <name>fopen.c.obj</name>
      </input_file>
      <input_file id="fl-145">
         <path>C:\ti\ccs901\ccs\tools\compiler\ti-cgt-arm_18.12.1.LTS\lib\</path>
         <kind>archive</kind>
         <file>rtsv7R4_A_be_v3D16_eabi.lib</file>
         <name>fseek.c.obj</name>
      </input_file>
      <input_file id="fl-146">
         <path>C:\ti\ccs901\ccs\tools\compiler\ti-cgt-arm_18.12.1.LTS\lib\</path>
         <kind>archive</kind>
         <file>rtsv7R4_A_be_v3D16_eabi.lib</file>
         <name>div0.asm.obj</name>
      </input_file>
      <input_file id="fl-147">
         <path>C:\ti\ccs901\ccs\tools\compiler\ti-cgt-arm_18.12.1.LTS\lib\</path>
         <kind>archive</kind>
         <file>rtsv7R4_A_be_v3D16_eabi.lib</file>
         <name>hostclose.c.obj</name>
      </input_file>
      <input_file id="fl-148">
         <path>C:\ti\ccs901\ccs\tools\compiler\ti-cgt-arm_18.12.1.LTS\lib\</path>
         <kind>archive</kind>
         <file>rtsv7R4_A_be_v3D16_eabi.lib</file>
         <name>hostlseek.c.obj</name>
      </input_file>
      <input_file id="fl-149">
         <path>C:\ti\ccs901\ccs\tools\compiler\ti-cgt-arm_18.12.1.LTS\lib\</path>
         <kind>archive</kind>
         <file>rtsv7R4_A_be_v3D16_eabi.lib</file>
         <name>hostopen.c.obj</name>
      </input_file>
      <input_file id="fl-14a">
         <path>C:\ti\ccs901\ccs\tools\compiler\ti-cgt-arm_18.12.1.LTS\lib\</path>
         <kind>archive</kind>
         <file>rtsv7R4_A_be_v3D16_eabi.lib</file>
         <name>hostread.c.obj</name>
      </input_file>
      <input_file id="fl-14b">
         <path>C:\ti\ccs901\ccs\tools\compiler\ti-cgt-arm_18.12.1.LTS\lib\</path>
         <kind>archive</kind>
         <file>rtsv7R4_A_be_v3D16_eabi.lib</file>
         <name>hostrename.c.obj</name>
      </input_file>
      <input_file id="fl-14c">
         <path>C:\ti\ccs901\ccs\tools\compiler\ti-cgt-arm_18.12.1.LTS\lib\</path>
         <kind>archive</kind>
         <file>rtsv7R4_A_be_v3D16_eabi.lib</file>
         <name>hostunlink.c.obj</name>
      </input_file>
      <input_file id="fl-14d">
         <path>C:\ti\ccs901\ccs\tools\compiler\ti-cgt-arm_18.12.1.LTS\lib\</path>
         <kind>archive</kind>
         <file>rtsv7R4_A_be_v3D16_eabi.lib</file>
         <name>hostwrite.c.obj</name>
      </input_file>
      <input_file id="fl-14e">
         <path>C:\ti\ccs901\ccs\tools\compiler\ti-cgt-arm_18.12.1.LTS\lib\</path>
         <kind>archive</kind>
         <file>rtsv7R4_A_be_v3D16_eabi.lib</file>
         <name>trgmsg.c.obj</name>
      </input_file>
      <input_file id="fl-14f">
         <path>C:\ti\ccs901\ccs\tools\compiler\ti-cgt-arm_18.12.1.LTS\lib\</path>
         <kind>archive</kind>
         <file>rtsv7R4_A_be_v3D16_eabi.lib</file>
         <name>open.c.obj</name>
      </input_file>
      <input_file id="fl-150">
         <path>C:\ti\ccs901\ccs\tools\compiler\ti-cgt-arm_18.12.1.LTS\lib\</path>
         <kind>archive</kind>
         <file>rtsv7R4_A_be_v3D16_eabi.lib</file>
         <name>lseek.c.obj</name>
      </input_file>
      <input_file id="fl-151">
         <path>C:\ti\ccs901\ccs\tools\compiler\ti-cgt-arm_18.12.1.LTS\lib\</path>
         <kind>archive</kind>
         <file>rtsv7R4_A_be_v3D16_eabi.lib</file>
         <name>s_copysign.c.obj</name>
      </input_file>
      <input_file id="fl-152">
         <path>C:\ti\ccs901\ccs\tools\compiler\ti-cgt-arm_18.12.1.LTS\lib\</path>
         <kind>archive</kind>
         <file>rtsv7R4_A_be_v3D16_eabi.lib</file>
         <name>fclose.c.obj</name>
      </input_file>
      <input_file id="fl-153">
         <path>C:\ti\ccs901\ccs\tools\compiler\ti-cgt-arm_18.12.1.LTS\lib\</path>
         <kind>archive</kind>
         <file>rtsv7R4_A_be_v3D16_eabi.lib</file>
         <name>getdevice.c.obj</name>
      </input_file>
      <input_file id="fl-154">
         <path>C:\ti\ccs901\ccs\tools\compiler\ti-cgt-arm_18.12.1.LTS\lib\</path>
         <kind>archive</kind>
         <file>rtsv7R4_A_be_v3D16_eabi.lib</file>
         <name>strncpy.c.obj</name>
      </input_file>
      <input_file id="fl-155">
         <path>C:\ti\ccs901\ccs\tools\compiler\ti-cgt-arm_18.12.1.LTS\lib\</path>
         <kind>archive</kind>
         <file>rtsv7R4_A_be_v3D16_eabi.lib</file>
         <name>remove.c.obj</name>
      </input_file>
      <input_file id="fl-156">
         <path>C:\ti\ccs901\ccs\tools\compiler\ti-cgt-arm_18.12.1.LTS\lib\</path>
         <kind>archive</kind>
         <file>rtsv7R4_A_be_v3D16_eabi.lib</file>
         <name>close.c.obj</name>
      </input_file>
      <input_file id="fl-157">
         <path>C:\ti\ccs901\ccs\tools\compiler\ti-cgt-arm_18.12.1.LTS\lib\</path>
         <kind>archive</kind>
         <file>rtsv7R4_A_be_v3D16_eabi.lib</file>
         <name>unlink.c.obj</name>
      </input_file>
   </input_file_list>
   <object_component_list>
      <object_component id="oc-2a">
         <name>.intvecs</name>
         <load_address>0x0</load_address>
         <run_address>0x0</run_address>
         <size>0x20</size>
         <input_file_ref idref="fl-47"/>
      </object_component>
      <object_component id="oc-14a">
         <name>.kernelTEXT</name>
         <load_address>0x20</load_address>
         <run_address>0x20</run_address>
         <size>0x2f2c</size>
         <input_file_ref idref="fl-5a"/>
      </object_component>
      <object_component id="oc-2aa">
         <name>.kernelTEXT</name>
         <load_address>0x2f4c</load_address>
         <run_address>0x2f4c</run_address>
         <size>0x12e4</size>
         <input_file_ref idref="fl-59"/>
      </object_component>
      <object_component id="oc-2b0">
         <name>.kernelTEXT</name>
         <load_address>0x4230</load_address>
         <run_address>0x4230</run_address>
         <size>0x81c</size>
         <input_file_ref idref="fl-53"/>
      </object_component>
      <object_component id="oc-a3">
         <name>.kernelTEXT</name>
         <load_address>0x4a4c</load_address>
         <run_address>0x4a4c</run_address>
         <size>0x4b0</size>
         <input_file_ref idref="fl-58"/>
      </object_component>
      <object_component id="oc-2dd">
         <name>.kernelTEXT</name>
         <load_address>0x4efc</load_address>
         <run_address>0x4efc</run_address>
         <size>0x3dc</size>
         <input_file_ref idref="fl-57"/>
      </object_component>
      <object_component id="oc-2d1">
         <name>.kernelTEXT</name>
         <load_address>0x52d8</load_address>
         <run_address>0x52d8</run_address>
         <size>0x380</size>
         <input_file_ref idref="fl-54"/>
      </object_component>
      <object_component id="oc-7f5">
         <name>.cinit..data.load</name>
         <load_address>0x5e60</load_address>
         <run_address>0x5e60</run_address>
         <size>0x7f</size>
      </object_component>
      <object_component id="oc-7f0">
         <name>__TI_handler_table</name>
         <load_address>0x5ee0</load_address>
         <run_address>0x5ee0</run_address>
         <size>0xc</size>
      </object_component>
      <object_component id="oc-7f2">
         <name>.cinit..kernelBSS.load</name>
         <load_address>0x5eec</load_address>
         <run_address>0x5eec</run_address>
         <size>0x9</size>
      </object_component>
      <object_component id="oc-7f4">
         <name>.cinit..bss.load</name>
         <load_address>0x5ef8</load_address>
         <run_address>0x5ef8</run_address>
         <size>0x8</size>
      </object_component>
      <object_component id="oc-7f3">
         <name>.cinit..kernelHEAP.load</name>
         <load_address>0x5f00</load_address>
         <run_address>0x5f00</run_address>
         <size>0x8</size>
      </object_component>
      <object_component id="oc-7f1">
         <name>__TI_cinit_table</name>
         <load_address>0x5f08</load_address>
         <run_address>0x5f08</run_address>
         <size>0x20</size>
      </object_component>
      <object_component id="oc-132">
         <name>.text</name>
         <load_address>0x8020</load_address>
         <run_address>0x8020</run_address>
         <size>0x2a48</size>
         <input_file_ref idref="fl-18"/>
      </object_component>
      <object_component id="oc-38b">
         <name>.text</name>
         <load_address>0xaa68</load_address>
         <run_address>0xaa68</run_address>
         <size>0x2854</size>
         <input_file_ref idref="fl-d"/>
      </object_component>
      <object_component id="oc-230">
         <name>.text</name>
         <load_address>0xd2bc</load_address>
         <run_address>0xd2bc</run_address>
         <size>0x1b40</size>
         <input_file_ref idref="fl-6"/>
      </object_component>
      <object_component id="oc-382">
         <name>.text</name>
         <load_address>0xedfc</load_address>
         <run_address>0xedfc</run_address>
         <size>0x1374</size>
         <input_file_ref idref="fl-7"/>
      </object_component>
      <object_component id="oc-37c">
         <name>.text</name>
         <load_address>0x10170</load_address>
         <run_address>0x10170</run_address>
         <size>0x11a0</size>
         <input_file_ref idref="fl-c"/>
      </object_component>
      <object_component id="oc-354">
         <name>.text</name>
         <load_address>0x11310</load_address>
         <run_address>0x11310</run_address>
         <size>0x10d8</size>
         <input_file_ref idref="fl-5"/>
      </object_component>
      <object_component id="oc-286">
         <name>.text:__TI_printfi</name>
         <load_address>0x123e8</load_address>
         <run_address>0x123e8</run_address>
         <size>0xfac</size>
         <input_file_ref idref="fl-118"/>
      </object_component>
      <object_component id="oc-370">
         <name>.text</name>
         <load_address>0x13394</load_address>
         <run_address>0x13394</run_address>
         <size>0xb0c</size>
         <input_file_ref idref="fl-e"/>
      </object_component>
      <object_component id="oc-144">
         <name>.text</name>
         <load_address>0x13ea0</load_address>
         <run_address>0x13ea0</run_address>
         <size>0xa00</size>
         <input_file_ref idref="fl-56"/>
      </object_component>
      <object_component id="oc-de">
         <name>.text</name>
         <load_address>0x148a0</load_address>
         <run_address>0x148a0</run_address>
         <size>0x9c8</size>
         <input_file_ref idref="fl-42"/>
      </object_component>
      <object_component id="oc-6c">
         <name>.text</name>
         <load_address>0x15268</load_address>
         <run_address>0x15268</run_address>
         <size>0x99c</size>
         <input_file_ref idref="fl-50"/>
      </object_component>
      <object_component id="oc-39">
         <name>.text</name>
         <load_address>0x15c04</load_address>
         <run_address>0x15c04</run_address>
         <size>0x93c</size>
         <input_file_ref idref="fl-4f"/>
      </object_component>
      <object_component id="oc-248">
         <name>.text</name>
         <load_address>0x16540</load_address>
         <run_address>0x16540</run_address>
         <size>0x8f8</size>
         <input_file_ref idref="fl-17"/>
      </object_component>
      <object_component id="oc-84">
         <name>.text</name>
         <load_address>0x16e38</load_address>
         <run_address>0x16e38</run_address>
         <size>0x78c</size>
         <input_file_ref idref="fl-36"/>
      </object_component>
      <object_component id="oc-72">
         <name>.text</name>
         <load_address>0x175c4</load_address>
         <run_address>0x175c4</run_address>
         <size>0x664</size>
         <input_file_ref idref="fl-35"/>
      </object_component>
      <object_component id="oc-516">
         <name>.text</name>
         <load_address>0x17c28</load_address>
         <run_address>0x17c28</run_address>
         <size>0x5b8</size>
         <input_file_ref idref="fl-9"/>
      </object_component>
      <object_component id="oc-376">
         <name>.text</name>
         <load_address>0x181e0</load_address>
         <run_address>0x181e0</run_address>
         <size>0x538</size>
         <input_file_ref idref="fl-11"/>
      </object_component>
      <object_component id="oc-13e">
         <name>.text</name>
         <load_address>0x18718</load_address>
         <run_address>0x18718</run_address>
         <size>0x484</size>
         <input_file_ref idref="fl-38"/>
      </object_component>
      <object_component id="oc-4ea">
         <name>.text</name>
         <load_address>0x18b9c</load_address>
         <run_address>0x18b9c</run_address>
         <size>0x46c</size>
         <input_file_ref idref="fl-4"/>
      </object_component>
      <object_component id="oc-266">
         <name>.text</name>
         <load_address>0x19008</load_address>
         <run_address>0x19008</run_address>
         <size>0x3e0</size>
         <input_file_ref idref="fl-2a"/>
      </object_component>
      <object_component id="oc-67">
         <name>.text</name>
         <load_address>0x193e8</load_address>
         <run_address>0x193e8</run_address>
         <size>0x3c4</size>
         <input_file_ref idref="fl-45"/>
      </object_component>
      <object_component id="oc-236">
         <name>.text</name>
         <load_address>0x197ac</load_address>
         <run_address>0x197ac</run_address>
         <size>0x3c4</size>
         <input_file_ref idref="fl-27"/>
      </object_component>
      <object_component id="oc-8a">
         <name>.text</name>
         <load_address>0x19b70</load_address>
         <run_address>0x19b70</run_address>
         <size>0x36c</size>
         <input_file_ref idref="fl-49"/>
      </object_component>
      <object_component id="oc-35">
         <name>.text:retain</name>
         <load_address>0x19edc</load_address>
         <run_address>0x19edc</run_address>
         <size>0x33c</size>
         <input_file_ref idref="fl-4f"/>
      </object_component>
      <object_component id="oc-4f0">
         <name>.text</name>
         <load_address>0x1a218</load_address>
         <run_address>0x1a218</run_address>
         <size>0x328</size>
         <input_file_ref idref="fl-25"/>
      </object_component>
      <object_component id="oc-36a">
         <name>.text</name>
         <load_address>0x1a540</load_address>
         <run_address>0x1a540</run_address>
         <size>0x304</size>
         <input_file_ref idref="fl-8"/>
      </object_component>
      <object_component id="oc-e4">
         <name>.text</name>
         <load_address>0x1a844</load_address>
         <run_address>0x1a844</run_address>
         <size>0x2dc</size>
         <input_file_ref idref="fl-31"/>
      </object_component>
      <object_component id="oc-3f2">
         <name>.text:_pconv_a</name>
         <load_address>0x1ab20</load_address>
         <run_address>0x1ab20</run_address>
         <size>0x2dc</size>
         <input_file_ref idref="fl-118"/>
      </object_component>
      <object_component id="oc-558">
         <name>.text</name>
         <load_address>0x1adfc</load_address>
         <run_address>0x1adfc</run_address>
         <size>0x2b8</size>
         <input_file_ref idref="fl-127"/>
      </object_component>
      <object_component id="oc-44e">
         <name>.text</name>
         <load_address>0x1b0b4</load_address>
         <run_address>0x1b0b4</run_address>
         <size>0x278</size>
         <input_file_ref idref="fl-54"/>
      </object_component>
      <object_component id="oc-3e0">
         <name>.text:_pconv_g</name>
         <load_address>0x1b32c</load_address>
         <run_address>0x1b32c</run_address>
         <size>0x248</size>
         <input_file_ref idref="fl-118"/>
      </object_component>
      <object_component id="oc-2d7">
         <name>.text</name>
         <load_address>0x1b574</load_address>
         <run_address>0x1b574</run_address>
         <size>0x238</size>
         <input_file_ref idref="fl-55"/>
      </object_component>
      <object_component id="oc-625">
         <name>.text</name>
         <load_address>0x1b7ac</load_address>
         <run_address>0x1b7ac</run_address>
         <size>0x218</size>
         <input_file_ref idref="fl-b"/>
      </object_component>
      <object_component id="oc-7e">
         <name>.text</name>
         <load_address>0x1b9c4</load_address>
         <run_address>0x1b9c4</run_address>
         <size>0x1fc</size>
         <input_file_ref idref="fl-3f"/>
      </object_component>
      <object_component id="oc-90">
         <name>.text</name>
         <load_address>0x1bbc0</load_address>
         <run_address>0x1bbc0</run_address>
         <size>0x1a8</size>
         <input_file_ref idref="fl-48"/>
      </object_component>
      <object_component id="oc-420">
         <name>.text:fputs</name>
         <load_address>0x1bd68</load_address>
         <run_address>0x1bd68</run_address>
         <size>0x1a4</size>
         <input_file_ref idref="fl-11c"/>
      </object_component>
      <object_component id="oc-690">
         <name>.text:aligned_alloc</name>
         <load_address>0x1bf0c</load_address>
         <run_address>0x1bf0c</run_address>
         <size>0x180</size>
         <input_file_ref idref="fl-135"/>
      </object_component>
      <object_component id="oc-4f">
         <name>.text</name>
         <load_address>0x1c08c</load_address>
         <run_address>0x1c08c</run_address>
         <size>0x180</size>
         <input_file_ref idref="fl-122"/>
      </object_component>
      <object_component id="oc-6ba">
         <name>.text:free</name>
         <load_address>0x1c20c</load_address>
         <run_address>0x1c20c</run_address>
         <size>0x178</size>
         <input_file_ref idref="fl-135"/>
      </object_component>
      <object_component id="oc-21">
         <name>.text:retain</name>
         <load_address>0x1c384</load_address>
         <run_address>0x1c384</run_address>
         <size>0x178</size>
         <input_file_ref idref="fl-36"/>
      </object_component>
      <object_component id="oc-2a4">
         <name>.text</name>
         <load_address>0x1c4fc</load_address>
         <run_address>0x1c4fc</run_address>
         <size>0x164</size>
         <input_file_ref idref="fl-5a"/>
      </object_component>
      <object_component id="oc-3ec">
         <name>.text:_pconv_e</name>
         <load_address>0x1c660</load_address>
         <run_address>0x1c660</run_address>
         <size>0x15c</size>
         <input_file_ref idref="fl-118"/>
      </object_component>
      <object_component id="oc-673">
         <name>.text:setvbuf</name>
         <load_address>0x1c7bc</load_address>
         <run_address>0x1c7bc</run_address>
         <size>0x158</size>
         <input_file_ref idref="fl-11f"/>
      </object_component>
      <object_component id="oc-697">
         <name>.text</name>
         <load_address>0x1c914</load_address>
         <run_address>0x1c914</run_address>
         <size>0x144</size>
         <input_file_ref idref="fl-24"/>
      </object_component>
      <object_component id="oc-571">
         <name>.text:fcvt</name>
         <load_address>0x1ca58</load_address>
         <run_address>0x1ca58</run_address>
         <size>0x144</size>
         <input_file_ref idref="fl-118"/>
      </object_component>
      <object_component id="oc-45e">
         <name>.text</name>
         <load_address>0x1cb9c</load_address>
         <run_address>0x1cb9c</run_address>
         <size>0x13c</size>
         <input_file_ref idref="fl-57"/>
      </object_component>
      <object_component id="oc-585">
         <name>.text:scalbn</name>
         <load_address>0x1ccd8</load_address>
         <run_address>0x1ccd8</run_address>
         <size>0x120</size>
         <input_file_ref idref="fl-143"/>
      </object_component>
      <object_component id="oc-3da">
         <name>.text:_ltostr</name>
         <load_address>0x1cdf8</load_address>
         <run_address>0x1cdf8</run_address>
         <size>0x115</size>
         <input_file_ref idref="fl-118"/>
      </object_component>
      <object_component id="oc-427">
         <name>.text:fputc</name>
         <load_address>0x1cf10</load_address>
         <run_address>0x1cf10</run_address>
         <size>0x100</size>
         <input_file_ref idref="fl-11b"/>
      </object_component>
      <object_component id="oc-23c">
         <name>.text</name>
         <load_address>0x1d010</load_address>
         <run_address>0x1d010</run_address>
         <size>0xf8</size>
         <input_file_ref idref="fl-13"/>
      </object_component>
      <object_component id="oc-34e">
         <name>.text</name>
         <load_address>0x1d108</load_address>
         <run_address>0x1d108</run_address>
         <size>0xf4</size>
         <input_file_ref idref="fl-29"/>
      </object_component>
      <object_component id="oc-1b">
         <name>.text:retain</name>
         <load_address>0x1d1fc</load_address>
         <run_address>0x1d1fc</run_address>
         <size>0xd8</size>
         <input_file_ref idref="fl-4e"/>
      </object_component>
      <object_component id="oc-56a">
         <name>.text:_mcpy</name>
         <load_address>0x1d2d4</load_address>
         <run_address>0x1d2d4</run_address>
         <size>0xc8</size>
         <input_file_ref idref="fl-118"/>
      </object_component>
      <object_component id="oc-704">
         <name>.text:__TI_closefile</name>
         <load_address>0x1d39c</load_address>
         <run_address>0x1d39c</run_address>
         <size>0xb8</size>
         <input_file_ref idref="fl-152"/>
      </object_component>
      <object_component id="oc-6f1">
         <name>.text:split</name>
         <load_address>0x1d454</load_address>
         <run_address>0x1d454</run_address>
         <size>0xb8</size>
         <input_file_ref idref="fl-135"/>
      </object_component>
      <object_component id="oc-4e3">
         <name>.text</name>
         <load_address>0x1d50c</load_address>
         <run_address>0x1d50c</run_address>
         <size>0xb4</size>
         <input_file_ref idref="fl-14"/>
      </object_component>
      <object_component id="oc-d7">
         <name>.text</name>
         <load_address>0x1d5c0</load_address>
         <run_address>0x1d5c0</run_address>
         <size>0xb0</size>
         <input_file_ref idref="fl-125"/>
      </object_component>
      <object_component id="oc-728">
         <name>.text:HOSTlseek</name>
         <load_address>0x1d670</load_address>
         <run_address>0x1d670</run_address>
         <size>0xac</size>
         <input_file_ref idref="fl-148"/>
      </object_component>
      <object_component id="oc-66d">
         <name>.text:fseek</name>
         <load_address>0x1d71c</load_address>
         <run_address>0x1d71c</run_address>
         <size>0xa8</size>
         <input_file_ref idref="fl-145"/>
      </object_component>
      <object_component id="oc-734">
         <name>.text:HOSTrename</name>
         <load_address>0x1d7c4</load_address>
         <run_address>0x1d7c4</run_address>
         <size>0xa4</size>
         <input_file_ref idref="fl-14b"/>
      </object_component>
      <object_component id="oc-5b4">
         <name>.text:__TI_wrt_ok</name>
         <load_address>0x1d868</load_address>
         <run_address>0x1d868</run_address>
         <size>0xa0</size>
         <input_file_ref idref="fl-11e"/>
      </object_component>
      <object_component id="oc-138">
         <name>.text:fprintf</name>
         <load_address>0x1d908</load_address>
         <run_address>0x1d908</run_address>
         <size>0x9c</size>
         <input_file_ref idref="fl-117"/>
      </object_component>
      <object_component id="oc-3a3">
         <name>.text:printf</name>
         <load_address>0x1d9a4</load_address>
         <run_address>0x1d9a4</run_address>
         <size>0x9c</size>
         <input_file_ref idref="fl-116"/>
      </object_component>
      <object_component id="oc-710">
         <name>.text:HOSTopen</name>
         <load_address>0x1da40</load_address>
         <run_address>0x1da40</run_address>
         <size>0x98</size>
         <input_file_ref idref="fl-149"/>
      </object_component>
      <object_component id="oc-564">
         <name>.text:_ecpy</name>
         <load_address>0x1dad8</load_address>
         <run_address>0x1dad8</run_address>
         <size>0x98</size>
         <input_file_ref idref="fl-118"/>
      </object_component>
      <object_component id="oc-747">
         <name>.text:close</name>
         <load_address>0x1db70</load_address>
         <run_address>0x1db70</run_address>
         <size>0x98</size>
         <input_file_ref idref="fl-156"/>
      </object_component>
      <object_component id="oc-71c">
         <name>.text:HOSTread</name>
         <load_address>0x1dc08</load_address>
         <run_address>0x1dc08</run_address>
         <size>0x90</size>
         <input_file_ref idref="fl-14a"/>
      </object_component>
      <object_component id="oc-722">
         <name>.text:HOSTwrite</name>
         <load_address>0x1dc98</load_address>
         <run_address>0x1dc98</run_address>
         <size>0x90</size>
         <input_file_ref idref="fl-14d"/>
      </object_component>
      <object_component id="oc-e">
         <name>.text:decompress:lzss:__TI_decompress_lzss</name>
         <load_address>0x1dd28</load_address>
         <run_address>0x1dd28</run_address>
         <size>0x90</size>
         <input_file_ref idref="fl-12c"/>
      </object_component>
      <object_component id="oc-57f">
         <name>.text:frexp</name>
         <load_address>0x1ddb8</load_address>
         <run_address>0x1ddb8</run_address>
         <size>0x8c</size>
         <input_file_ref idref="fl-142"/>
      </object_component>
      <object_component id="oc-26c">
         <name>.text</name>
         <load_address>0x1de44</load_address>
         <run_address>0x1de44</run_address>
         <size>0x8c</size>
         <input_file_ref idref="fl-15"/>
      </object_component>
      <object_component id="oc-260">
         <name>.text</name>
         <load_address>0x1ded0</load_address>
         <run_address>0x1ded0</run_address>
         <size>0x88</size>
         <input_file_ref idref="fl-28"/>
      </object_component>
      <object_component id="oc-5c0">
         <name>.text:__TI_doflush</name>
         <load_address>0x1df58</load_address>
         <run_address>0x1df58</run_address>
         <size>0x84</size>
         <input_file_ref idref="fl-119"/>
      </object_component>
      <object_component id="oc-3d4">
         <name>.text:atoi</name>
         <load_address>0x1dfdc</load_address>
         <run_address>0x1dfdc</run_address>
         <size>0x84</size>
         <input_file_ref idref="fl-12f"/>
      </object_component>
      <object_component id="oc-55e">
         <name>.text:ltoa</name>
         <load_address>0x1e060</load_address>
         <run_address>0x1e060</run_address>
         <size>0x80</size>
         <input_file_ref idref="fl-132"/>
      </object_component>
      <object_component id="oc-165">
         <name>.text:exit</name>
         <load_address>0x1e0e0</load_address>
         <run_address>0x1e0e0</run_address>
         <size>0x7c</size>
         <input_file_ref idref="fl-12d"/>
      </object_component>
      <object_component id="oc-716">
         <name>.text:HOSTclose</name>
         <load_address>0x1e15c</load_address>
         <run_address>0x1e15c</run_address>
         <size>0x74</size>
         <input_file_ref idref="fl-147"/>
      </object_component>
      <object_component id="oc-3e6">
         <name>.text:_pconv_f</name>
         <load_address>0x1e1d0</load_address>
         <run_address>0x1e1d0</run_address>
         <size>0x74</size>
         <input_file_ref idref="fl-118"/>
      </object_component>
      <object_component id="oc-72e">
         <name>.text:HOSTunlink</name>
         <load_address>0x1e244</load_address>
         <run_address>0x1e244</run_address>
         <size>0x70</size>
         <input_file_ref idref="fl-14c"/>
      </object_component>
      <object_component id="oc-77c">
         <name>.text:getdevice</name>
         <load_address>0x1e2b4</load_address>
         <run_address>0x1e2b4</run_address>
         <size>0x6c</size>
         <input_file_ref idref="fl-153"/>
      </object_component>
      <object_component id="oc-102">
         <name>.text:__TI_auto_init_nobinit_nopinit:__TI_auto_init_nobinit_nopinit</name>
         <load_address>0x1e320</load_address>
         <run_address>0x1e320</run_address>
         <size>0x68</size>
         <input_file_ref idref="fl-128"/>
      </object_component>
      <object_component id="oc-577">
         <name>.text:_fcpy</name>
         <load_address>0x1e388</load_address>
         <run_address>0x1e388</run_address>
         <size>0x64</size>
         <input_file_ref idref="fl-118"/>
      </object_component>
      <object_component id="oc-242">
         <name>.text</name>
         <load_address>0x1e3ec</load_address>
         <run_address>0x1e3ec</run_address>
         <size>0x60</size>
         <input_file_ref idref="fl-10"/>
      </object_component>
      <object_component id="oc-6c0">
         <name>.text:__TI_cleanup</name>
         <load_address>0x1e44c</load_address>
         <run_address>0x1e44c</run_address>
         <size>0x54</size>
         <input_file_ref idref="fl-144"/>
      </object_component>
      <object_component id="oc-75e">
         <name>.text:__TI_readmsg</name>
         <load_address>0x1e4a0</load_address>
         <run_address>0x1e4a0</run_address>
         <size>0x54</size>
         <input_file_ref idref="fl-14e"/>
      </object_component>
      <object_component id="oc-758">
         <name>.text:__TI_writemsg</name>
         <load_address>0x1e4f4</load_address>
         <run_address>0x1e4f4</run_address>
         <size>0x54</size>
         <input_file_ref idref="fl-14e"/>
      </object_component>
      <object_component id="oc-7a4">
         <name>.text:finddevice</name>
         <load_address>0x1e548</load_address>
         <run_address>0x1e548</run_address>
         <size>0x54</size>
         <input_file_ref idref="fl-153"/>
      </object_component>
      <object_component id="oc-63f">
         <name>.text</name>
         <load_address>0x1e59c</load_address>
         <run_address>0x1e59c</run_address>
         <size>0x54</size>
         <input_file_ref idref="fl-123"/>
      </object_component>
      <object_component id="oc-507">
         <name>.text:calloc</name>
         <load_address>0x1e5f0</load_address>
         <run_address>0x1e5f0</run_address>
         <size>0x50</size>
         <input_file_ref idref="fl-135"/>
      </object_component>
      <object_component id="oc-35a">
         <name>.text</name>
         <load_address>0x1e640</load_address>
         <run_address>0x1e640</run_address>
         <size>0x50</size>
         <input_file_ref idref="fl-124"/>
      </object_component>
      <object_component id="oc-79e">
         <name>.text:strncpy</name>
         <load_address>0x1e690</load_address>
         <run_address>0x1e690</run_address>
         <size>0x48</size>
         <input_file_ref idref="fl-154"/>
      </object_component>
      <object_component id="oc-74d">
         <name>.text:unlink</name>
         <load_address>0x1e6d8</load_address>
         <run_address>0x1e6d8</run_address>
         <size>0x48</size>
         <input_file_ref idref="fl-157"/>
      </object_component>
      <object_component id="oc-6b2">
         <name>.text:lseek</name>
         <load_address>0x1e720</load_address>
         <run_address>0x1e720</run_address>
         <size>0x44</size>
         <input_file_ref idref="fl-150"/>
      </object_component>
      <object_component id="oc-5c6">
         <name>.text:write</name>
         <load_address>0x1e764</load_address>
         <run_address>0x1e764</run_address>
         <size>0x44</size>
         <input_file_ref idref="fl-13d"/>
      </object_component>
      <object_component id="oc-6eb">
         <name>.text:free_list_insert</name>
         <load_address>0x1e7a8</load_address>
         <run_address>0x1e7a8</run_address>
         <size>0x40</size>
         <input_file_ref idref="fl-135"/>
      </object_component>
      <object_component id="oc-6e5">
         <name>.text:free_list_remove</name>
         <load_address>0x1e7e8</load_address>
         <run_address>0x1e7e8</run_address>
         <size>0x30</size>
         <input_file_ref idref="fl-135"/>
      </object_component>
      <object_component id="oc-3f8">
         <name>.text:memccpy</name>
         <load_address>0x1e818</load_address>
         <run_address>0x1e818</run_address>
         <size>0x2c</size>
         <input_file_ref idref="fl-133"/>
      </object_component>
      <object_component id="oc-5ba">
         <name>.text:memchr</name>
         <load_address>0x1e844</load_address>
         <run_address>0x1e844</run_address>
         <size>0x2c</size>
         <input_file_ref idref="fl-134"/>
      </object_component>
      <object_component id="oc-58b">
         <name>.text:strchr</name>
         <load_address>0x1e870</load_address>
         <run_address>0x1e870</run_address>
         <size>0x28</size>
         <input_file_ref idref="fl-137"/>
      </object_component>
      <object_component id="oc-7bb">
         <name>.text:strcmp</name>
         <load_address>0x1e898</load_address>
         <run_address>0x1e898</run_address>
         <size>0x28</size>
         <input_file_ref idref="fl-138"/>
      </object_component>
      <object_component id="oc-605">
         <name>.text</name>
         <load_address>0x1e8c0</load_address>
         <run_address>0x1e8c0</run_address>
         <size>0x24</size>
         <input_file_ref idref="fl-120"/>
      </object_component>
      <object_component id="oc-35f">
         <name>.text</name>
         <load_address>0x1e8e4</load_address>
         <run_address>0x1e8e4</run_address>
         <size>0x24</size>
         <input_file_ref idref="fl-121"/>
      </object_component>
      <object_component id="oc-3fe">
         <name>.text:wcslen</name>
         <load_address>0x1e908</load_address>
         <run_address>0x1e908</run_address>
         <size>0x24</size>
         <input_file_ref idref="fl-141"/>
      </object_component>
      <object_component id="oc-2e6">
         <name>.text:strlen</name>
         <load_address>0x1e92c</load_address>
         <run_address>0x1e92c</run_address>
         <size>0x20</size>
         <input_file_ref idref="fl-13a"/>
      </object_component>
      <object_component id="oc-651">
         <name>.text:copysign</name>
         <load_address>0x1e94c</load_address>
         <run_address>0x1e94c</run_address>
         <size>0x1c</size>
         <input_file_ref idref="fl-151"/>
      </object_component>
      <object_component id="oc-364">
         <name>.text</name>
         <load_address>0x1e968</load_address>
         <run_address>0x1e968</run_address>
         <size>0x18</size>
         <input_file_ref idref="fl-12"/>
      </object_component>
      <object_component id="oc-772">
         <name>.text:strcpy</name>
         <load_address>0x1e980</load_address>
         <run_address>0x1e980</run_address>
         <size>0x18</size>
         <input_file_ref idref="fl-139"/>
      </object_component>
      <object_component id="oc-14">
         <name>.text:decompress:none:__TI_decompress_none</name>
         <load_address>0x1e998</load_address>
         <run_address>0x1e998</run_address>
         <size>0x14</size>
         <input_file_ref idref="fl-12b"/>
      </object_component>
      <object_component id="oc-61">
         <name>.text:decompress:ZI:__TI_zero_init</name>
         <load_address>0x1e9ac</load_address>
         <run_address>0x1e9ac</run_address>
         <size>0x10</size>
         <input_file_ref idref="fl-12a"/>
      </object_component>
      <object_component id="oc-404">
         <name>.text:__aeabi_errno_addr</name>
         <load_address>0x1e9bc</load_address>
         <run_address>0x1e9bc</run_address>
         <size>0xc</size>
         <input_file_ref idref="fl-140"/>
      </object_component>
      <object_component id="oc-61c">
         <name>.text:malloc</name>
         <load_address>0x1e9c8</load_address>
         <run_address>0x1e9c8</run_address>
         <size>0xc</size>
         <input_file_ref idref="fl-135"/>
      </object_component>
      <object_component id="oc-5fd">
         <name>.text:putchar</name>
         <load_address>0x1e9d4</load_address>
         <run_address>0x1e9d4</run_address>
         <size>0xc</size>
         <input_file_ref idref="fl-11b"/>
      </object_component>
      <object_component id="oc-15f">
         <name>.text:abort:abort</name>
         <load_address>0x1e9e0</load_address>
         <run_address>0x1e9e0</run_address>
         <size>0x8</size>
         <input_file_ref idref="fl-12d"/>
      </object_component>
      <object_component id="oc-78">
         <name>.text</name>
         <load_address>0x1e9e8</load_address>
         <run_address>0x1e9e8</run_address>
         <size>0x4</size>
         <input_file_ref idref="fl-4e"/>
      </object_component>
      <object_component id="oc-416">
         <name>.text:_nop</name>
         <load_address>0x1e9ec</load_address>
         <run_address>0x1e9ec</run_address>
         <size>0x4</size>
         <input_file_ref idref="fl-12e"/>
      </object_component>
      <object_component id="oc-295">
         <name>.text:_outc</name>
         <load_address>0x1e9f0</load_address>
         <run_address>0x1e9f0</run_address>
         <size>0x4</size>
         <input_file_ref idref="fl-117"/>
      </object_component>
      <object_component id="oc-543">
         <name>.text:_outc</name>
         <load_address>0x1e9f4</load_address>
         <run_address>0x1e9f4</run_address>
         <size>0x4</size>
         <input_file_ref idref="fl-116"/>
      </object_component>
      <object_component id="oc-28f">
         <name>.text:_outs</name>
         <load_address>0x1e9f8</load_address>
         <run_address>0x1e9f8</run_address>
         <size>0x4</size>
         <input_file_ref idref="fl-117"/>
      </object_component>
      <object_component id="oc-53d">
         <name>.text:_outs</name>
         <load_address>0x1e9fc</load_address>
         <run_address>0x1e9fc</run_address>
         <size>0x4</size>
         <input_file_ref idref="fl-116"/>
      </object_component>
      <object_component id="oc-2f">
         <name>.text:retain</name>
         <load_address>0x1ea00</load_address>
         <run_address>0x1ea00</run_address>
         <size>0x4</size>
         <input_file_ref idref="fl-4b"/>
      </object_component>
      <object_component id="oc-4fb">
         <name>.text</name>
         <load_address>0x1ea04</load_address>
         <run_address>0x1ea04</run_address>
         <size>0x4</size>
         <input_file_ref idref="fl-146"/>
      </object_component>
      <object_component id="oc-60b">
         <name>.const:aulCrc32Table$1</name>
         <load_address>0x1ea20</load_address>
         <run_address>0x1ea20</run_address>
         <size>0x2000</size>
         <input_file_ref idref="fl-25"/>
      </object_component>
      <object_component id="oc-27">
         <name>.const:s_vim_init</name>
         <load_address>0x20a20</load_address>
         <run_address>0x20a20</run_address>
         <size>0x200</size>
         <input_file_ref idref="fl-4f"/>
      </object_component>
      <object_component id="oc-553">
         <name>.const:.string:_ctypes_</name>
         <load_address>0x20c20</load_address>
         <run_address>0x20c20</run_address>
         <size>0x101</size>
         <input_file_ref idref="fl-130"/>
      </object_component>
      <object_component id="oc-150">
         <name>.const:gaRedVolConf</name>
         <load_address>0x20d28</load_address>
         <run_address>0x20d28</run_address>
         <size>0x50</size>
         <input_file_ref idref="fl-3"/>
      </object_component>
      <object_component id="oc-391">
         <name>.const:$P$T0$2</name>
         <load_address>0x20d78</load_address>
         <run_address>0x20d78</run_address>
         <size>0x30</size>
         <input_file_ref idref="fl-6"/>
      </object_component>
      <object_component id="oc-394">
         <name>.const:$P$T1$3</name>
         <load_address>0x20da8</load_address>
         <run_address>0x20da8</run_address>
         <size>0x30</size>
         <input_file_ref idref="fl-6"/>
      </object_component>
      <object_component id="oc-2ee">
         <name>.const:.string</name>
         <load_address>0x20dd8</load_address>
         <run_address>0x20dd8</run_address>
         <size>0xe</size>
         <input_file_ref idref="fl-3"/>
      </object_component>
      <object_component id="oc-16b">
         <name>.kernelBSS:init</name>
         <load_address>0x80008d0</load_address>
         <run_address>0x80008d0</run_address>
         <size>0x34</size>
         <input_file_ref idref="fl-5a"/>
      </object_component>
      <object_component id="oc-2e3">
         <name>.kernelBSS:uninit</name>
         <load_address>0x8000800</load_address>
         <run_address>0x8000800</run_address>
         <size>0xd0</size>
         <input_file_ref idref="fl-5a"/>
      </object_component>
      <object_component id="oc-5e0">
         <name>.kernelHEAP</name>
         <uninitialized>true</uninitialized>
         <run_address>0x800a20e</run_address>
         <size>0x2000</size>
         <input_file_ref idref="fl-54"/>
      </object_component>
      <object_component id="oc-4f6">
         <name>.bss:gBufCtx</name>
         <uninitialized>true</uninitialized>
         <run_address>0x8001000</run_address>
         <size>0x6070</size>
         <input_file_ref idref="fl-5"/>
      </object_component>
      <object_component id="oc-388">
         <name>.bss:gaCoreVol</name>
         <uninitialized>true</uninitialized>
         <run_address>0x8007070</run_address>
         <size>0x2040</size>
         <input_file_ref idref="fl-6"/>
      </object_component>
      <object_component id="oc-51e">
         <name>.bss:de$1</name>
         <uninitialized>true</uninitialized>
         <run_address>0x8009e50</run_address>
         <size>0x104</size>
         <input_file_ref idref="fl-7"/>
      </object_component>
      <object_component id="oc-50d">
         <name>.bss:gapbRamDisk</name>
         <uninitialized>true</uninitialized>
         <run_address>0x800a1e8</run_address>
         <size>0x8</size>
         <input_file_ref idref="fl-11"/>
      </object_component>
      <object_component id="oc-39f">
         <name>.bss</name>
         <uninitialized>true</uninitialized>
         <run_address>0x800a204</run_address>
         <size>0x4</size>
         <input_file_ref idref="fl-13"/>
      </object_component>
      <object_component id="oc-24e">
         <name>.bss</name>
         <uninitialized>true</uninitialized>
         <run_address>0x800a20c</run_address>
         <size>0x1</size>
         <input_file_ref idref="fl-18"/>
      </object_component>
      <object_component id="oc-251">
         <name>.bss:gaHandle</name>
         <uninitialized>true</uninitialized>
         <run_address>0x80090b0</run_address>
         <size>0xc80</size>
         <input_file_ref idref="fl-18"/>
      </object_component>
      <object_component id="oc-254">
         <name>.bss:gaTask</name>
         <uninitialized>true</uninitialized>
         <run_address>0x800a058</run_address>
         <size>0xa0</size>
         <input_file_ref idref="fl-18"/>
      </object_component>
      <object_component id="oc-25d">
         <name>.bss:gauGeneration</name>
         <uninitialized>true</uninitialized>
         <run_address>0x800a200</run_address>
         <size>0x4</size>
         <input_file_ref idref="fl-18"/>
      </object_component>
      <object_component id="oc-272">
         <name>.bss:szGetCwdName$1</name>
         <uninitialized>true</uninitialized>
         <run_address>0x8009f54</run_address>
         <size>0x104</size>
         <input_file_ref idref="fl-18"/>
      </object_component>
      <object_component id="oc-457">
         <name>.bss:xStart</name>
         <uninitialized>true</uninitialized>
         <run_address>0x800a1f0</run_address>
         <size>0x8</size>
         <input_file_ref idref="fl-54"/>
      </object_component>
      <object_component id="oc-786">
         <name>.bss:_CIOBUF_</name>
         <uninitialized>true</uninitialized>
         <run_address>0x8009d30</run_address>
         <size>0x120</size>
         <input_file_ref idref="fl-14e"/>
      </object_component>
      <object_component id="oc-257">
         <name>.common:gaRedVolume</name>
         <uninitialized>true</uninitialized>
         <run_address>0x800a198</run_address>
         <size>0x50</size>
      </object_component>
      <object_component id="oc-274">
         <name>.common:gbRedVolNum</name>
         <uninitialized>true</uninitialized>
         <run_address>0x800a20d</run_address>
         <size>0x1</size>
      </object_component>
      <object_component id="oc-156">
         <name>.common:xTask1Handle</name>
         <uninitialized>true</uninitialized>
         <run_address>0x800a208</run_address>
         <size>0x4</size>
      </object_component>
      <object_component id="oc-753">
         <name>.common:__TI_tmpnams</name>
         <uninitialized>true</uninitialized>
         <run_address>0x800a0f8</run_address>
         <size>0xa0</size>
      </object_component>
      <object_component id="oc-764">
         <name>.common:parmbuf</name>
         <uninitialized>true</uninitialized>
         <run_address>0x800a1f8</run_address>
         <size>0x8</size>
      </object_component>
      <object_component id="oc-25a">
         <name>.data</name>
         <load_address>0x800c3c8</load_address>
         <run_address>0x800c3c8</run_address>
         <size>0x11</size>
         <input_file_ref idref="fl-6"/>
      </object_component>
      <object_component id="oc-273">
         <name>.data</name>
         <load_address>0x800c420</load_address>
         <run_address>0x800c420</run_address>
         <size>0x4</size>
         <input_file_ref idref="fl-18"/>
      </object_component>
      <object_component id="oc-454">
         <name>.data</name>
         <load_address>0x800c3dc</load_address>
         <run_address>0x800c3dc</run_address>
         <size>0x10</size>
         <input_file_ref idref="fl-54"/>
      </object_component>
      <object_component id="oc-16e">
         <name>.data</name>
         <load_address>0x800c418</load_address>
         <run_address>0x800c418</run_address>
         <size>0x8</size>
         <input_file_ref idref="fl-57"/>
      </object_component>
      <object_component id="oc-312">
         <name>.data:$O1$$</name>
         <load_address>0x800c3fc</load_address>
         <run_address>0x800c3fc</run_address>
         <size>0xc</size>
         <input_file_ref idref="fl-12d"/>
      </object_component>
      <object_component id="oc-28c">
         <name>.data:$O1$$</name>
         <load_address>0x800c408</load_address>
         <run_address>0x800c408</run_address>
         <size>0x8</size>
         <input_file_ref idref="fl-12e"/>
      </object_component>
      <object_component id="oc-153">
         <name>.data:_ftable</name>
         <load_address>0x800c210</load_address>
         <run_address>0x800c210</run_address>
         <size>0xf0</size>
         <input_file_ref idref="fl-131"/>
      </object_component>
      <object_component id="oc-70a">
         <name>.data</name>
         <load_address>0x800c3ec</load_address>
         <run_address>0x800c3ec</run_address>
         <size>0x10</size>
         <input_file_ref idref="fl-131"/>
      </object_component>
      <object_component id="oc-6f7">
         <name>.data:$O1$$</name>
         <load_address>0x800c410</load_address>
         <run_address>0x800c410</run_address>
         <size>0x8</size>
         <input_file_ref idref="fl-135"/>
      </object_component>
      <object_component id="oc-6d3">
         <name>.data:_device</name>
         <load_address>0x800c300</load_address>
         <run_address>0x800c300</run_address>
         <size>0x78</size>
         <input_file_ref idref="fl-13e"/>
      </object_component>
      <object_component id="oc-67f">
         <name>.data:_stream</name>
         <load_address>0x800c378</load_address>
         <run_address>0x800c378</run_address>
         <size>0x50</size>
         <input_file_ref idref="fl-13e"/>
      </object_component>
      <object_component id="oc-59b">
         <name>.data</name>
         <load_address>0x800c424</load_address>
         <run_address>0x800c424</run_address>
         <size>0x4</size>
         <input_file_ref idref="fl-140"/>
      </object_component>
      <object_component id="oc-31c">
         <name>.debug_info</name>
         <load_address>0x0</load_address>
         <run_address>0x0</run_address>
         <size>0x5d7</size>
         <input_file_ref idref="fl-2"/>
      </object_component>
      <object_component id="oc-2c2">
         <name>.debug_info</name>
         <load_address>0x5d7</load_address>
         <run_address>0x5d7</run_address>
         <size>0x30c</size>
         <input_file_ref idref="fl-2"/>
      </object_component>
      <object_component id="oc-481">
         <name>.debug_info</name>
         <load_address>0x8e3</load_address>
         <run_address>0x8e3</run_address>
         <size>0xbc</size>
         <input_file_ref idref="fl-2"/>
      </object_component>
      <object_component id="oc-511">
         <name>.debug_info</name>
         <load_address>0x99f</load_address>
         <run_address>0x99f</run_address>
         <size>0x51</size>
         <input_file_ref idref="fl-2"/>
      </object_component>
      <object_component id="oc-281">
         <name>.debug_info</name>
         <load_address>0x9f0</load_address>
         <run_address>0x9f0</run_address>
         <size>0x51</size>
         <input_file_ref idref="fl-2"/>
      </object_component>
      <object_component id="oc-174">
         <name>.debug_info</name>
         <load_address>0xa41</load_address>
         <run_address>0xa41</run_address>
         <size>0x26b</size>
         <input_file_ref idref="fl-2"/>
      </object_component>
      <object_component id="oc-27c">
         <name>.debug_info</name>
         <load_address>0xcac</load_address>
         <run_address>0xcac</run_address>
         <size>0x205</size>
         <input_file_ref idref="fl-2"/>
      </object_component>
[...]
         <value>0x2aa4</value>
         <object_component_ref idref="oc-14a"/>
      </symbol>
      <symbol id="sm-1385">
         <name>uxTaskPriorityGet</name>
         <value>0x9ac</value>
         <object_component_ref idref="oc-14a"/>
      </symbol>
      <symbol id="sm-1386">
         <name>vTaskStepTick</name>
         <value>0x16a8</value>
         <object_component_ref idref="oc-14a"/>
      </symbol>
      <symbol id="sm-1387">
         <name>xTaskResumeAll</name>
         <value>0x1194</value>
         <object_component_ref idref="oc-14a"/>
      </symbol>
      <symbol id="sm-1388">
         <name>xTaskGetHandle</name>
         <value>0x156c</value>
         <object_component_ref idref="oc-14a"/>
      </symbol>
      <symbol id="sm-1389">
         <name>xTaskGetTickCount</name>
         <value>0x1344</value>
         <object_component_ref idref="oc-14a"/>
      </symbol>
      <symbol id="sm-138a">
         <name>vTaskDelete</name>
         <value>0x550</value>
         <object_component_ref idref="oc-14a"/>
      </symbol>
      <symbol id="sm-138b">
         <name>pxCurrentTCB</name>
         <value>0x80008d0</value>
         <object_component_ref idref="oc-16b"/>
      </symbol>
      <symbol id="sm-138c">
         <name>vTaskNotifyGiveFromISR</name>
         <value>0x2ca4</value>
         <object_component_ref idref="oc-14a"/>
      </symbol>
      <symbol id="sm-138d">
         <name>eTaskGetState</name>
         <value>0x8a8</value>
         <object_component_ref idref="oc-14a"/>
      </symbol>
      <symbol id="sm-138e">
         <name>vTaskSuspend</name>
         <value>0xc54</value>
         <object_component_ref idref="oc-14a"/>
      </symbol>
      <symbol id="sm-138f">
         <name>xTaskGetIdleTaskHandle</name>
         <value>0x1670</value>
         <object_component_ref idref="oc-14a"/>
      </symbol>
      <symbol id="sm-1390">
         <name>xTaskGetTickCountFromISR</name>
         <value>0x1360</value>
         <object_component_ref idref="oc-14a"/>
      </symbol>
      <symbol id="sm-1391">
         <name>vTaskResume</name>
         <value>0xe5c</value>
         <object_component_ref idref="oc-14a"/>
      </symbol>
      <symbol id="sm-1392">
         <name>vTaskSetTimeOutState</name>
         <value>0x1dcc</value>
         <object_component_ref idref="oc-14a"/>
      </symbol>
      <symbol id="sm-1393">
         <name>xTaskIncrementTick</name>
         <value>0x1804</value>
         <object_component_ref idref="oc-14a"/>
      </symbol>
      <symbol id="sm-1394">
         <name>vTaskSwitchContext</name>
         <value>0x1a2c</value>
         <object_component_ref idref="oc-14a"/>
      </symbol>
      <symbol id="sm-1395">
         <name>uxTaskResetEventItemValue</name>
         <value>0x2670</value>
         <object_component_ref idref="oc-14a"/>
      </symbol>
      <symbol id="sm-1396">
         <name>xTaskGetSchedulerState</name>
         <value>0x235c</value>
         <object_component_ref idref="oc-14a"/>
      </symbol>
      <symbol id="sm-1397">
         <name>xTaskResumeFromISR</name>
         <value>0xf40</value>
         <object_component_ref idref="oc-14a"/>
      </symbol>
      <symbol id="sm-1398">
         <name>xTaskGetCurrentTaskHandle</name>
         <value>0x2340</value>
         <object_component_ref idref="oc-14a"/>
      </symbol>
      <symbol id="sm-1399">
         <name>vTaskPlaceOnUnorderedEventList</name>
         <value>0x1b50</value>
         <object_component_ref idref="oc-14a"/>
      </symbol>
      <symbol id="sm-139a">
         <name>xTaskRemoveFromEventList</name>
         <value>0x1bd4</value>
         <object_component_ref idref="oc-14a"/>
      </symbol>
      <symbol id="sm-139b">
         <name>eTaskConfirmSleepModeStatus</name>
         <value>0x1f54</value>
         <object_component_ref idref="oc-14a"/>
      </symbol>
      <symbol id="sm-13ca">
         <name>printf</name>
         <value>0x1d9a4</value>
         <object_component_ref idref="oc-3a3"/>
      </symbol>
      <symbol id="sm-13f0">
         <name>fprintf</name>
         <value>0x1d908</value>
         <object_component_ref idref="oc-138"/>
      </symbol>
      <symbol id="sm-153e">
         <name>__TI_printfi</name>
         <value>0x123e8</value>
         <object_component_ref idref="oc-286"/>
      </symbol>
      <symbol id="sm-154e">
         <name>__TI_doflush</name>
         <value>0x1df58</value>
         <object_component_ref idref="oc-5c0"/>
      </symbol>
      <symbol id="sm-156f">
         <name>putc</name>
         <value>0x1cf10</value>
         <object_component_ref idref="oc-427"/>
      </symbol>
      <symbol id="sm-1570">
         <name>fputc</name>
         <value>0x1cf10</value>
         <object_component_ref idref="oc-427"/>
      </symbol>
      <symbol id="sm-1571">
         <name>putchar</name>
         <value>0x1e9d4</value>
         <object_component_ref idref="oc-5fd"/>
      </symbol>
      <symbol id="sm-158d">
         <name>fputs</name>
         <value>0x1bd68</value>
         <object_component_ref idref="oc-420"/>
      </symbol>
      <symbol id="sm-15a5">
         <name>__TI_wrt_ok</name>
         <value>0x1d868</value>
         <object_component_ref idref="oc-5b4"/>
      </symbol>
      <symbol id="sm-15bf">
         <name>setvbuf</name>
         <value>0x1c7bc</value>
         <object_component_ref idref="oc-673"/>
      </symbol>
      <symbol id="sm-15c8">
         <name>__aeabi_llsl</name>
         <value>0x1e8c0</value>
         <object_component_ref idref="oc-605"/>
      </symbol>
      <symbol id="sm-15d1">
         <name>__aeabi_llsr</name>
         <value>0x1e8e4</value>
         <object_component_ref idref="oc-35f"/>
      </symbol>
      <symbol id="sm-15ea">
         <name>memcpy</name>
         <value>0x1c08c</value>
         <object_component_ref idref="oc-4f"/>
      </symbol>
      <symbol id="sm-15eb">
         <name>__aeabi_memcpy</name>
         <value>0x1c08c</value>
         <object_component_ref idref="oc-4f"/>
      </symbol>
      <symbol id="sm-15ec">
         <name>__aeabi_memcpy8</name>
         <value>0x1c08c</value>
         <object_component_ref idref="oc-4f"/>
      </symbol>
      <symbol id="sm-15ed">
         <name>__aeabi_memcpy4</name>
         <value>0x1c08c</value>
         <object_component_ref idref="oc-4f"/>
      </symbol>
      <symbol id="sm-15f9">
         <name>__aeabi_idivmod</name>
         <value>0x1e59c</value>
         <object_component_ref idref="oc-63f"/>
      </symbol>
      <symbol id="sm-15fa">
         <name>__aeabi_idiv</name>
         <value>0x1e59c</value>
         <object_component_ref idref="oc-63f"/>
      </symbol>
      <symbol id="sm-1606">
         <name>__aeabi_uidivmod</name>
         <value>0x1e640</value>
         <object_component_ref idref="oc-35a"/>
      </symbol>
      <symbol id="sm-1607">
         <name>__aeabi_uidiv</name>
         <value>0x1e640</value>
         <object_component_ref idref="oc-35a"/>
      </symbol>
      <symbol id="sm-1616">
         <name>__aeabi_memset</name>
         <value>0x1d5c4</value>
         <object_component_ref idref="oc-d7"/>
      </symbol>
      <symbol id="sm-1617">
         <name>memset</name>
         <value>0x1d5d0</value>
         <object_component_ref idref="oc-d7"/>
      </symbol>
      <symbol id="sm-1618">
         <name>__aeabi_memset8</name>
         <value>0x1d5c4</value>
         <object_component_ref idref="oc-d7"/>
      </symbol>
      <symbol id="sm-1619">
         <name>__aeabi_memset4</name>
         <value>0x1d5c4</value>
         <object_component_ref idref="oc-d7"/>
      </symbol>
      <symbol id="sm-161a">
         <name>__aeabi_memclr8</name>
         <value>0x1d5c0</value>
         <object_component_ref idref="oc-d7"/>
      </symbol>
      <symbol id="sm-161b">
         <name>__aeabi_memclr4</name>
         <value>0x1d5c0</value>
         <object_component_ref idref="oc-d7"/>
      </symbol>
      <symbol id="sm-161c">
         <name>__aeabi_memclr</name>
         <value>0x1d5c0</value>
         <object_component_ref idref="oc-d7"/>
      </symbol>
      <symbol id="sm-1639">
         <name>__aeabi_uldivmod</name>
         <value>0x1adfc</value>
         <object_component_ref idref="oc-558"/>
      </symbol>
      <symbol id="sm-1661">
         <name>__TI_auto_init_nobinit_nopinit</name>
         <value>0x1e320</value>
         <object_component_ref idref="oc-102"/>
      </symbol>
      <symbol id="sm-1674">
         <name>__TI_zero_init</name>
         <value>0x1e9ac</value>
         <object_component_ref idref="oc-61"/>
      </symbol>
      <symbol id="sm-168b">
         <name>__TI_decompress_none</name>
         <value>0x1e998</value>
         <object_component_ref idref="oc-14"/>
      </symbol>
      <symbol id="sm-16ae">
         <name>__TI_decompress_lzss</name>
         <value>0x1dd28</value>
         <object_component_ref idref="oc-e"/>
      </symbol>
      <symbol id="sm-16d4">
         <name>C$$EXIT</name>
         <value>0x1e9e0</value>
         <object_component_ref idref="oc-15f"/>
      </symbol>
      <symbol id="sm-16d5">
         <name>abort</name>
         <value>0x1e9e0</value>
         <object_component_ref idref="oc-15f"/>
      </symbol>
      <symbol id="sm-16d6">
         <name>__TI_dtors_ptr</name>
         <value>0x800c400</value>
         <object_component_ref idref="oc-312"/>
      </symbol>
      <symbol id="sm-16d7">
         <name>__TI_cleanup_ptr</name>
         <value>0x800c3fc</value>
         <object_component_ref idref="oc-312"/>
      </symbol>
      <symbol id="sm-16d8">
         <name>__TI_enable_exit_profile_output</name>
         <value>0x800c404</value>
         <object_component_ref idref="oc-312"/>
      </symbol>
      <symbol id="sm-16d9">
         <name>exit</name>
         <value>0x1e0e0</value>
         <object_component_ref idref="oc-165"/>
      </symbol>
      <symbol id="sm-16ee">
         <name>_nop</name>
         <value>0x1e9ec</value>
         <object_component_ref idref="oc-416"/>
      </symbol>
      <symbol id="sm-16ef">
         <name>_lock</name>
         <value>0x800c408</value>
         <object_component_ref idref="oc-28c"/>
      </symbol>
      <symbol id="sm-16f0">
         <name>_unlock</name>
         <value>0x800c40c</value>
         <object_component_ref idref="oc-28c"/>
      </symbol>
      <symbol id="sm-1703">
         <name>atoi</name>
         <value>0x1dfdc</value>
         <object_component_ref idref="oc-3d4"/>
      </symbol>
      <symbol id="sm-170e">
         <name>_ctypes_</name>
         <value>0x20c20</value>
         <object_component_ref idref="oc-553"/>
      </symbol>
      <symbol id="sm-1723">
         <name>__TI_tmpnams</name>
         <value>0x800a0f8</value>
      </symbol>
      <symbol id="sm-1724">
         <name>__aeabi_stdout</name>
         <value>0x800c3f4</value>
         <object_component_ref idref="oc-70a"/>
      </symbol>
      <symbol id="sm-1725">
         <name>__aeabi_stderr</name>
         <value>0x800c3f8</value>
         <object_component_ref idref="oc-70a"/>
      </symbol>
      <symbol id="sm-1726">
         <name>__aeabi_stdin</name>
         <value>0x800c3f0</value>
         <object_component_ref idref="oc-70a"/>
      </symbol>
      <symbol id="sm-1727">
         <name>_ftable</name>
         <value>0x800c210</value>
         <object_component_ref idref="oc-153"/>
      </symbol>
      <symbol id="sm-1728">
         <name>__TI_ft_end</name>
         <value>0x800c3ec</value>
         <object_component_ref idref="oc-70a"/>
      </symbol>
      <symbol id="sm-1736">
         <name>ltoa</name>
         <value>0x1e060</value>
         <object_component_ref idref="oc-55e"/>
      </symbol>
      <symbol id="sm-1745">
         <name>memccpy</name>
         <value>0x1e818</value>
         <object_component_ref idref="oc-3f8"/>
      </symbol>
      <symbol id="sm-1754">
         <name>memchr</name>
         <value>0x1e844</value>
         <object_component_ref idref="oc-5ba"/>
      </symbol>
      <symbol id="sm-17dd">
         <name>_sys_memory</name>
         <value>0x5658</value>
         <object_component_ref idref="oc-41"/>
      </symbol>
      <symbol id="sm-17de">
         <name>free</name>
         <value>0x1c20c</value>
         <object_component_ref idref="oc-6ba"/>
      </symbol>
      <symbol id="sm-17df">
         <name>memalign</name>
         <value>0x1bf0c</value>
         <object_component_ref idref="oc-690"/>
      </symbol>
      <symbol id="sm-17e0">
         <name>calloc</name>
         <value>0x1e5f0</value>
         <object_component_ref idref="oc-507"/>
      </symbol>
      <symbol id="sm-17e1">
         <name>malloc</name>
         <value>0x1e9c8</value>
         <object_component_ref idref="oc-61c"/>
      </symbol>
      <symbol id="sm-17e2">
         <name>aligned_alloc</name>
         <value>0x1bf0c</value>
         <object_component_ref idref="oc-690"/>
      </symbol>
      <symbol id="sm-17f1">
         <name>strchr</name>
         <value>0x1e870</value>
         <object_component_ref idref="oc-58b"/>
      </symbol>
      <symbol id="sm-17ff">
         <name>strcmp</name>
         <value>0x1e898</value>
         <object_component_ref idref="oc-7bb"/>
      </symbol>
      <symbol id="sm-180d">
         <name>strcpy</name>
         <value>0x1e980</value>
         <object_component_ref idref="oc-772"/>
      </symbol>
      <symbol id="sm-181b">
         <name>strlen</name>
         <value>0x1e92c</value>
         <object_component_ref idref="oc-2e6"/>
      </symbol>
      <symbol id="sm-1837">
         <name>write</name>
         <value>0x1e764</value>
         <object_component_ref idref="oc-5c6"/>
      </symbol>
      <symbol id="sm-1848">
         <name>_stream</name>
         <value>0x800c378</value>
         <object_component_ref idref="oc-67f"/>
      </symbol>
      <symbol id="sm-1849">
         <name>_device</name>
         <value>0x800c300</value>
         <object_component_ref idref="oc-6d3"/>
      </symbol>
      <symbol id="sm-1860">
         <name>__aeabi_errno_addr</name>
         <value>0x1e9bc</value>
         <object_component_ref idref="oc-404"/>
      </symbol>
      <symbol id="sm-1861">
         <name>errno</name>
         <value>0x800c424</value>
         <object_component_ref idref="oc-59b"/>
      </symbol>
      <symbol id="sm-1879">
         <name>wcslen</name>
         <value>0x1e908</value>
         <object_component_ref idref="oc-3fe"/>
      </symbol>
      <symbol id="sm-1896">
         <name>frexpl</name>
         <value>0x1ddb8</value>
         <object_component_ref idref="oc-57f"/>
      </symbol>
      <symbol id="sm-1897">
         <name>frexp</name>
         <value>0x1ddb8</value>
         <object_component_ref idref="oc-57f"/>
      </symbol>
      <symbol id="sm-18b1">
         <name>scalbn</name>
         <value>0x1ccd8</value>
         <object_component_ref idref="oc-585"/>
      </symbol>
      <symbol id="sm-18b2">
         <name>scalbnl</name>
         <value>0x1ccd8</value>
         <object_component_ref idref="oc-585"/>
      </symbol>
      <symbol id="sm-18b3">
         <name>ldexpl</name>
         <value>0x1ccd8</value>
         <object_component_ref idref="oc-585"/>
      </symbol>
      <symbol id="sm-18b4">
         <name>ldexp</name>
         <value>0x1ccd8</value>
         <object_component_ref idref="oc-585"/>
      </symbol>
      <symbol id="sm-18c3">
         <name>__TI_cleanup</name>
         <value>0x1e44c</value>
         <object_component_ref idref="oc-6c0"/>
      </symbol>
      <symbol id="sm-18d5">
         <name>fseek</name>
         <value>0x1d71c</value>
         <object_component_ref idref="oc-66d"/>
      </symbol>
      <symbol id="sm-18df">
         <name>__aeabi_idiv0</name>
         <value>0x1ea04</value>
         <object_component_ref idref="oc-4fb"/>
      </symbol>
      <symbol id="sm-18e0">
         <name>__aeabi_ldiv0</name>
         <value>0x1ea04</value>
         <object_component_ref idref="oc-4fb"/>
      </symbol>
      <symbol id="sm-18f1">
         <name>HOSTclose</name>
         <value>0x1e15c</value>
         <object_component_ref idref="oc-716"/>
      </symbol>
      <symbol id="sm-1902">
         <name>HOSTlseek</name>
         <value>0x1d670</value>
         <object_component_ref idref="oc-728"/>
      </symbol>
      <symbol id="sm-1914">
         <name>parmbuf</name>
         <value>0x800a1f8</value>
      </symbol>
      <symbol id="sm-1915">
         <name>HOSTopen</name>
         <value>0x1da40</value>
         <object_component_ref idref="oc-710"/>
      </symbol>
      <symbol id="sm-1926">
         <name>HOSTread</name>
         <value>0x1dc08</value>
         <object_component_ref idref="oc-71c"/>
      </symbol>
      <symbol id="sm-1937">
         <name>HOSTrename</name>
         <value>0x1d7c4</value>
         <object_component_ref idref="oc-734"/>
      </symbol>
      <symbol id="sm-1948">
         <name>HOSTunlink</name>
         <value>0x1e244</value>
         <object_component_ref idref="oc-72e"/>
      </symbol>
      <symbol id="sm-1959">
         <name>HOSTwrite</name>
         <value>0x1dc98</value>
         <object_component_ref idref="oc-722"/>
      </symbol>
      <symbol id="sm-197c">
         <name>__TI_readmsg</name>
         <value>0x1e4a0</value>
         <object_component_ref idref="oc-75e"/>
      </symbol>
      <symbol id="sm-197d">
         <name>C$$IO$$</name>
         <value>0x1e53c</value>
         <object_component_ref idref="oc-758"/>
      </symbol>
      <symbol id="sm-197e">
         <name>__CIOBUF_</name>
         <value>0x8009d30</value>
         <object_component_ref idref="oc-786"/>
      </symbol>
      <symbol id="sm-197f">
         <name>__TI_writemsg</name>
         <value>0x1e4f4</value>
         <object_component_ref idref="oc-758"/>
      </symbol>
      <symbol id="sm-1990">
         <name>lseek</name>
         <value>0x1e720</value>
         <object_component_ref idref="oc-6b2"/>
      </symbol>
      <symbol id="sm-199a">
         <name>copysign</name>
         <value>0x1e94c</value>
         <object_component_ref idref="oc-651"/>
      </symbol>
      <symbol id="sm-199b">
         <name>copysignl</name>
         <value>0x1e94c</value>
         <object_component_ref idref="oc-651"/>
      </symbol>
      <symbol id="sm-19b0">
         <name>__TI_closefile</name>
         <value>0x1d39c</value>
         <object_component_ref idref="oc-704"/>
      </symbol>
      <symbol id="sm-19d2">
         <name>finddevice</name>
         <value>0x1e548</value>
         <object_component_ref idref="oc-7a4"/>
      </symbol>
      <symbol id="sm-19d3">
         <name>getdevice</name>
         <value>0x1e2b4</value>
         <object_component_ref idref="oc-77c"/>
      </symbol>
      <symbol id="sm-19e2">
         <name>strncpy</name>
         <value>0x1e690</value>
         <object_component_ref idref="oc-79e"/>
      </symbol>
      <symbol id="sm-19f7">
         <name>close</name>
         <value>0x1db70</value>
         <object_component_ref idref="oc-747"/>
      </symbol>
      <symbol id="sm-1a07">
         <name>unlink</name>
         <value>0x1e6d8</value>
         <object_component_ref idref="oc-74d"/>
      </symbol>
      <symbol id="sm-1a08">
         <name>__TI_static_base__</name>
         <value>0x0</value>
      </symbol>
      <symbol id="sm-1a0c">
         <name>SHT$$INIT_ARRAY$$Base</name>
         <value>0x0</value>
      </symbol>
      <symbol id="sm-1a0d">
         <name>SHT$$INIT_ARRAY$$Limit</name>
         <value>0x0</value>
      </symbol>
      <symbol id="sm-1a0e">
         <name>_system_post_cinit</name>
         <value>0x0</value>
      </symbol>
      <symbol id="sm-1a0f">
         <name>remove</name>
         <value>0x1e6d8</value>
      </symbol>
   </symbol_table>
   <title>Link successful</title>
</link_info>
