<?xml version="1.0" encoding="ISO-8859-1" ?>
<link_info>
   <banner>TI ARM Linker PC v18.12.1.LTS</banner>
   <copyright>Copyright (c) 1996-2018 Texas Instruments Incorporated</copyright>
   <link_time>0x5d095719</link_time>
   <link_errors>0x1</link_errors>
   <output_file>obc_base.out</output_file>
   <entry_point>
      <name>_c_int00</name>
      <address>0x160bc</address>
   </entry_point>
   <input_file_list>
      <input_file id="fl-2">
         <path>.\Project\FileTests\</path>
         <kind>object</kind>
         <file>tests.obj</file>
         <name>tests.obj</name>
      </input_file>
      <input_file id="fl-3">
         <path>.\Project\host\</path>
         <kind>object</kind>
         <file>redconf.obj</file>
         <name>redconf.obj</name>
      </input_file>
      <input_file id="fl-4">
         <path>.\reliance_edge\core\driver\</path>
         <kind>object</kind>
         <file>blockio.obj</file>
         <name>blockio.obj</name>
      </input_file>
      <input_file id="fl-5">
         <path>.\reliance_edge\core\driver\</path>
         <kind>object</kind>
         <file>buffer.obj</file>
         <name>buffer.obj</name>
      </input_file>
      <input_file id="fl-6">
         <path>.\reliance_edge\core\driver\</path>
         <kind>object</kind>
         <file>core.obj</file>
         <name>core.obj</name>
      </input_file>
      <input_file id="fl-7">
         <path>.\reliance_edge\core\driver\</path>
         <kind>object</kind>
         <file>dir.obj</file>
         <name>dir.obj</name>
      </input_file>
      <input_file id="fl-8">
         <path>.\reliance_edge\core\driver\</path>
         <kind>object</kind>
         <file>format.obj</file>
         <name>format.obj</name>
      </input_file>
      <input_file id="fl-9">
         <path>.\reliance_edge\core\driver\</path>
         <kind>object</kind>
         <file>imap.obj</file>
         <name>imap.obj</name>
      </input_file>
      <input_file id="fl-a">
         <path>.\reliance_edge\core\driver\</path>
         <kind>object</kind>
         <file>imapextern.obj</file>
         <name>imapextern.obj</name>
      </input_file>
      <input_file id="fl-b">
         <path>.\reliance_edge\core\driver\</path>
         <kind>object</kind>
         <file>imapinline.obj</file>
         <name>imapinline.obj</name>
      </input_file>
      <input_file id="fl-c">
         <path>.\reliance_edge\core\driver\</path>
         <kind>object</kind>
         <file>inode.obj</file>
         <name>inode.obj</name>
      </input_file>
      <input_file id="fl-d">
         <path>.\reliance_edge\core\driver\</path>
         <kind>object</kind>
         <file>inodedata.obj</file>
         <name>inodedata.obj</name>
      </input_file>
      <input_file id="fl-e">
         <path>.\reliance_edge\core\driver\</path>
         <kind>object</kind>
         <file>volume.obj</file>
         <name>volume.obj</name>
      </input_file>
      <input_file id="fl-f">
         <path>.\reliance_edge\fse\</path>
         <kind>object</kind>
         <file>fse.obj</file>
         <name>fse.obj</name>
      </input_file>
      <input_file id="fl-10">
         <path>.\reliance_edge\os\freertos\services\</path>
         <kind>object</kind>
         <file>osassert.obj</file>
         <name>osassert.obj</name>
      </input_file>
      <input_file id="fl-11">
         <path>.\reliance_edge\os\freertos\services\</path>
         <kind>object</kind>
         <file>osbdev.obj</file>
         <name>osbdev.obj</name>
      </input_file>
      <input_file id="fl-12">
         <path>.\reliance_edge\os\freertos\services\</path>
         <kind>object</kind>
         <file>osclock.obj</file>
         <name>osclock.obj</name>
      </input_file>
      <input_file id="fl-13">
         <path>.\reliance_edge\os\freertos\services\</path>
         <kind>object</kind>
         <file>osmutex.obj</file>
         <name>osmutex.obj</name>
      </input_file>
      <input_file id="fl-14">
         <path>.\reliance_edge\os\freertos\services\</path>
         <kind>object</kind>
         <file>osoutput.obj</file>
         <name>osoutput.obj</name>
      </input_file>
      <input_file id="fl-15">
         <path>.\reliance_edge\os\freertos\services\</path>
         <kind>object</kind>
         <file>ostask.obj</file>
         <name>ostask.obj</name>
      </input_file>
      <input_file id="fl-16">
         <path>.\reliance_edge\os\freertos\services\</path>
         <kind>object</kind>
         <file>ostimestamp.obj</file>
         <name>ostimestamp.obj</name>
      </input_file>
      <input_file id="fl-17">
         <path>.\reliance_edge\posix\</path>
         <kind>object</kind>
         <file>path.obj</file>
         <name>path.obj</name>
      </input_file>
      <input_file id="fl-18">
         <path>.\reliance_edge\posix\</path>
         <kind>object</kind>
         <file>posix.obj</file>
         <name>posix.obj</name>
      </input_file>
      <input_file id="fl-19">
         <path>.\reliance_edge\tests\posix\</path>
         <kind>object</kind>
         <file>fsstress.obj</file>
         <name>fsstress.obj</name>
      </input_file>
      <input_file id="fl-1a">
         <path>.\reliance_edge\tests\util\</path>
         <kind>object</kind>
         <file>atoi.obj</file>
         <name>atoi.obj</name>
      </input_file>
      <input_file id="fl-1b">
         <path>.\reliance_edge\tests\util\</path>
         <kind>object</kind>
         <file>math.obj</file>
         <name>math.obj</name>
      </input_file>
      <input_file id="fl-1c">
         <path>.\reliance_edge\tests\util\</path>
         <kind>object</kind>
         <file>printf.obj</file>
         <name>printf.obj</name>
      </input_file>
      <input_file id="fl-1d">
         <path>.\reliance_edge\tests\util\</path>
         <kind>object</kind>
         <file>rand.obj</file>
         <name>rand.obj</name>
      </input_file>
      <input_file id="fl-1e">
         <path>.\reliance_edge\tools\</path>
         <kind>object</kind>
         <file>getopt.obj</file>
         <name>getopt.obj</name>
      </input_file>
      <input_file id="fl-1f">
         <path>.\reliance_edge\tools\</path>
         <kind>object</kind>
         <file>toolcmn.obj</file>
         <name>toolcmn.obj</name>
      </input_file>
      <input_file id="fl-20">
         <path>.\reliance_edge\tools\imgbld\</path>
         <kind>object</kind>
         <file>ibcommon.obj</file>
         <name>ibcommon.obj</name>
      </input_file>
      <input_file id="fl-21">
         <path>.\reliance_edge\tools\imgbld\</path>
         <kind>object</kind>
         <file>ibfse.obj</file>
         <name>ibfse.obj</name>
      </input_file>
      <input_file id="fl-22">
         <path>.\reliance_edge\tools\imgbld\</path>
         <kind>object</kind>
         <file>ibposix.obj</file>
         <name>ibposix.obj</name>
      </input_file>
      <input_file id="fl-23">
         <path>.\reliance_edge\tools\imgbld\</path>
         <kind>object</kind>
         <file>imgbld.obj</file>
         <name>imgbld.obj</name>
      </input_file>
      <input_file id="fl-24">
         <path>.\reliance_edge\util\</path>
         <kind>object</kind>
         <file>bitmap.obj</file>
         <name>bitmap.obj</name>
      </input_file>
      <input_file id="fl-25">
         <path>.\reliance_edge\util\</path>
         <kind>object</kind>
         <file>crc.obj</file>
         <name>crc.obj</name>
      </input_file>
      <input_file id="fl-26">
         <path>.\reliance_edge\util\</path>
         <kind>object</kind>
         <file>endian.obj</file>
         <name>endian.obj</name>
      </input_file>
      <input_file id="fl-27">
         <path>.\reliance_edge\util\</path>
         <kind>object</kind>
         <file>memory.obj</file>
         <name>memory.obj</name>
      </input_file>
      <input_file id="fl-28">
         <path>.\reliance_edge\util\</path>
         <kind>object</kind>
         <file>namelen.obj</file>
         <name>namelen.obj</name>
      </input_file>
      <input_file id="fl-29">
         <path>.\reliance_edge\util\</path>
         <kind>object</kind>
         <file>sign.obj</file>
         <name>sign.obj</name>
      </input_file>
      <input_file id="fl-2a">
         <path>.\reliance_edge\util\</path>
         <kind>object</kind>
         <file>string.obj</file>
         <name>string.obj</name>
      </input_file>
      <input_file id="fl-2b">
         <path>.\source\</path>
         <kind>object</kind>
         <file>HL_adc.obj</file>
         <name>HL_adc.obj</name>
      </input_file>
      <input_file id="fl-2c">
         <path>.\source\</path>
         <kind>object</kind>
         <file>HL_can.obj</file>
         <name>HL_can.obj</name>
      </input_file>
      <input_file id="fl-2d">
         <path>.\source\</path>
         <kind>object</kind>
         <file>HL_crc.obj</file>
         <name>HL_crc.obj</name>
      </input_file>
      <input_file id="fl-2e">
         <path>.\source\</path>
         <kind>object</kind>
         <file>HL_dcc.obj</file>
         <name>HL_dcc.obj</name>
      </input_file>
      <input_file id="fl-2f">
         <path>.\source\</path>
         <kind>object</kind>
         <file>HL_ecap.obj</file>
         <name>HL_ecap.obj</name>
      </input_file>
      <input_file id="fl-30">
         <path>.\source\</path>
         <kind>object</kind>
         <file>HL_emac.obj</file>
         <name>HL_emac.obj</name>
      </input_file>
      <input_file id="fl-31">
         <path>.\source\</path>
         <kind>object</kind>
         <file>HL_emif.obj</file>
         <name>HL_emif.obj</name>
      </input_file>
      <input_file id="fl-32">
         <path>.\source\</path>
         <kind>object</kind>
         <file>HL_epc.obj</file>
         <name>HL_epc.obj</name>
      </input_file>
      <input_file id="fl-33">
         <path>.\source\</path>
         <kind>object</kind>
         <file>HL_eqep.obj</file>
         <name>HL_eqep.obj</name>
      </input_file>
      <input_file id="fl-34">
         <path>.\source\</path>
         <kind>object</kind>
         <file>HL_errata.obj</file>
         <name>HL_errata.obj</name>
      </input_file>
      <input_file id="fl-35">
         <path>.\source\</path>
         <kind>object</kind>
         <file>HL_errata_SSWF021_45.obj</file>
         <name>HL_errata_SSWF021_45.obj</name>
      </input_file>
      <input_file id="fl-36">
         <path>.\source\</path>
         <kind>object</kind>
         <file>HL_esm.obj</file>
         <name>HL_esm.obj</name>
      </input_file>
      <input_file id="fl-37">
         <path>.\source\</path>
         <kind>object</kind>
         <file>HL_etpwm.obj</file>
         <name>HL_etpwm.obj</name>
      </input_file>
      <input_file id="fl-38">
         <path>.\source\</path>
         <kind>object</kind>
         <file>HL_gio.obj</file>
         <name>HL_gio.obj</name>
      </input_file>
      <input_file id="fl-39">
         <path>.\source\</path>
         <kind>object</kind>
         <file>HL_het.obj</file>
         <name>HL_het.obj</name>
      </input_file>
      <input_file id="fl-3a">
         <path>.\source\</path>
         <kind>object</kind>
         <file>HL_i2c.obj</file>
         <name>HL_i2c.obj</name>
      </input_file>
      <input_file id="fl-3b">
         <path>.\source\</path>
         <kind>object</kind>
         <file>HL_lin.obj</file>
         <name>HL_lin.obj</name>
      </input_file>
      <input_file id="fl-3c">
         <path>.\source\</path>
         <kind>object</kind>
         <file>HL_mdio.obj</file>
         <name>HL_mdio.obj</name>
      </input_file>
      <input_file id="fl-3d">
         <path>.\source\</path>
         <kind>object</kind>
         <file>HL_mibspi.obj</file>
         <name>HL_mibspi.obj</name>
      </input_file>
      <input_file id="fl-3e">
         <path>.\source\</path>
         <kind>object</kind>
         <file>HL_nmpu.obj</file>
         <name>HL_nmpu.obj</name>
      </input_file>
      <input_file id="fl-3f">
         <path>.\source\</path>
         <kind>object</kind>
         <file>HL_notification.obj</file>
         <name>HL_notification.obj</name>
      </input_file>
      <input_file id="fl-40">
         <path>.\source\</path>
         <kind>object</kind>
         <file>HL_phy_dp83640.obj</file>
         <name>HL_phy_dp83640.obj</name>
      </input_file>
      <input_file id="fl-41">
         <path>.\source\</path>
         <kind>object</kind>
         <file>HL_phy_tlk111.obj</file>
         <name>HL_phy_tlk111.obj</name>
      </input_file>
      <input_file id="fl-42">
         <path>.\source\</path>
         <kind>object</kind>
         <file>HL_pinmux.obj</file>
         <name>HL_pinmux.obj</name>
      </input_file>
      <input_file id="fl-43">
         <path>.\source\</path>
         <kind>object</kind>
         <file>HL_pom.obj</file>
         <name>HL_pom.obj</name>
      </input_file>
      <input_file id="fl-44">
         <path>.\source\</path>
         <kind>object</kind>
         <file>HL_sci.obj</file>
         <name>HL_sci.obj</name>
      </input_file>
      <input_file id="fl-45">
         <path>.\source\</path>
         <kind>object</kind>
         <file>HL_sys_core.obj</file>
         <name>HL_sys_core.obj</name>
      </input_file>
      <input_file id="fl-46">
         <path>.\source\</path>
         <kind>object</kind>
         <file>HL_sys_dma.obj</file>
         <name>HL_sys_dma.obj</name>
      </input_file>
      <input_file id="fl-47">
         <path>.\source\</path>
         <kind>object</kind>
         <file>HL_sys_intvecs.obj</file>
         <name>HL_sys_intvecs.obj</name>
      </input_file>
      <input_file id="fl-48">
         <path>.\source\</path>
         <kind>object</kind>
         <file>HL_sys_main.obj</file>
         <name>HL_sys_main.obj</name>
      </input_file>
      <input_file id="fl-49">
         <path>.\source\</path>
         <kind>object</kind>
         <file>HL_sys_mpu.obj</file>
         <name>HL_sys_mpu.obj</name>
      </input_file>
      <input_file id="fl-4a">
         <path>.\source\</path>
         <kind>object</kind>
         <file>HL_sys_pcr.obj</file>
         <name>HL_sys_pcr.obj</name>
      </input_file>
      <input_file id="fl-4b">
         <path>.\source\</path>
         <kind>object</kind>
         <file>HL_sys_phantom.obj</file>
         <name>HL_sys_phantom.obj</name>
      </input_file>
      <input_file id="fl-4c">
         <path>.\source\</path>
         <kind>object</kind>
         <file>HL_sys_pmm.obj</file>
         <name>HL_sys_pmm.obj</name>
      </input_file>
      <input_file id="fl-4d">
         <path>.\source\</path>
         <kind>object</kind>
         <file>HL_sys_pmu.obj</file>
         <name>HL_sys_pmu.obj</name>
      </input_file>
      <input_file id="fl-4e">
         <path>.\source\</path>
         <kind>object</kind>
         <file>HL_sys_startup.obj</file>
         <name>HL_sys_startup.obj</name>
      </input_file>
      <input_file id="fl-4f">
         <path>.\source\</path>
         <kind>object</kind>
         <file>HL_sys_vim.obj</file>
         <name>HL_sys_vim.obj</name>
      </input_file>
      <input_file id="fl-50">
         <path>.\source\</path>
         <kind>object</kind>
         <file>HL_system.obj</file>
         <name>HL_system.obj</name>
      </input_file>
      <input_file id="fl-51">
         <path>.\source\</path>
         <kind>object</kind>
         <file>main_blinky.obj</file>
         <name>main_blinky.obj</name>
      </input_file>
      <input_file id="fl-52">
         <path>.\source\</path>
         <kind>object</kind>
         <file>mmc-hercules.obj</file>
         <name>mmc-hercules.obj</name>
      </input_file>
      <input_file id="fl-53">
         <path>.\source\</path>
         <kind>object</kind>
         <file>os_croutine.obj</file>
         <name>os_croutine.obj</name>
      </input_file>
      <input_file id="fl-54">
         <path>.\source\</path>
         <kind>object</kind>
         <file>os_event_groups.obj</file>
         <name>os_event_groups.obj</name>
      </input_file>
      <input_file id="fl-55">
         <path>.\source\</path>
         <kind>object</kind>
         <file>os_heap.obj</file>
         <name>os_heap.obj</name>
      </input_file>
      <input_file id="fl-56">
         <path>.\source\</path>
         <kind>object</kind>
         <file>os_list.obj</file>
         <name>os_list.obj</name>
      </input_file>
      <input_file id="fl-57">
         <path>.\source\</path>
         <kind>object</kind>
         <file>os_mpu_wrappers.obj</file>
         <name>os_mpu_wrappers.obj</name>
      </input_file>
      <input_file id="fl-58">
         <path>.\source\</path>
         <kind>object</kind>
         <file>os_port.obj</file>
         <name>os_port.obj</name>
      </input_file>
      <input_file id="fl-59">
         <path>.\source\</path>
         <kind>object</kind>
         <file>os_portasm.obj</file>
         <name>os_portasm.obj</name>
      </input_file>
      <input_file id="fl-5a">
         <path>.\source\</path>
         <kind>object</kind>
         <file>os_queue.obj</file>
         <name>os_queue.obj</name>
      </input_file>
      <input_file id="fl-5b">
         <path>.\source\</path>
         <kind>object</kind>
         <file>os_tasks.obj</file>
         <name>os_tasks.obj</name>
      </input_file>
      <input_file id="fl-5c">
         <path>.\source\</path>
         <kind>object</kind>
         <file>os_timer.obj</file>
         <name>os_timer.obj</name>
      </input_file>
      <input_file id="fl-5f">
         <kind>object</kind>
         <file>&lt;internal&gt;</file>
         <name>&lt;internal&gt;</name>
      </input_file>
      <input_file id="fl-115">
         <path>C:\ti\ccs901\ccs\tools\compiler\ti-cgt-arm_18.12.1.LTS\lib\</path>
         <kind>archive</kind>
         <file>rtsv7R4_A_be_v3D16_eabi.lib</file>
         <name>s_floor.c.obj</name>
      </input_file>
      <input_file id="fl-116">
         <path>C:\ti\ccs901\ccs\tools\compiler\ti-cgt-arm_18.12.1.LTS\lib\</path>
         <kind>archive</kind>
         <file>rtsv7R4_A_be_v3D16_eabi.lib</file>
         <name>printf.c.obj</name>
      </input_file>
      <input_file id="fl-117">
         <path>C:\ti\ccs901\ccs\tools\compiler\ti-cgt-arm_18.12.1.LTS\lib\</path>
         <kind>archive</kind>
         <file>rtsv7R4_A_be_v3D16_eabi.lib</file>
         <name>fprintf.c.obj</name>
      </input_file>
      <input_file id="fl-118">
         <path>C:\ti\ccs901\ccs\tools\compiler\ti-cgt-arm_18.12.1.LTS\lib\</path>
         <kind>archive</kind>
         <file>rtsv7R4_A_be_v3D16_eabi.lib</file>
         <name>_printfi.c.obj</name>
      </input_file>
      <input_file id="fl-119">
         <path>C:\ti\ccs901\ccs\tools\compiler\ti-cgt-arm_18.12.1.LTS\lib\</path>
         <kind>archive</kind>
         <file>rtsv7R4_A_be_v3D16_eabi.lib</file>
         <name>fflush.c.obj</name>
      </input_file>
      <input_file id="fl-11a">
         <path>C:\ti\ccs901\ccs\tools\compiler\ti-cgt-arm_18.12.1.LTS\lib\</path>
         <kind>archive</kind>
         <file>rtsv7R4_A_be_v3D16_eabi.lib</file>
         <name>fgetc.c.obj</name>
      </input_file>
      <input_file id="fl-11b">
         <path>C:\ti\ccs901\ccs\tools\compiler\ti-cgt-arm_18.12.1.LTS\lib\</path>
         <kind>archive</kind>
         <file>rtsv7R4_A_be_v3D16_eabi.lib</file>
         <name>fputc.c.obj</name>
      </input_file>
      <input_file id="fl-11c">
         <path>C:\ti\ccs901\ccs\tools\compiler\ti-cgt-arm_18.12.1.LTS\lib\</path>
         <kind>archive</kind>
         <file>rtsv7R4_A_be_v3D16_eabi.lib</file>
         <name>fputs.c.obj</name>
      </input_file>
      <input_file id="fl-11d">
         <path>C:\ti\ccs901\ccs\tools\compiler\ti-cgt-arm_18.12.1.LTS\lib\</path>
         <kind>archive</kind>
         <file>rtsv7R4_A_be_v3D16_eabi.lib</file>
         <name>_bufread.c.obj</name>
      </input_file>
      <input_file id="fl-11e">
         <path>C:\ti\ccs901\ccs\tools\compiler\ti-cgt-arm_18.12.1.LTS\lib\</path>
         <kind>archive</kind>
         <file>rtsv7R4_A_be_v3D16_eabi.lib</file>
         <name>_io_perm.c.obj</name>
      </input_file>
      <input_file id="fl-11f">
         <path>C:\ti\ccs901\ccs\tools\compiler\ti-cgt-arm_18.12.1.LTS\lib\</path>
         <kind>archive</kind>
         <file>rtsv7R4_A_be_v3D16_eabi.lib</file>
         <name>setvbuf.c.obj</name>
      </input_file>
      <input_file id="fl-120">
         <path>C:\ti\ccs901\ccs\tools\compiler\ti-cgt-arm_18.12.1.LTS\lib\</path>
         <kind>archive</kind>
         <file>rtsv7R4_A_be_v3D16_eabi.lib</file>
         <name>ll_lsl32.asm.obj</name>
      </input_file>
      <input_file id="fl-121">
         <path>C:\ti\ccs901\ccs\tools\compiler\ti-cgt-arm_18.12.1.LTS\lib\</path>
         <kind>archive</kind>
         <file>rtsv7R4_A_be_v3D16_eabi.lib</file>
         <name>ll_lsr32.asm.obj</name>
      </input_file>
      <input_file id="fl-122">
         <path>C:\ti\ccs901\ccs\tools\compiler\ti-cgt-arm_18.12.1.LTS\lib\</path>
         <kind>archive</kind>
         <file>rtsv7R4_A_be_v3D16_eabi.lib</file>
         <name>memcpy32.asm.obj</name>
      </input_file>
      <input_file id="fl-123">
         <path>C:\ti\ccs901\ccs\tools\compiler\ti-cgt-arm_18.12.1.LTS\lib\</path>
         <kind>archive</kind>
         <file>rtsv7R4_A_be_v3D16_eabi.lib</file>
         <name>i_div32.asm.obj</name>
      </input_file>
      <input_file id="fl-124">
         <path>C:\ti\ccs901\ccs\tools\compiler\ti-cgt-arm_18.12.1.LTS\lib\</path>
         <kind>archive</kind>
         <file>rtsv7R4_A_be_v3D16_eabi.lib</file>
         <name>u_div32.asm.obj</name>
      </input_file>
      <input_file id="fl-125">
         <path>C:\ti\ccs901\ccs\tools\compiler\ti-cgt-arm_18.12.1.LTS\lib\</path>
         <kind>archive</kind>
         <file>rtsv7R4_A_be_v3D16_eabi.lib</file>
         <name>memset32.asm.obj</name>
      </input_file>
      <input_file id="fl-126">
         <path>C:\ti\ccs901\ccs\tools\compiler\ti-cgt-arm_18.12.1.LTS\lib\</path>
         <kind>archive</kind>
         <file>rtsv7R4_A_be_v3D16_eabi.lib</file>
         <name>ll_div32.asm.obj</name>
      </input_file>
      <input_file id="fl-127">
         <path>C:\ti\ccs901\ccs\tools\compiler\ti-cgt-arm_18.12.1.LTS\lib\</path>
         <kind>archive</kind>
         <file>rtsv7R4_A_be_v3D16_eabi.lib</file>
         <name>ull_div32.asm.obj</name>
      </input_file>
      <input_file id="fl-128">
         <path>C:\ti\ccs901\ccs\tools\compiler\ti-cgt-arm_18.12.1.LTS\lib\</path>
         <kind>archive</kind>
         <file>rtsv7R4_A_be_v3D16_eabi.lib</file>
         <name>autoinit.c.obj</name>
      </input_file>
      <input_file id="fl-129">
         <path>C:\ti\ccs901\ccs\tools\compiler\ti-cgt-arm_18.12.1.LTS\lib\</path>
         <kind>archive</kind>
         <file>rtsv7R4_A_be_v3D16_eabi.lib</file>
         <name>cpy_tbl.c.obj</name>
      </input_file>
      <input_file id="fl-12a">
         <path>C:\ti\ccs901\ccs\tools\compiler\ti-cgt-arm_18.12.1.LTS\lib\</path>
         <kind>archive</kind>
         <file>rtsv7R4_A_be_v3D16_eabi.lib</file>
         <name>copy_zero_init.c.obj</name>
      </input_file>
      <input_file id="fl-12b">
         <path>C:\ti\ccs901\ccs\tools\compiler\ti-cgt-arm_18.12.1.LTS\lib\</path>
         <kind>archive</kind>
         <file>rtsv7R4_A_be_v3D16_eabi.lib</file>
         <name>copy_decompress_none.c.obj</name>
      </input_file>
      <input_file id="fl-12c">
         <path>C:\ti\ccs901\ccs\tools\compiler\ti-cgt-arm_18.12.1.LTS\lib\</path>
         <kind>archive</kind>
         <file>rtsv7R4_A_be_v3D16_eabi.lib</file>
         <name>copy_decompress_lzss.c.obj</name>
      </input_file>
      <input_file id="fl-12d">
         <path>C:\ti\ccs901\ccs\tools\compiler\ti-cgt-arm_18.12.1.LTS\lib\</path>
         <kind>archive</kind>
         <file>rtsv7R4_A_be_v3D16_eabi.lib</file>
         <name>exit.c.obj</name>
      </input_file>
      <input_file id="fl-12e">
         <path>C:\ti\ccs901\ccs\tools\compiler\ti-cgt-arm_18.12.1.LTS\lib\</path>
         <kind>archive</kind>
         <file>rtsv7R4_A_be_v3D16_eabi.lib</file>
         <name>_lock.c.obj</name>
      </input_file>
      <input_file id="fl-12f">
         <path>C:\ti\ccs901\ccs\tools\compiler\ti-cgt-arm_18.12.1.LTS\lib\</path>
         <kind>archive</kind>
         <file>rtsv7R4_A_be_v3D16_eabi.lib</file>
         <name>assert.c.obj</name>
      </input_file>
      <input_file id="fl-130">
         <path>C:\ti\ccs901\ccs\tools\compiler\ti-cgt-arm_18.12.1.LTS\lib\</path>
         <kind>archive</kind>
         <file>rtsv7R4_A_be_v3D16_eabi.lib</file>
         <name>atoi.c.obj</name>
      </input_file>
      <input_file id="fl-131">
         <path>C:\ti\ccs901\ccs\tools\compiler\ti-cgt-arm_18.12.1.LTS\lib\</path>
         <kind>archive</kind>
         <file>rtsv7R4_A_be_v3D16_eabi.lib</file>
         <name>ctype.c.obj</name>
      </input_file>
      <input_file id="fl-132">
         <path>C:\ti\ccs901\ccs\tools\compiler\ti-cgt-arm_18.12.1.LTS\lib\</path>
         <kind>archive</kind>
         <file>rtsv7R4_A_be_v3D16_eabi.lib</file>
         <name>defs.c.obj</name>
      </input_file>
      <input_file id="fl-133">
         <path>C:\ti\ccs901\ccs\tools\compiler\ti-cgt-arm_18.12.1.LTS\lib\</path>
         <kind>archive</kind>
         <file>rtsv7R4_A_be_v3D16_eabi.lib</file>
         <name>ltoa.c.obj</name>
      </input_file>
      <input_file id="fl-134">
         <path>C:\ti\ccs901\ccs\tools\compiler\ti-cgt-arm_18.12.1.LTS\lib\</path>
         <kind>archive</kind>
         <file>rtsv7R4_A_be_v3D16_eabi.lib</file>
         <name>memccpy.c.obj</name>
      </input_file>
      <input_file id="fl-135">
         <path>C:\ti\ccs901\ccs\tools\compiler\ti-cgt-arm_18.12.1.LTS\lib\</path>
         <kind>archive</kind>
         <file>rtsv7R4_A_be_v3D16_eabi.lib</file>
         <name>memchr.c.obj</name>
      </input_file>
      <input_file id="fl-136">
         <path>C:\ti\ccs901\ccs\tools\compiler\ti-cgt-arm_18.12.1.LTS\lib\</path>
         <kind>archive</kind>
         <file>rtsv7R4_A_be_v3D16_eabi.lib</file>
         <name>memory.c.obj</name>
      </input_file>
      <input_file id="fl-137">
         <path>C:\ti\ccs901\ccs\tools\compiler\ti-cgt-arm_18.12.1.LTS\lib\</path>
         <kind>archive</kind>
         <file>rtsv7R4_A_be_v3D16_eabi.lib</file>
         <name>strcat.c.obj</name>
      </input_file>
      <input_file id="fl-138">
         <path>C:\ti\ccs901\ccs\tools\compiler\ti-cgt-arm_18.12.1.LTS\lib\</path>
         <kind>archive</kind>
         <file>rtsv7R4_A_be_v3D16_eabi.lib</file>
         <name>strchr.c.obj</name>
      </input_file>
      <input_file id="fl-139">
         <path>C:\ti\ccs901\ccs\tools\compiler\ti-cgt-arm_18.12.1.LTS\lib\</path>
         <kind>archive</kind>
         <file>rtsv7R4_A_be_v3D16_eabi.lib</file>
         <name>strcmp.c.obj</name>
      </input_file>
      <input_file id="fl-13a">
         <path>C:\ti\ccs901\ccs\tools\compiler\ti-cgt-arm_18.12.1.LTS\lib\</path>
         <kind>archive</kind>
         <file>rtsv7R4_A_be_v3D16_eabi.lib</file>
         <name>strcpy.c.obj</name>
      </input_file>
      <input_file id="fl-13b">
         <path>C:\ti\ccs901\ccs\tools\compiler\ti-cgt-arm_18.12.1.LTS\lib\</path>
         <kind>archive</kind>
         <file>rtsv7R4_A_be_v3D16_eabi.lib</file>
         <name>strlen.c.obj</name>
      </input_file>
      <input_file id="fl-13c">
         <path>C:\ti\ccs901\ccs\tools\compiler\ti-cgt-arm_18.12.1.LTS\lib\</path>
         <kind>archive</kind>
         <file>rtsv7R4_A_be_v3D16_eabi.lib</file>
         <name>strncmp.c.obj</name>
      </input_file>
      <input_file id="fl-13d">
         <path>C:\ti\ccs901\ccs\tools\compiler\ti-cgt-arm_18.12.1.LTS\lib\</path>
         <kind>archive</kind>
         <file>rtsv7R4_A_be_v3D16_eabi.lib</file>
         <name>strtoul.c.obj</name>
      </input_file>
      <input_file id="fl-13e">
         <path>C:\ti\ccs901\ccs\tools\compiler\ti-cgt-arm_18.12.1.LTS\lib\</path>
         <kind>archive</kind>
         <file>rtsv7R4_A_be_v3D16_eabi.lib</file>
         <name>write.c.obj</name>
      </input_file>
      <input_file id="fl-13f">
         <path>C:\ti\ccs901\ccs\tools\compiler\ti-cgt-arm_18.12.1.LTS\lib\</path>
         <kind>archive</kind>
         <file>rtsv7R4_A_be_v3D16_eabi.lib</file>
         <name>host_device.c.obj</name>
      </input_file>
      <input_file id="fl-140">
         <path>C:\ti\ccs901\ccs\tools\compiler\ti-cgt-arm_18.12.1.LTS\lib\</path>
         <kind>archive</kind>
         <file>rtsv7R4_A_be_v3D16_eabi.lib</file>
         <name>read.c.obj</name>
      </input_file>
      <input_file id="fl-141">
         <path>C:\ti\ccs901\ccs\tools\compiler\ti-cgt-arm_18.12.1.LTS\lib\</path>
         <kind>archive</kind>
         <file>rtsv7R4_A_be_v3D16_eabi.lib</file>
         <name>errno.c.obj</name>
      </input_file>
      <input_file id="fl-142">
         <path>C:\ti\ccs901\ccs\tools\compiler\ti-cgt-arm_18.12.1.LTS\lib\</path>
         <kind>archive</kind>
         <file>rtsv7R4_A_be_v3D16_eabi.lib</file>
         <name>wcslen.c.obj</name>
      </input_file>
      <input_file id="fl-143">
         <path>C:\ti\ccs901\ccs\tools\compiler\ti-cgt-arm_18.12.1.LTS\lib\</path>
         <kind>archive</kind>
         <file>rtsv7R4_A_be_v3D16_eabi.lib</file>
         <name>s_frexp.c.obj</name>
      </input_file>
      <input_file id="fl-144">
         <path>C:\ti\ccs901\ccs\tools\compiler\ti-cgt-arm_18.12.1.LTS\lib\</path>
         <kind>archive</kind>
         <file>rtsv7R4_A_be_v3D16_eabi.lib</file>
         <name>s_scalbn.c.obj</name>
      </input_file>
      <input_file id="fl-145">
         <path>C:\ti\ccs901\ccs\tools\compiler\ti-cgt-arm_18.12.1.LTS\lib\</path>
         <kind>archive</kind>
         <file>rtsv7R4_A_be_v3D16_eabi.lib</file>
         <name>fopen.c.obj</name>
      </input_file>
      <input_file id="fl-146">
         <path>C:\ti\ccs901\ccs\tools\compiler\ti-cgt-arm_18.12.1.LTS\lib\</path>
         <kind>archive</kind>
         <file>rtsv7R4_A_be_v3D16_eabi.lib</file>
         <name>fseek.c.obj</name>
      </input_file>
      <input_file id="fl-147">
         <path>C:\ti\ccs901\ccs\tools\compiler\ti-cgt-arm_18.12.1.LTS\lib\</path>
         <kind>archive</kind>
         <file>rtsv7R4_A_be_v3D16_eabi.lib</file>
         <name>div0.asm.obj</name>
      </input_file>
      <input_file id="fl-148">
         <path>C:\ti\ccs901\ccs\tools\compiler\ti-cgt-arm_18.12.1.LTS\lib\</path>
         <kind>archive</kind>
         <file>rtsv7R4_A_be_v3D16_eabi.lib</file>
         <name>hostclose.c.obj</name>
      </input_file>
      <input_file id="fl-149">
         <path>C:\ti\ccs901\ccs\tools\compiler\ti-cgt-arm_18.12.1.LTS\lib\</path>
         <kind>archive</kind>
         <file>rtsv7R4_A_be_v3D16_eabi.lib</file>
         <name>hostlseek.c.obj</name>
      </input_file>
      <input_file id="fl-14a">
         <path>C:\ti\ccs901\ccs\tools\compiler\ti-cgt-arm_18.12.1.LTS\lib\</path>
         <kind>archive</kind>
         <file>rtsv7R4_A_be_v3D16_eabi.lib</file>
         <name>hostopen.c.obj</name>
      </input_file>
      <input_file id="fl-14b">
         <path>C:\ti\ccs901\ccs\tools\compiler\ti-cgt-arm_18.12.1.LTS\lib\</path>
         <kind>archive</kind>
         <file>rtsv7R4_A_be_v3D16_eabi.lib</file>
         <name>hostread.c.obj</name>
      </input_file>
      <input_file id="fl-14c">
         <path>C:\ti\ccs901\ccs\tools\compiler\ti-cgt-arm_18.12.1.LTS\lib\</path>
         <kind>archive</kind>
         <file>rtsv7R4_A_be_v3D16_eabi.lib</file>
         <name>hostrename.c.obj</name>
      </input_file>
      <input_file id="fl-14d">
         <path>C:\ti\ccs901\ccs\tools\compiler\ti-cgt-arm_18.12.1.LTS\lib\</path>
         <kind>archive</kind>
         <file>rtsv7R4_A_be_v3D16_eabi.lib</file>
         <name>hostunlink.c.obj</name>
      </input_file>
      <input_file id="fl-14e">
         <path>C:\ti\ccs901\ccs\tools\compiler\ti-cgt-arm_18.12.1.LTS\lib\</path>
         <kind>archive</kind>
         <file>rtsv7R4_A_be_v3D16_eabi.lib</file>
         <name>hostwrite.c.obj</name>
      </input_file>
      <input_file id="fl-14f">
         <path>C:\ti\ccs901\ccs\tools\compiler\ti-cgt-arm_18.12.1.LTS\lib\</path>
         <kind>archive</kind>
         <file>rtsv7R4_A_be_v3D16_eabi.lib</file>
         <name>trgmsg.c.obj</name>
      </input_file>
      <input_file id="fl-150">
         <path>C:\ti\ccs901\ccs\tools\compiler\ti-cgt-arm_18.12.1.LTS\lib\</path>
         <kind>archive</kind>
         <file>rtsv7R4_A_be_v3D16_eabi.lib</file>
         <name>open.c.obj</name>
      </input_file>
      <input_file id="fl-151">
         <path>C:\ti\ccs901\ccs\tools\compiler\ti-cgt-arm_18.12.1.LTS\lib\</path>
         <kind>archive</kind>
         <file>rtsv7R4_A_be_v3D16_eabi.lib</file>
         <name>lseek.c.obj</name>
      </input_file>
      <input_file id="fl-152">
         <path>C:\ti\ccs901\ccs\tools\compiler\ti-cgt-arm_18.12.1.LTS\lib\</path>
         <kind>archive</kind>
         <file>rtsv7R4_A_be_v3D16_eabi.lib</file>
         <name>s_copysign.c.obj</name>
      </input_file>
      <input_file id="fl-153">
         <path>C:\ti\ccs901\ccs\tools\compiler\ti-cgt-arm_18.12.1.LTS\lib\</path>
         <kind>archive</kind>
         <file>rtsv7R4_A_be_v3D16_eabi.lib</file>
         <name>fclose.c.obj</name>
      </input_file>
      <input_file id="fl-154">
         <path>C:\ti\ccs901\ccs\tools\compiler\ti-cgt-arm_18.12.1.LTS\lib\</path>
         <kind>archive</kind>
         <file>rtsv7R4_A_be_v3D16_eabi.lib</file>
         <name>getdevice.c.obj</name>
      </input_file>
      <input_file id="fl-155">
         <path>C:\ti\ccs901\ccs\tools\compiler\ti-cgt-arm_18.12.1.LTS\lib\</path>
         <kind>archive</kind>
         <file>rtsv7R4_A_be_v3D16_eabi.lib</file>
         <name>strncpy.c.obj</name>
      </input_file>
      <input_file id="fl-156">
         <path>C:\ti\ccs901\ccs\tools\compiler\ti-cgt-arm_18.12.1.LTS\lib\</path>
         <kind>archive</kind>
         <file>rtsv7R4_A_be_v3D16_eabi.lib</file>
         <name>remove.c.obj</name>
      </input_file>
      <input_file id="fl-157">
         <path>C:\ti\ccs901\ccs\tools\compiler\ti-cgt-arm_18.12.1.LTS\lib\</path>
         <kind>archive</kind>
         <file>rtsv7R4_A_be_v3D16_eabi.lib</file>
         <name>close.c.obj</name>
      </input_file>
      <input_file id="fl-158">
         <path>C:\ti\ccs901\ccs\tools\compiler\ti-cgt-arm_18.12.1.LTS\lib\</path>
         <kind>archive</kind>
         <file>rtsv7R4_A_be_v3D16_eabi.lib</file>
         <name>unlink.c.obj</name>
      </input_file>
   </input_file_list>
   <object_component_list>
      <object_component id="oc-12d">
         <name>.text</name>
         <load_address>0x20</load_address>
         <run_address>0x20</run_address>
         <size>0x2a48</size>
         <input_file_ref idref="fl-18"/>
      </object_component>
      <object_component id="oc-358">
         <name>.text</name>
         <load_address>0x2a68</load_address>
         <run_address>0x2a68</run_address>
         <size>0x2854</size>
         <input_file_ref idref="fl-d"/>
      </object_component>
      <object_component id="oc-21c">
         <name>.text</name>
         <load_address>0x52bc</load_address>
         <run_address>0x52bc</run_address>
         <size>0x1b40</size>
         <input_file_ref idref="fl-6"/>
      </object_component>
      <object_component id="oc-34f">
         <name>.text</name>
         <load_address>0x6dfc</load_address>
         <run_address>0x6dfc</run_address>
         <size>0x1374</size>
         <input_file_ref idref="fl-7"/>
      </object_component>
      <object_component id="oc-349">
         <name>.text</name>
         <load_address>0x8170</load_address>
         <run_address>0x8170</run_address>
         <size>0x11a0</size>
         <input_file_ref idref="fl-c"/>
      </object_component>
      <object_component id="oc-321">
         <name>.text</name>
         <load_address>0x9310</load_address>
         <run_address>0x9310</run_address>
         <size>0x10d8</size>
         <input_file_ref idref="fl-5"/>
      </object_component>
      <object_component id="oc-39b">
         <name>.text:__TI_printfi</name>
         <load_address>0xa3e8</load_address>
         <run_address>0xa3e8</run_address>
         <size>0xfac</size>
         <input_file_ref idref="fl-118"/>
      </object_component>
      <object_component id="oc-4a9">
         <name>.text</name>
         <load_address>0xb394</load_address>
         <run_address>0xb394</run_address>
         <size>0xe48</size>
         <input_file_ref idref="fl-52"/>
      </object_component>
      <object_component id="oc-33d">
         <name>.text</name>
         <load_address>0xc1dc</load_address>
         <run_address>0xc1dc</run_address>
         <size>0xb0c</size>
         <input_file_ref idref="fl-e"/>
      </object_component>
      <object_component id="oc-27e">
         <name>.text</name>
         <load_address>0xcce8</load_address>
         <run_address>0xcce8</run_address>
         <size>0x9cc</size>
         <input_file_ref idref="fl-57"/>
      </object_component>
      <object_component id="oc-d3">
         <name>.text</name>
         <load_address>0xd6b4</load_address>
         <run_address>0xd6b4</run_address>
         <size>0x9c0</size>
         <input_file_ref idref="fl-42"/>
      </object_component>
      <object_component id="oc-61">
         <name>.text</name>
         <load_address>0xe074</load_address>
         <run_address>0xe074</run_address>
         <size>0x99c</size>
         <input_file_ref idref="fl-50"/>
      </object_component>
      <object_component id="oc-2e">
         <name>.text</name>
         <load_address>0xea10</load_address>
         <run_address>0xea10</run_address>
         <size>0x93c</size>
         <input_file_ref idref="fl-4f"/>
      </object_component>
      <object_component id="oc-234">
         <name>.text</name>
         <load_address>0xf34c</load_address>
         <run_address>0xf34c</run_address>
         <size>0x8f8</size>
         <input_file_ref idref="fl-17"/>
      </object_component>
      <object_component id="oc-79">
         <name>.text</name>
         <load_address>0xfc44</load_address>
         <run_address>0xfc44</run_address>
         <size>0x78c</size>
         <input_file_ref idref="fl-36"/>
      </object_component>
      <object_component id="oc-67">
         <name>.text</name>
         <load_address>0x103d0</load_address>
         <run_address>0x103d0</run_address>
         <size>0x664</size>
         <input_file_ref idref="fl-35"/>
      </object_component>
      <object_component id="oc-4b6">
         <name>.text</name>
         <load_address>0x10a34</load_address>
         <run_address>0x10a34</run_address>
         <size>0x5b8</size>
         <input_file_ref idref="fl-9"/>
      </object_component>
      <object_component id="oc-127">
         <name>.text</name>
         <load_address>0x10fec</load_address>
         <run_address>0x10fec</run_address>
         <size>0x484</size>
         <input_file_ref idref="fl-38"/>
      </object_component>
      <object_component id="oc-48c">
         <name>.text</name>
         <load_address>0x11470</load_address>
         <run_address>0x11470</run_address>
         <size>0x46c</size>
         <input_file_ref idref="fl-4"/>
      </object_component>
      <object_component id="oc-252">
         <name>.text</name>
         <load_address>0x118dc</load_address>
         <run_address>0x118dc</run_address>
         <size>0x3e0</size>
         <input_file_ref idref="fl-2a"/>
      </object_component>
      <object_component id="oc-343">
         <name>.text</name>
         <load_address>0x11cbc</load_address>
         <run_address>0x11cbc</run_address>
         <size>0x3c8</size>
         <input_file_ref idref="fl-11"/>
      </object_component>
      <object_component id="oc-5c">
         <name>.text</name>
         <load_address>0x12084</load_address>
         <run_address>0x12084</run_address>
         <size>0x3c4</size>
         <input_file_ref idref="fl-45"/>
      </object_component>
      <object_component id="oc-222">
         <name>.text</name>
         <load_address>0x12448</load_address>
         <run_address>0x12448</run_address>
         <size>0x3c4</size>
         <input_file_ref idref="fl-27"/>
      </object_component>
      <object_component id="oc-7f">
         <name>.text</name>
         <load_address>0x1280c</load_address>
         <run_address>0x1280c</run_address>
         <size>0x36c</size>
         <input_file_ref idref="fl-49"/>
      </object_component>
      <object_component id="oc-2a">
         <name>.text:retain</name>
         <load_address>0x12b78</load_address>
         <run_address>0x12b78</run_address>
         <size>0x33c</size>
         <input_file_ref idref="fl-4f"/>
      </object_component>
      <object_component id="oc-492">
         <name>.text</name>
         <load_address>0x12eb4</load_address>
         <run_address>0x12eb4</run_address>
         <size>0x328</size>
         <input_file_ref idref="fl-25"/>
      </object_component>
      <object_component id="oc-337">
         <name>.text</name>
         <load_address>0x131dc</load_address>
         <run_address>0x131dc</run_address>
         <size>0x304</size>
         <input_file_ref idref="fl-8"/>
      </object_component>
      <object_component id="oc-d9">
         <name>.text</name>
         <load_address>0x134e0</load_address>
         <run_address>0x134e0</run_address>
         <size>0x2dc</size>
         <input_file_ref idref="fl-31"/>
      </object_component>
      <object_component id="oc-503">
         <name>.text:_pconv_a</name>
         <load_address>0x137bc</load_address>
         <run_address>0x137bc</run_address>
         <size>0x2dc</size>
         <input_file_ref idref="fl-118"/>
      </object_component>
      <object_component id="oc-133">
         <name>.text</name>
         <load_address>0x13a98</load_address>
         <run_address>0x13a98</run_address>
         <size>0x2d8</size>
         <input_file_ref idref="fl-2"/>
      </object_component>
      <object_component id="oc-5b0">
         <name>.text</name>
         <load_address>0x13d70</load_address>
         <run_address>0x13d70</run_address>
         <size>0x2b8</size>
         <input_file_ref idref="fl-127"/>
      </object_component>
      <object_component id="oc-3ea">
         <name>.text</name>
         <load_address>0x14028</load_address>
         <run_address>0x14028</run_address>
         <size>0x278</size>
         <input_file_ref idref="fl-55"/>
      </object_component>
      <object_component id="oc-4f1">
         <name>.text:_pconv_g</name>
         <load_address>0x142a0</load_address>
         <run_address>0x142a0</run_address>
         <size>0x248</size>
         <input_file_ref idref="fl-118"/>
      </object_component>
      <object_component id="oc-294">
         <name>.text</name>
         <load_address>0x144e8</load_address>
         <run_address>0x144e8</run_address>
         <size>0x238</size>
         <input_file_ref idref="fl-56"/>
      </object_component>
      <object_component id="oc-59b">
         <name>.text</name>
         <load_address>0x14720</load_address>
         <run_address>0x14720</run_address>
         <size>0x218</size>
         <input_file_ref idref="fl-b"/>
      </object_component>
      <object_component id="oc-73">
         <name>.text</name>
         <load_address>0x14938</load_address>
         <run_address>0x14938</run_address>
         <size>0x1fc</size>
         <input_file_ref idref="fl-3f"/>
      </object_component>
      <object_component id="oc-527">
         <name>.text:fputs</name>
         <load_address>0x14b34</load_address>
         <run_address>0x14b34</run_address>
         <size>0x1a4</size>
         <input_file_ref idref="fl-11c"/>
      </object_component>
      <object_component id="oc-712">
         <name>.text:aligned_alloc</name>
         <load_address>0x14cd8</load_address>
         <run_address>0x14cd8</run_address>
         <size>0x180</size>
         <input_file_ref idref="fl-136"/>
      </object_component>
      <object_component id="oc-44">
         <name>.text</name>
         <load_address>0x14e58</load_address>
         <run_address>0x14e58</run_address>
         <size>0x180</size>
         <input_file_ref idref="fl-122"/>
      </object_component>
      <object_component id="oc-6cc">
         <name>.text:free</name>
         <load_address>0x14fd8</load_address>
         <run_address>0x14fd8</run_address>
         <size>0x178</size>
         <input_file_ref idref="fl-136"/>
      </object_component>
      <object_component id="oc-1b">
         <name>.text:retain</name>
         <load_address>0x15150</load_address>
         <run_address>0x15150</run_address>
         <size>0x178</size>
         <input_file_ref idref="fl-36"/>
      </object_component>
      <object_component id="oc-2a0">
         <name>.text</name>
         <load_address>0x152c8</load_address>
         <run_address>0x152c8</run_address>
         <size>0x164</size>
         <input_file_ref idref="fl-5b"/>
      </object_component>
      <object_component id="oc-4fd">
         <name>.text:_pconv_e</name>
         <load_address>0x1542c</load_address>
         <run_address>0x1542c</run_address>
         <size>0x15c</size>
         <input_file_ref idref="fl-118"/>
      </object_component>
      <object_component id="oc-694">
         <name>.text:setvbuf</name>
         <load_address>0x15588</load_address>
         <run_address>0x15588</run_address>
         <size>0x158</size>
         <input_file_ref idref="fl-11f"/>
      </object_component>
      <object_component id="oc-650">
         <name>.text</name>
         <load_address>0x156e0</load_address>
         <run_address>0x156e0</run_address>
         <size>0x144</size>
         <input_file_ref idref="fl-24"/>
      </object_component>
      <object_component id="oc-5c9">
         <name>.text:fcvt</name>
         <load_address>0x15824</load_address>
         <run_address>0x15824</run_address>
         <size>0x144</size>
         <input_file_ref idref="fl-118"/>
      </object_component>
      <object_component id="oc-3ff">
         <name>.text</name>
         <load_address>0x15968</load_address>
         <run_address>0x15968</run_address>
         <size>0x13c</size>
         <input_file_ref idref="fl-58"/>
      </object_component>
      <object_component id="oc-5dd">
         <name>.text:scalbn</name>
         <load_address>0x15aa4</load_address>
         <run_address>0x15aa4</run_address>
         <size>0x120</size>
         <input_file_ref idref="fl-144"/>
      </object_component>
      <object_component id="oc-4eb">
         <name>.text:_ltostr</name>
         <load_address>0x15bc4</load_address>
         <run_address>0x15bc4</run_address>
         <size>0x115</size>
         <input_file_ref idref="fl-118"/>
      </object_component>
      <object_component id="oc-52e">
         <name>.text:fputc</name>
         <load_address>0x15cdc</load_address>
         <run_address>0x15cdc</run_address>
         <size>0x100</size>
         <input_file_ref idref="fl-11b"/>
      </object_component>
      <object_component id="oc-228">
         <name>.text</name>
         <load_address>0x15ddc</load_address>
         <run_address>0x15ddc</run_address>
         <size>0xf8</size>
         <input_file_ref idref="fl-13"/>
      </object_component>
      <object_component id="oc-85">
         <name>.text</name>
         <load_address>0x15ed4</load_address>
         <run_address>0x15ed4</run_address>
         <size>0xf4</size>
         <input_file_ref idref="fl-48"/>
      </object_component>
      <object_component id="oc-31b">
         <name>.text</name>
         <load_address>0x15fc8</load_address>
         <run_address>0x15fc8</run_address>
         <size>0xf4</size>
         <input_file_ref idref="fl-29"/>
      </object_component>
      <object_component id="oc-10">
         <name>.text:retain</name>
         <load_address>0x160bc</load_address>
         <run_address>0x160bc</run_address>
         <size>0xd8</size>
         <input_file_ref idref="fl-4e"/>
      </object_component>
      <object_component id="oc-5c2">
         <name>.text:_mcpy</name>
         <load_address>0x16194</load_address>
         <run_address>0x16194</run_address>
         <size>0xc8</size>
         <input_file_ref idref="fl-118"/>
      </object_component>
      <object_component id="oc-719">
         <name>.text:__TI_closefile</name>
         <load_address>0x1625c</load_address>
         <run_address>0x1625c</run_address>
         <size>0xb8</size>
         <input_file_ref idref="fl-153"/>
      </object_component>
      <object_component id="oc-757">
         <name>.text:split</name>
         <load_address>0x16314</load_address>
         <run_address>0x16314</run_address>
         <size>0xb8</size>
         <input_file_ref idref="fl-136"/>
      </object_component>
      <object_component id="oc-485">
         <name>.text</name>
         <load_address>0x163cc</load_address>
         <run_address>0x163cc</run_address>
         <size>0xb4</size>
         <input_file_ref idref="fl-14"/>
      </object_component>
      <object_component id="oc-cc">
         <name>.text</name>
         <load_address>0x16480</load_address>
         <run_address>0x16480</run_address>
         <size>0xb0</size>
         <input_file_ref idref="fl-125"/>
      </object_component>
      <object_component id="oc-73a">
         <name>.text:HOSTlseek</name>
         <load_address>0x16530</load_address>
         <run_address>0x16530</run_address>
         <size>0xac</size>
         <input_file_ref idref="fl-149"/>
      </object_component>
      <object_component id="oc-63d">
         <name>.text:fflush</name>
         <load_address>0x165dc</load_address>
         <run_address>0x165dc</run_address>
         <size>0xac</size>
         <input_file_ref idref="fl-119"/>
      </object_component>
      <object_component id="oc-68e">
         <name>.text:fseek</name>
         <load_address>0x16688</load_address>
         <run_address>0x16688</run_address>
         <size>0xa8</size>
         <input_file_ref idref="fl-146"/>
      </object_component>
      <object_component id="oc-746">
         <name>.text:HOSTrename</name>
         <load_address>0x16730</load_address>
         <run_address>0x16730</run_address>
         <size>0xa4</size>
         <input_file_ref idref="fl-14c"/>
      </object_component>
      <object_component id="oc-609">
         <name>.text:__TI_wrt_ok</name>
         <load_address>0x167d4</load_address>
         <run_address>0x167d4</run_address>
         <size>0xa0</size>
         <input_file_ref idref="fl-11e"/>
      </object_component>
      <object_component id="oc-272">
         <name>.text:fprintf</name>
         <load_address>0x16874</load_address>
         <run_address>0x16874</run_address>
         <size>0x9c</size>
         <input_file_ref idref="fl-117"/>
      </object_component>
      <object_component id="oc-278">
         <name>.text:printf</name>
         <load_address>0x16910</load_address>
         <run_address>0x16910</run_address>
         <size>0x9c</size>
         <input_file_ref idref="fl-116"/>
      </object_component>
      <object_component id="oc-722">
         <name>.text:HOSTopen</name>
         <load_address>0x169ac</load_address>
         <run_address>0x169ac</run_address>
         <size>0x98</size>
         <input_file_ref idref="fl-14a"/>
      </object_component>
      <object_component id="oc-5bc">
         <name>.text:_ecpy</name>
         <load_address>0x16a44</load_address>
         <run_address>0x16a44</run_address>
         <size>0x98</size>
         <input_file_ref idref="fl-118"/>
      </object_component>
      <object_component id="oc-75e">
         <name>.text:close</name>
         <load_address>0x16adc</load_address>
         <run_address>0x16adc</run_address>
         <size>0x98</size>
         <input_file_ref idref="fl-157"/>
      </object_component>
      <object_component id="oc-72e">
         <name>.text:HOSTread</name>
         <load_address>0x16b74</load_address>
         <run_address>0x16b74</run_address>
         <size>0x90</size>
         <input_file_ref idref="fl-14b"/>
      </object_component>
      <object_component id="oc-734">
         <name>.text:HOSTwrite</name>
         <load_address>0x16c04</load_address>
         <run_address>0x16c04</run_address>
         <size>0x90</size>
         <input_file_ref idref="fl-14e"/>
      </object_component>
      <object_component id="oc-3">
         <name>.text:decompress:lzss:__TI_decompress_lzss</name>
         <load_address>0x16c94</load_address>
         <run_address>0x16c94</run_address>
         <size>0x90</size>
         <input_file_ref idref="fl-12c"/>
      </object_component>
      <object_component id="oc-5d7">
         <name>.text:frexp</name>
         <load_address>0x16d24</load_address>
         <run_address>0x16d24</run_address>
         <size>0x8c</size>
         <input_file_ref idref="fl-143"/>
      </object_component>
      <object_component id="oc-258">
         <name>.text</name>
         <load_address>0x16db0</load_address>
         <run_address>0x16db0</run_address>
         <size>0x8c</size>
         <input_file_ref idref="fl-15"/>
      </object_component>
      <object_component id="oc-24c">
         <name>.text</name>
         <load_address>0x16e3c</load_address>
         <run_address>0x16e3c</run_address>
         <size>0x88</size>
         <input_file_ref idref="fl-28"/>
      </object_component>
      <object_component id="oc-615">
         <name>.text:__TI_doflush</name>
         <load_address>0x16ec4</load_address>
         <run_address>0x16ec4</run_address>
         <size>0x84</size>
         <input_file_ref idref="fl-119"/>
      </object_component>
      <object_component id="oc-4e5">
         <name>.text:atoi</name>
         <load_address>0x16f48</load_address>
         <run_address>0x16f48</run_address>
         <size>0x84</size>
         <input_file_ref idref="fl-130"/>
      </object_component>
      <object_component id="oc-5b6">
         <name>.text:ltoa</name>
         <load_address>0x16fcc</load_address>
         <run_address>0x16fcc</run_address>
         <size>0x80</size>
         <input_file_ref idref="fl-133"/>
      </object_component>
      <object_component id="oc-14f">
         <name>.text:exit</name>
         <load_address>0x1704c</load_address>
         <run_address>0x1704c</run_address>
         <size>0x7c</size>
         <input_file_ref idref="fl-12d"/>
      </object_component>
      <object_component id="oc-728">
         <name>.text:HOSTclose</name>
         <load_address>0x170c8</load_address>
         <run_address>0x170c8</run_address>
         <size>0x74</size>
         <input_file_ref idref="fl-148"/>
      </object_component>
      <object_component id="oc-4f7">
         <name>.text:_pconv_f</name>
         <load_address>0x1713c</load_address>
         <run_address>0x1713c</run_address>
         <size>0x74</size>
         <input_file_ref idref="fl-118"/>
      </object_component>
      <object_component id="oc-740">
         <name>.text:HOSTunlink</name>
         <load_address>0x171b0</load_address>
         <run_address>0x171b0</run_address>
         <size>0x70</size>
         <input_file_ref idref="fl-14d"/>
      </object_component>
      <object_component id="oc-794">
         <name>.text:getdevice</name>
         <load_address>0x17220</load_address>
         <run_address>0x17220</run_address>
         <size>0x6c</size>
         <input_file_ref idref="fl-154"/>
      </object_component>
      <object_component id="oc-f7">
         <name>.text:__TI_auto_init_nobinit_nopinit:__TI_auto_init_nobinit_nopinit</name>
         <load_address>0x1728c</load_address>
         <run_address>0x1728c</run_address>
         <size>0x68</size>
         <input_file_ref idref="fl-128"/>
      </object_component>
      <object_component id="oc-5cf">
         <name>.text:_fcpy</name>
         <load_address>0x172f4</load_address>
         <run_address>0x172f4</run_address>
         <size>0x64</size>
         <input_file_ref idref="fl-118"/>
      </object_component>
      <object_component id="oc-22e">
         <name>.text</name>
         <load_address>0x17358</load_address>
         <run_address>0x17358</run_address>
         <size>0x60</size>
         <input_file_ref idref="fl-10"/>
      </object_component>
      <object_component id="oc-6d8">
         <name>.text:__TI_cleanup</name>
         <load_address>0x173b8</load_address>
         <run_address>0x173b8</run_address>
         <size>0x54</size>
         <input_file_ref idref="fl-145"/>
      </object_component>
      <object_component id="oc-773">
         <name>.text:__TI_readmsg</name>
         <load_address>0x1740c</load_address>
         <run_address>0x1740c</run_address>
         <size>0x54</size>
         <input_file_ref idref="fl-14f"/>
      </object_component>
      <object_component id="oc-76d">
         <name>.text:__TI_writemsg</name>
         <load_address>0x17460</load_address>
         <run_address>0x17460</run_address>
         <size>0x54</size>
         <input_file_ref idref="fl-14f"/>
      </object_component>
      <object_component id="oc-7bc">
         <name>.text:finddevice</name>
         <load_address>0x174b4</load_address>
         <run_address>0x174b4</run_address>
         <size>0x54</size>
         <input_file_ref idref="fl-154"/>
      </object_component>
      <object_component id="oc-660">
         <name>.text</name>
         <load_address>0x17508</load_address>
         <run_address>0x17508</run_address>
         <size>0x54</size>
         <input_file_ref idref="fl-123"/>
      </object_component>
      <object_component id="oc-327">
         <name>.text</name>
         <load_address>0x1755c</load_address>
         <run_address>0x1755c</run_address>
         <size>0x50</size>
         <input_file_ref idref="fl-124"/>
      </object_component>
      <object_component id="oc-7b6">
         <name>.text:strncpy</name>
         <load_address>0x175ac</load_address>
         <run_address>0x175ac</run_address>
         <size>0x48</size>
         <input_file_ref idref="fl-155"/>
      </object_component>
      <object_component id="oc-764">
         <name>.text:unlink</name>
         <load_address>0x175f4</load_address>
         <run_address>0x175f4</run_address>
         <size>0x48</size>
         <input_file_ref idref="fl-158"/>
      </object_component>
      <object_component id="oc-6c4">
         <name>.text:lseek</name>
         <load_address>0x1763c</load_address>
         <run_address>0x1763c</run_address>
         <size>0x44</size>
         <input_file_ref idref="fl-151"/>
      </object_component>
      <object_component id="oc-61b">
         <name>.text:write</name>
         <load_address>0x17680</load_address>
         <run_address>0x17680</run_address>
         <size>0x44</size>
         <input_file_ref idref="fl-13e"/>
      </object_component>
      <object_component id="oc-70b">
         <name>.text:free_list_insert</name>
         <load_address>0x176c4</load_address>
         <run_address>0x176c4</run_address>
         <size>0x40</size>
         <input_file_ref idref="fl-136"/>
      </object_component>
      <object_component id="oc-705">
         <name>.text:free_list_remove</name>
         <load_address>0x17704</load_address>
         <run_address>0x17704</run_address>
         <size>0x30</size>
         <input_file_ref idref="fl-136"/>
      </object_component>
      <object_component id="oc-509">
         <name>.text:memccpy</name>
         <load_address>0x17734</load_address>
         <run_address>0x17734</run_address>
         <size>0x2c</size>
         <input_file_ref idref="fl-134"/>
      </object_component>
      <object_component id="oc-60f">
         <name>.text:memchr</name>
         <load_address>0x17760</load_address>
         <run_address>0x17760</run_address>
         <size>0x2c</size>
         <input_file_ref idref="fl-135"/>
      </object_component>
      <object_component id="oc-5e3">
         <name>.text:strchr</name>
         <load_address>0x1778c</load_address>
         <run_address>0x1778c</run_address>
         <size>0x28</size>
         <input_file_ref idref="fl-138"/>
      </object_component>
      <object_component id="oc-7d3">
         <name>.text:strcmp</name>
         <load_address>0x177b4</load_address>
         <run_address>0x177b4</run_address>
         <size>0x28</size>
         <input_file_ref idref="fl-139"/>
      </object_component>
      <object_component id="oc-581">
         <name>.text:_abort_msg</name>
         <load_address>0x177dc</load_address>
         <run_address>0x177dc</run_address>
         <size>0x24</size>
         <input_file_ref idref="fl-12f"/>
      </object_component>
      <object_component id="oc-56a">
         <name>.text</name>
         <load_address>0x17800</load_address>
         <run_address>0x17800</run_address>
         <size>0x24</size>
         <input_file_ref idref="fl-120"/>
      </object_component>
      <object_component id="oc-32c">
         <name>.text</name>
         <load_address>0x17824</load_address>
         <run_address>0x17824</run_address>
         <size>0x24</size>
         <input_file_ref idref="fl-121"/>
      </object_component>
      <object_component id="oc-50f">
         <name>.text:wcslen</name>
         <load_address>0x17848</load_address>
         <run_address>0x17848</run_address>
         <size>0x24</size>
         <input_file_ref idref="fl-142"/>
      </object_component>
      <object_component id="oc-2a9">
         <name>.text:strlen</name>
         <load_address>0x1786c</load_address>
         <run_address>0x1786c</run_address>
         <size>0x20</size>
         <input_file_ref idref="fl-13b"/>
      </object_component>
      <object_component id="oc-672">
         <name>.text:copysign</name>
         <load_address>0x1788c</load_address>
         <run_address>0x1788c</run_address>
         <size>0x1c</size>
         <input_file_ref idref="fl-152"/>
      </object_component>
      <object_component id="oc-331">
         <name>.text</name>
         <load_address>0x178a8</load_address>
         <run_address>0x178a8</run_address>
         <size>0x18</size>
         <input_file_ref idref="fl-12"/>
      </object_component>
      <object_component id="oc-787">
         <name>.text:strcpy</name>
         <load_address>0x178c0</load_address>
         <run_address>0x178c0</run_address>
         <size>0x18</size>
         <input_file_ref idref="fl-13a"/>
      </object_component>
      <object_component id="oc-9">
         <name>.text:decompress:none:__TI_decompress_none</name>
         <load_address>0x178d8</load_address>
         <run_address>0x178d8</run_address>
         <size>0x14</size>
         <input_file_ref idref="fl-12b"/>
      </object_component>
      <object_component id="oc-56">
         <name>.text:decompress:ZI:__TI_zero_init</name>
         <load_address>0x178ec</load_address>
         <run_address>0x178ec</run_address>
         <size>0x10</size>
         <input_file_ref idref="fl-12a"/>
      </object_component>
      <object_component id="oc-515">
         <name>.text:__aeabi_errno_addr</name>
         <load_address>0x178fc</load_address>
         <run_address>0x178fc</run_address>
         <size>0xc</size>
         <input_file_ref idref="fl-141"/>
      </object_component>
      <object_component id="oc-6d2">
         <name>.text:malloc</name>
         <load_address>0x17908</load_address>
         <run_address>0x17908</run_address>
         <size>0xc</size>
         <input_file_ref idref="fl-136"/>
      </object_component>
      <object_component id="oc-562">
         <name>.text:putchar</name>
         <load_address>0x17914</load_address>
         <run_address>0x17914</run_address>
         <size>0xc</size>
         <input_file_ref idref="fl-11b"/>
      </object_component>
      <object_component id="oc-149">
         <name>.text:abort:abort</name>
         <load_address>0x17920</load_address>
         <run_address>0x17920</run_address>
         <size>0x8</size>
         <input_file_ref idref="fl-12d"/>
      </object_component>
      <object_component id="oc-6d">
         <name>.text</name>
         <load_address>0x17928</load_address>
         <run_address>0x17928</run_address>
         <size>0x4</size>
         <input_file_ref idref="fl-4e"/>
      </object_component>
      <object_component id="oc-41c">
         <name>.text:_nop</name>
         <load_address>0x1792c</load_address>
         <run_address>0x1792c</run_address>
         <size>0x4</size>
         <input_file_ref idref="fl-12e"/>
      </object_component>
      <object_component id="oc-3a7">
         <name>.text:_outc</name>
         <load_address>0x17930</load_address>
         <run_address>0x17930</run_address>
         <size>0x4</size>
         <input_file_ref idref="fl-117"/>
      </object_component>
      <object_component id="oc-3ba">
         <name>.text:_outc</name>
         <load_address>0x17934</load_address>
         <run_address>0x17934</run_address>
         <size>0x4</size>
         <input_file_ref idref="fl-116"/>
      </object_component>
      <object_component id="oc-3a1">
         <name>.text:_outs</name>
         <load_address>0x17938</load_address>
         <run_address>0x17938</run_address>
         <size>0x4</size>
         <input_file_ref idref="fl-117"/>
      </object_component>
      <object_component id="oc-3b4">
         <name>.text:_outs</name>
         <load_address>0x1793c</load_address>
         <run_address>0x1793c</run_address>
         <size>0x4</size>
         <input_file_ref idref="fl-116"/>
      </object_component>
      <object_component id="oc-24">
         <name>.text:retain</name>
         <load_address>0x17940</load_address>
         <run_address>0x17940</run_address>
         <size>0x4</size>
         <input_file_ref idref="fl-4b"/>
      </object_component>
      <object_component id="oc-49d">
         <name>.text</name>
         <load_address>0x17944</load_address>
         <run_address>0x17944</run_address>
         <size>0x4</size>
         <input_file_ref idref="fl-147"/>
      </object_component>
      <object_component id="oc-87b">
         <name>.tramp.xTaskCreate.1</name>
         <load_address>0x17948</load_address>
         <run_address>0x17948</run_address>
         <size>0x8</size>
         <input_file_ref idref="fl-5b"/>
      </object_component>
      <object_component id="oc-87c">
         <name>.tramp.xTaskCreateRestricted.1</name>
         <load_address>0x17950</load_address>
         <run_address>0x17950</run_address>
         <size>0x8</size>
         <input_file_ref idref="fl-5b"/>
      </object_component>
      <object_component id="oc-87d">
         <name>.tramp.vTaskAllocateMPURegions.1</name>
         <load_address>0x17958</load_address>
         <run_address>0x17958</run_address>
         <size>0x8</size>
         <input_file_ref idref="fl-5b"/>
      </object_component>
      <object_component id="oc-87e">
         <name>.tramp.vTaskDelete.1</name>
         <load_address>0x17960</load_address>
         <run_address>0x17960</run_address>
         <size>0x8</size>
         <input_file_ref idref="fl-5b"/>
      </object_component>
      <object_component id="oc-87f">
         <name>.tramp.vTaskDelay.1</name>
         <load_address>0x17968</load_address>
         <run_address>0x17968</run_address>
         <size>0x8</size>
         <input_file_ref idref="fl-5b"/>
      </object_component>
      <object_component id="oc-880">
         <name>.tramp.vTaskDelayUntil.1</name>
         <load_address>0x17970</load_address>
         <run_address>0x17970</run_address>
         <size>0x8</size>
         <input_file_ref idref="fl-5b"/>
      </object_component>
      <object_component id="oc-881">
         <name>.tramp.xTaskAbortDelay.1</name>
         <load_address>0x17978</load_address>
         <run_address>0x17978</run_address>
         <size>0x8</size>
         <input_file_ref idref="fl-5b"/>
      </object_component>
      <object_component id="oc-882">
         <name>.tramp.uxTaskPriorityGet.1</name>
         <load_address>0x17980</load_address>
         <run_address>0x17980</run_address>
         <size>0x8</size>
         <input_file_ref idref="fl-5b"/>
      </object_component>
      <object_component id="oc-883">
         <name>.tramp.eTaskGetState.1</name>
         <load_address>0x17988</load_address>
         <run_address>0x17988</run_address>
         <size>0x8</size>
         <input_file_ref idref="fl-5b"/>
      </object_component>
      <object_component id="oc-884">
         <name>.tramp.vTaskPrioritySet.1</name>
         <load_address>0x17990</load_address>
         <run_address>0x17990</run_address>
         <size>0x8</size>
         <input_file_ref idref="fl-5b"/>
      </object_component>
      <object_component id="oc-885">
         <name>.tramp.vTaskSuspend.1</name>
         <load_address>0x17998</load_address>
         <run_address>0x17998</run_address>
         <size>0x8</size>
         <input_file_ref idref="fl-5b"/>
      </object_component>
      <object_component id="oc-886">
         <name>.tramp.vTaskResume.1</name>
         <load_address>0x179a0</load_address>
         <run_address>0x179a0</run_address>
         <size>0x8</size>
         <input_file_ref idref="fl-5b"/>
      </object_component>
      <object_component id="oc-887">
         <name>.tramp.vTaskSuspendAll.1</name>
         <load_address>0x179a8</load_address>
         <run_address>0x179a8</run_address>
         <size>0x8</size>
         <input_file_ref idref="fl-5b"/>
      </object_component>
      <object_component id="oc-888">
         <name>.tramp.xTaskResumeAll.1</name>
         <load_address>0x179b0</load_address>
         <run_address>0x179b0</run_address>
         <size>0x8</size>
         <input_file_ref idref="fl-5b"/>
      </object_component>
      <object_component id="oc-889">
         <name>.tramp.xTaskGetTickCount.1</name>
         <load_address>0x179b8</load_address>
         <run_address>0x179b8</run_address>
         <size>0x8</size>
         <input_file_ref idref="fl-5b"/>
      </object_component>
      <object_component id="oc-88a">
         <name>.tramp.uxTaskGetNumberOfTasks.1</name>
         <load_address>0x179c0</load_address>
         <run_address>0x179c0</run_address>
         <size>0x8</size>
         <input_file_ref idref="fl-5b"/>
      </object_component>
      <object_component id="oc-88b">
         <name>.tramp.pcTaskGetName.1</name>
         <load_address>0x179c8</load_address>
         <run_address>0x179c8</run_address>
         <size>0x8</size>
         <input_file_ref idref="fl-5b"/>
      </object_component>
      <object_component id="oc-88c">
         <name>.tramp.xTaskGetHandle.1</name>
         <load_address>0x179d0</load_address>
         <run_address>0x179d0</run_address>
         <size>0x8</size>
         <input_file_ref idref="fl-5b"/>
      </object_component>
      <object_component id="oc-88d">
         <name>.tramp.uxTaskGetStackHighWaterMark.1</name>
         <load_address>0x179d8</load_address>
         <run_address>0x179d8</run_address>
         <size>0x8</size>
         <input_file_ref idref="fl-5b"/>
      </object_component>
      <object_component id="oc-88e">
         <name>.tramp.vTaskSetThreadLocalStoragePointer.1</name>
         <load_address>0x179e0</load_address>
         <run_address>0x179e0</run_address>
         <size>0x8</size>
         <input_file_ref idref="fl-5b"/>
      </object_component>
      <object_component id="oc-88f">
         <name>.tramp.pvTaskGetThreadLocalStoragePointer.1</name>
         <load_address>0x179e8</load_address>
         <run_address>0x179e8</run_address>
         <size>0x8</size>
         <input_file_ref idref="fl-5b"/>
      </object_component>
      <object_component id="oc-890">
         <name>.tramp.xTaskGetIdleTaskHandle.1</name>
         <load_address>0x179f0</load_address>
         <run_address>0x179f0</run_address>
         <size>0x8</size>
         <input_file_ref idref="fl-5b"/>
      </object_component>
      <object_component id="oc-891">
         <name>.tramp.xTaskGenericNotify.1</name>
         <load_address>0x179f8</load_address>
         <run_address>0x179f8</run_address>
         <size>0x8</size>
         <input_file_ref idref="fl-5b"/>
      </object_component>
      <object_component id="oc-892">
         <name>.tramp.xTaskNotifyWait.1</name>
         <load_address>0x17a00</load_address>
         <run_address>0x17a00</run_address>
         <size>0x8</size>
         <input_file_ref idref="fl-5b"/>
      </object_component>
      <object_component id="oc-893">
         <name>.tramp.ulTaskNotifyTake.1</name>
         <load_address>0x17a08</load_address>
         <run_address>0x17a08</run_address>
         <size>0x8</size>
         <input_file_ref idref="fl-5b"/>
      </object_component>
      <object_component id="oc-895">
         <name>.tramp.xTaskGetCurrentTaskHandle.1</name>
         <load_address>0x17a10</load_address>
         <run_address>0x17a10</run_address>
         <size>0x8</size>
         <input_file_ref idref="fl-5b"/>
      </object_component>
      <object_component id="oc-896">
         <name>.tramp.vTaskSetTimeOutState.1</name>
         <load_address>0x17a18</load_address>
         <run_address>0x17a18</run_address>
         <size>0x8</size>
         <input_file_ref idref="fl-5b"/>
      </object_component>
      <object_component id="oc-897">
         <name>.tramp.xTaskCheckForTimeOut.1</name>
         <load_address>0x17a20</load_address>
         <run_address>0x17a20</run_address>
         <size>0x8</size>
         <input_file_ref idref="fl-5b"/>
      </object_component>
      <object_component id="oc-898">
         <name>.tramp.xTaskGetSchedulerState.1</name>
         <load_address>0x17a28</load_address>
         <run_address>0x17a28</run_address>
         <size>0x8</size>
         <input_file_ref idref="fl-5b"/>
      </object_component>
      <object_component id="oc-899">
         <name>.tramp.xQueueGenericSend.1</name>
         <load_address>0x17a30</load_address>
         <run_address>0x17a30</run_address>
         <size>0x8</size>
         <input_file_ref idref="fl-5a"/>
      </object_component>
      <object_component id="oc-89a">
         <name>.tramp.xQueueGenericReceive.1</name>
         <load_address>0x17a38</load_address>
         <run_address>0x17a38</run_address>
         <size>0x8</size>
         <input_file_ref idref="fl-5a"/>
      </object_component>
      <object_component id="oc-89b">
         <name>.tramp.uxQueueMessagesWaiting.1</name>
         <load_address>0x17a40</load_address>
         <run_address>0x17a40</run_address>
         <size>0x8</size>
         <input_file_ref idref="fl-5a"/>
      </object_component>
      <object_component id="oc-89c">
         <name>.tramp.uxQueueSpacesAvailable.1</name>
         <load_address>0x17a48</load_address>
         <run_address>0x17a48</run_address>
         <size>0x8</size>
         <input_file_ref idref="fl-5a"/>
      </object_component>
      <object_component id="oc-89d">
         <name>.tramp.vQueueDelete.1</name>
         <load_address>0x17a50</load_address>
         <run_address>0x17a50</run_address>
         <size>0x8</size>
         <input_file_ref idref="fl-5a"/>
      </object_component>
      <object_component id="oc-89e">
         <name>.tramp.xQueueGenericCreate.1</name>
         <load_address>0x17a58</load_address>
         <run_address>0x17a58</run_address>
         <size>0x8</size>
         <input_file_ref idref="fl-5a"/>
      </object_component>
      <object_component id="oc-89f">
         <name>.tramp.xQueueGenericReset.1</name>
         <load_address>0x17a60</load_address>
         <run_address>0x17a60</run_address>
         <size>0x8</size>
         <input_file_ref idref="fl-5a"/>
      </object_component>
      <object_component id="oc-8a0">
         <name>.tramp.xEventGroupCreate.1</name>
         <load_address>0x17a68</load_address>
         <run_address>0x17a68</run_address>
         <size>0x8</size>
         <input_file_ref idref="fl-54"/>
      </object_component>
      <object_component id="oc-8a1">
         <name>.tramp.xEventGroupWaitBits.1</name>
         <load_address>0x17a70</load_address>
         <run_address>0x17a70</run_address>
         <size>0x8</size>
         <input_file_ref idref="fl-54"/>
      </object_component>
      <object_component id="oc-8a2">
         <name>.tramp.xEventGroupClearBits.1</name>
         <load_address>0x17a78</load_address>
         <run_address>0x17a78</run_address>
         <size>0x8</size>
         <input_file_ref idref="fl-54"/>
      </object_component>
      <object_component id="oc-8a3">
         <name>.tramp.xEventGroupSetBits.1</name>
         <load_address>0x17a80</load_address>
         <run_address>0x17a80</run_address>
         <size>0x8</size>
         <input_file_ref idref="fl-54"/>
      </object_component>
      <object_component id="oc-8a4">
         <name>.tramp.xEventGroupSync.1</name>
         <load_address>0x17a88</load_address>
         <run_address>0x17a88</run_address>
         <size>0x8</size>
         <input_file_ref idref="fl-54"/>
      </object_component>
      <object_component id="oc-8a5">
         <name>.tramp.vEventGroupDelete.1</name>
         <load_address>0x17a90</load_address>
         <run_address>0x17a90</run_address>
         <size>0x8</size>
         <input_file_ref idref="fl-54"/>
      </object_component>
      <object_component id="oc-8c4">
         <name>.tramp.prvCheckTasksWaitingTermination.1</name>
         <load_address>0x17a98</load_address>
         <run_address>0x17a98</run_address>
         <size>0x8</size>
         <input_file_ref idref="fl-5b"/>
      </object_component>
      <object_component id="oc-8c5">
         <name>.tramp.prvGetExpectedIdleTime.1</name>
         <load_address>0x17aa0</load_address>
         <run_address>0x17aa0</run_address>
         <size>0x8</size>
         <input_file_ref idref="fl-5b"/>
      </object_component>
      <object_component id="oc-8c9">
         <name>.tramp.vTaskStartScheduler.1</name>
         <load_address>0x17aa8</load_address>
         <run_address>0x17aa8</run_address>
         <size>0x8</size>
         <input_file_ref idref="fl-5b"/>
      </object_component>
      <object_component id="oc-570">
         <name>.const:aulCrc32Table$1</name>
         <load_address>0x20cb8</load_address>
         <run_address>0x20cb8</run_address>
         <size>0x2000</size>
         <input_file_ref idref="fl-25"/>
      </object_component>
      <object_component id="oc-21">
         <name>.const:s_vim_init</name>
         <load_address>0x22cb8</load_address>
         <run_address>0x22cb8</run_address>
         <size>0x200</size>
         <input_file_ref idref="fl-4f"/>
      </object_component>
      <object_component id="oc-5ab">
         <name>.const:.string:_ctypes_</name>
         <load_address>0x22eb8</load_address>
         <run_address>0x22eb8</run_address>
         <size>0x101</size>
         <input_file_ref idref="fl-131"/>
      </object_component>
      <object_component id="oc-13f">
         <name>.const:gaRedVolConf</name>
         <load_address>0x22fc0</load_address>
         <run_address>0x22fc0</run_address>
         <size>0x50</size>
         <input_file_ref idref="fl-3"/>
      </object_component>
      <object_component id="oc-35e">
         <name>.const:$P$T0$2</name>
         <load_address>0x23010</load_address>
         <run_address>0x23010</run_address>
         <size>0x30</size>
         <input_file_ref idref="fl-6"/>
      </object_component>
      <object_component id="oc-361">
         <name>.const:$P$T1$3</name>
[...]
         <object_component_ref idref="oc-139"/>
      </symbol>
      <symbol id="sm-144a">
         <name>xTaskResumeAll</name>
         <value>0x243dc</value>
         <object_component_ref idref="oc-139"/>
      </symbol>
      <symbol id="sm-144b">
         <name>xTaskGetHandle</name>
         <value>0x247b0</value>
         <object_component_ref idref="oc-139"/>
      </symbol>
      <symbol id="sm-144c">
         <name>xTaskGetTickCount</name>
         <value>0x2458c</value>
         <object_component_ref idref="oc-139"/>
      </symbol>
      <symbol id="sm-144d">
         <name>vTaskDelete</name>
         <value>0x237bc</value>
         <object_component_ref idref="oc-139"/>
      </symbol>
      <symbol id="sm-144e">
         <name>pxCurrentTCB</name>
         <value>0x2ad70</value>
         <object_component_ref idref="oc-155"/>
      </symbol>
      <symbol id="sm-144f">
         <name>vTaskNotifyGiveFromISR</name>
         <value>0x25bf4</value>
         <object_component_ref idref="oc-139"/>
      </symbol>
      <symbol id="sm-1450">
         <name>eTaskGetState</name>
         <value>0x23b14</value>
         <object_component_ref idref="oc-139"/>
      </symbol>
      <symbol id="sm-1451">
         <name>vTaskSuspend</name>
         <value>0x23e9c</value>
         <object_component_ref idref="oc-139"/>
      </symbol>
      <symbol id="sm-1452">
         <name>xTaskGetIdleTaskHandle</name>
         <value>0x248b8</value>
         <object_component_ref idref="oc-139"/>
      </symbol>
      <symbol id="sm-1453">
         <name>xTaskGetTickCountFromISR</name>
         <value>0x245a8</value>
         <object_component_ref idref="oc-139"/>
      </symbol>
      <symbol id="sm-1454">
         <name>vTaskResume</name>
         <value>0x240a4</value>
         <object_component_ref idref="oc-139"/>
      </symbol>
      <symbol id="sm-1455">
         <name>vTaskSetTimeOutState</name>
         <value>0x25014</value>
         <object_component_ref idref="oc-139"/>
      </symbol>
      <symbol id="sm-1456">
         <name>xTaskIncrementTick</name>
         <value>0x24a4c</value>
         <object_component_ref idref="oc-139"/>
      </symbol>
      <symbol id="sm-1457">
         <name>vTaskSwitchContext</name>
         <value>0x24c74</value>
         <object_component_ref idref="oc-139"/>
      </symbol>
      <symbol id="sm-1458">
         <name>uxTaskResetEventItemValue</name>
         <value>0x255f4</value>
         <object_component_ref idref="oc-139"/>
      </symbol>
      <symbol id="sm-1459">
         <name>xTaskGetSchedulerState</name>
         <value>0x255a4</value>
         <object_component_ref idref="oc-139"/>
      </symbol>
      <symbol id="sm-145a">
         <name>xTaskResumeFromISR</name>
         <value>0x24188</value>
         <object_component_ref idref="oc-139"/>
      </symbol>
      <symbol id="sm-145b">
         <name>xTaskGetCurrentTaskHandle</name>
         <value>0x25588</value>
         <object_component_ref idref="oc-139"/>
      </symbol>
      <symbol id="sm-145c">
         <name>vTaskPlaceOnUnorderedEventList</name>
         <value>0x24d98</value>
         <object_component_ref idref="oc-139"/>
      </symbol>
      <symbol id="sm-145d">
         <name>xTaskRemoveFromEventList</name>
         <value>0x24e1c</value>
         <object_component_ref idref="oc-139"/>
      </symbol>
      <symbol id="sm-145e">
         <name>eTaskConfirmSleepModeStatus</name>
         <value>0x2519c</value>
         <object_component_ref idref="oc-139"/>
      </symbol>
      <symbol id="sm-14cd">
         <name>printf</name>
         <value>0x16910</value>
         <object_component_ref idref="oc-278"/>
      </symbol>
      <symbol id="sm-14f3">
         <name>fprintf</name>
         <value>0x16874</value>
         <object_component_ref idref="oc-272"/>
      </symbol>
      <symbol id="sm-1641">
         <name>__TI_printfi</name>
         <value>0xa3e8</value>
         <object_component_ref idref="oc-39b"/>
      </symbol>
      <symbol id="sm-1662">
         <name>__TI_doflush</name>
         <value>0x16ec4</value>
         <object_component_ref idref="oc-615"/>
      </symbol>
      <symbol id="sm-1663">
         <name>fflush</name>
         <value>0x165dc</value>
         <object_component_ref idref="oc-63d"/>
      </symbol>
      <symbol id="sm-1684">
         <name>putc</name>
         <value>0x15cdc</value>
         <object_component_ref idref="oc-52e"/>
      </symbol>
      <symbol id="sm-1685">
         <name>fputc</name>
         <value>0x15cdc</value>
         <object_component_ref idref="oc-52e"/>
      </symbol>
      <symbol id="sm-1686">
         <name>putchar</name>
         <value>0x17914</value>
         <object_component_ref idref="oc-562"/>
      </symbol>
      <symbol id="sm-16a2">
         <name>fputs</name>
         <value>0x14b34</value>
         <object_component_ref idref="oc-527"/>
      </symbol>
      <symbol id="sm-16ba">
         <name>__TI_wrt_ok</name>
         <value>0x167d4</value>
         <object_component_ref idref="oc-609"/>
      </symbol>
      <symbol id="sm-16d4">
         <name>setvbuf</name>
         <value>0x15588</value>
         <object_component_ref idref="oc-694"/>
      </symbol>
      <symbol id="sm-16dd">
         <name>__aeabi_llsl</name>
         <value>0x17800</value>
         <object_component_ref idref="oc-56a"/>
      </symbol>
      <symbol id="sm-16e6">
         <name>__aeabi_llsr</name>
         <value>0x17824</value>
         <object_component_ref idref="oc-32c"/>
      </symbol>
      <symbol id="sm-16ff">
         <name>memcpy</name>
         <value>0x14e58</value>
         <object_component_ref idref="oc-44"/>
      </symbol>
      <symbol id="sm-1700">
         <name>__aeabi_memcpy</name>
         <value>0x14e58</value>
         <object_component_ref idref="oc-44"/>
      </symbol>
      <symbol id="sm-1701">
         <name>__aeabi_memcpy8</name>
         <value>0x14e58</value>
         <object_component_ref idref="oc-44"/>
      </symbol>
      <symbol id="sm-1702">
         <name>__aeabi_memcpy4</name>
         <value>0x14e58</value>
         <object_component_ref idref="oc-44"/>
      </symbol>
      <symbol id="sm-170e">
         <name>__aeabi_idivmod</name>
         <value>0x17508</value>
         <object_component_ref idref="oc-660"/>
      </symbol>
      <symbol id="sm-170f">
         <name>__aeabi_idiv</name>
         <value>0x17508</value>
         <object_component_ref idref="oc-660"/>
      </symbol>
      <symbol id="sm-171b">
         <name>__aeabi_uidivmod</name>
         <value>0x1755c</value>
         <object_component_ref idref="oc-327"/>
      </symbol>
      <symbol id="sm-171c">
         <name>__aeabi_uidiv</name>
         <value>0x1755c</value>
         <object_component_ref idref="oc-327"/>
      </symbol>
      <symbol id="sm-172b">
         <name>__aeabi_memset</name>
         <value>0x16484</value>
         <object_component_ref idref="oc-cc"/>
      </symbol>
      <symbol id="sm-172c">
         <name>memset</name>
         <value>0x16490</value>
         <object_component_ref idref="oc-cc"/>
      </symbol>
      <symbol id="sm-172d">
         <name>__aeabi_memset8</name>
         <value>0x16484</value>
         <object_component_ref idref="oc-cc"/>
      </symbol>
      <symbol id="sm-172e">
         <name>__aeabi_memset4</name>
         <value>0x16484</value>
         <object_component_ref idref="oc-cc"/>
      </symbol>
      <symbol id="sm-172f">
         <name>__aeabi_memclr8</name>
         <value>0x16480</value>
         <object_component_ref idref="oc-cc"/>
      </symbol>
      <symbol id="sm-1730">
         <name>__aeabi_memclr4</name>
         <value>0x16480</value>
         <object_component_ref idref="oc-cc"/>
      </symbol>
      <symbol id="sm-1731">
         <name>__aeabi_memclr</name>
         <value>0x16480</value>
         <object_component_ref idref="oc-cc"/>
      </symbol>
      <symbol id="sm-174e">
         <name>__aeabi_uldivmod</name>
         <value>0x13d70</value>
         <object_component_ref idref="oc-5b0"/>
      </symbol>
      <symbol id="sm-1776">
         <name>__TI_auto_init_nobinit_nopinit</name>
         <value>0x1728c</value>
         <object_component_ref idref="oc-f7"/>
      </symbol>
      <symbol id="sm-1789">
         <name>__TI_zero_init</name>
         <value>0x178ec</value>
         <object_component_ref idref="oc-56"/>
      </symbol>
      <symbol id="sm-17a0">
         <name>__TI_decompress_none</name>
         <value>0x178d8</value>
         <object_component_ref idref="oc-9"/>
      </symbol>
      <symbol id="sm-17c3">
         <name>__TI_decompress_lzss</name>
         <value>0x16c94</value>
         <object_component_ref idref="oc-3"/>
      </symbol>
      <symbol id="sm-17e9">
         <name>C$$EXIT</name>
         <value>0x17920</value>
         <object_component_ref idref="oc-149"/>
      </symbol>
      <symbol id="sm-17ea">
         <name>abort</name>
         <value>0x17920</value>
         <object_component_ref idref="oc-149"/>
      </symbol>
      <symbol id="sm-17eb">
         <name>__TI_dtors_ptr</name>
         <value>0x23270</value>
         <object_component_ref idref="oc-2d6"/>
      </symbol>
      <symbol id="sm-17ec">
         <name>__TI_cleanup_ptr</name>
         <value>0x2326c</value>
         <object_component_ref idref="oc-2d6"/>
      </symbol>
      <symbol id="sm-17ed">
         <name>__TI_enable_exit_profile_output</name>
         <value>0x23274</value>
         <object_component_ref idref="oc-2d6"/>
      </symbol>
      <symbol id="sm-17ee">
         <name>exit</name>
         <value>0x1704c</value>
         <object_component_ref idref="oc-14f"/>
      </symbol>
      <symbol id="sm-1803">
         <name>_nop</name>
         <value>0x1792c</value>
         <object_component_ref idref="oc-41c"/>
      </symbol>
      <symbol id="sm-1804">
         <name>_lock</name>
         <value>0x23284</value>
         <object_component_ref idref="oc-2d9"/>
      </symbol>
      <symbol id="sm-1805">
         <name>_unlock</name>
         <value>0x23288</value>
         <object_component_ref idref="oc-2d9"/>
      </symbol>
      <symbol id="sm-1814">
         <name>_abort_msg</name>
         <value>0x177dc</value>
         <object_component_ref idref="oc-581"/>
      </symbol>
      <symbol id="sm-1827">
         <name>atoi</name>
         <value>0x16f48</value>
         <object_component_ref idref="oc-4e5"/>
      </symbol>
      <symbol id="sm-1832">
         <name>_ctypes_</name>
         <value>0x22eb8</value>
         <object_component_ref idref="oc-5ab"/>
      </symbol>
      <symbol id="sm-1847">
         <name>__TI_tmpnams</name>
         <value>0x20ba8</value>
      </symbol>
      <symbol id="sm-1848">
         <name>__aeabi_stdout</name>
         <value>0x23264</value>
         <object_component_ref idref="oc-6a9"/>
      </symbol>
      <symbol id="sm-1849">
         <name>__aeabi_stderr</name>
         <value>0x23268</value>
         <object_component_ref idref="oc-6a9"/>
      </symbol>
      <symbol id="sm-184a">
         <name>__aeabi_stdin</name>
         <value>0x23260</value>
         <object_component_ref idref="oc-6a9"/>
      </symbol>
      <symbol id="sm-184b">
         <name>_ftable</name>
         <value>0x23080</value>
         <object_component_ref idref="oc-284"/>
      </symbol>
      <symbol id="sm-184c">
         <name>__TI_ft_end</name>
         <value>0x2325c</value>
         <object_component_ref idref="oc-6a9"/>
      </symbol>
      <symbol id="sm-185a">
         <name>ltoa</name>
         <value>0x16fcc</value>
         <object_component_ref idref="oc-5b6"/>
      </symbol>
      <symbol id="sm-1869">
         <name>memccpy</name>
         <value>0x17734</value>
         <object_component_ref idref="oc-509"/>
      </symbol>
      <symbol id="sm-1878">
         <name>memchr</name>
         <value>0x17760</value>
         <object_component_ref idref="oc-60f"/>
      </symbol>
      <symbol id="sm-18f6">
         <name>_sys_memory</name>
         <value>0x2a4a0</value>
         <object_component_ref idref="oc-36"/>
      </symbol>
      <symbol id="sm-18f7">
         <name>free</name>
         <value>0x14fd8</value>
         <object_component_ref idref="oc-6cc"/>
      </symbol>
      <symbol id="sm-18f8">
         <name>memalign</name>
         <value>0x14cd8</value>
         <object_component_ref idref="oc-712"/>
      </symbol>
      <symbol id="sm-18f9">
         <name>malloc</name>
         <value>0x17908</value>
         <object_component_ref idref="oc-6d2"/>
      </symbol>
      <symbol id="sm-18fa">
         <name>aligned_alloc</name>
         <value>0x14cd8</value>
         <object_component_ref idref="oc-712"/>
      </symbol>
      <symbol id="sm-1909">
         <name>strchr</name>
         <value>0x1778c</value>
         <object_component_ref idref="oc-5e3"/>
      </symbol>
      <symbol id="sm-1917">
         <name>strcmp</name>
         <value>0x177b4</value>
         <object_component_ref idref="oc-7d3"/>
      </symbol>
      <symbol id="sm-1925">
         <name>strcpy</name>
         <value>0x178c0</value>
         <object_component_ref idref="oc-787"/>
      </symbol>
      <symbol id="sm-1933">
         <name>strlen</name>
         <value>0x1786c</value>
         <object_component_ref idref="oc-2a9"/>
      </symbol>
      <symbol id="sm-194f">
         <name>write</name>
         <value>0x17680</value>
         <object_component_ref idref="oc-61b"/>
      </symbol>
      <symbol id="sm-1960">
         <name>_stream</name>
         <value>0x231e8</value>
         <object_component_ref idref="oc-6a0"/>
      </symbol>
      <symbol id="sm-1961">
         <name>_device</name>
         <value>0x23170</value>
         <object_component_ref idref="oc-6eb"/>
      </symbol>
      <symbol id="sm-1978">
         <name>__aeabi_errno_addr</name>
         <value>0x178fc</value>
         <object_component_ref idref="oc-515"/>
      </symbol>
      <symbol id="sm-1979">
         <name>errno</name>
         <value>0x232a0</value>
         <object_component_ref idref="oc-5f3"/>
      </symbol>
      <symbol id="sm-1991">
         <name>wcslen</name>
         <value>0x17848</value>
         <object_component_ref idref="oc-50f"/>
      </symbol>
      <symbol id="sm-19ae">
         <name>frexpl</name>
         <value>0x16d24</value>
         <object_component_ref idref="oc-5d7"/>
      </symbol>
      <symbol id="sm-19af">
         <name>frexp</name>
         <value>0x16d24</value>
         <object_component_ref idref="oc-5d7"/>
      </symbol>
      <symbol id="sm-19c9">
         <name>scalbn</name>
         <value>0x15aa4</value>
         <object_component_ref idref="oc-5dd"/>
      </symbol>
      <symbol id="sm-19ca">
         <name>scalbnl</name>
         <value>0x15aa4</value>
         <object_component_ref idref="oc-5dd"/>
      </symbol>
      <symbol id="sm-19cb">
         <name>ldexpl</name>
         <value>0x15aa4</value>
         <object_component_ref idref="oc-5dd"/>
      </symbol>
      <symbol id="sm-19cc">
         <name>ldexp</name>
         <value>0x15aa4</value>
         <object_component_ref idref="oc-5dd"/>
      </symbol>
      <symbol id="sm-19db">
         <name>__TI_cleanup</name>
         <value>0x173b8</value>
         <object_component_ref idref="oc-6d8"/>
      </symbol>
      <symbol id="sm-19ed">
         <name>fseek</name>
         <value>0x16688</value>
         <object_component_ref idref="oc-68e"/>
      </symbol>
      <symbol id="sm-19f7">
         <name>__aeabi_idiv0</name>
         <value>0x17944</value>
         <object_component_ref idref="oc-49d"/>
      </symbol>
      <symbol id="sm-19f8">
         <name>__aeabi_ldiv0</name>
         <value>0x17944</value>
         <object_component_ref idref="oc-49d"/>
      </symbol>
      <symbol id="sm-1a09">
         <name>HOSTclose</name>
         <value>0x170c8</value>
         <object_component_ref idref="oc-728"/>
      </symbol>
      <symbol id="sm-1a1a">
         <name>HOSTlseek</name>
         <value>0x16530</value>
         <object_component_ref idref="oc-73a"/>
      </symbol>
      <symbol id="sm-1a2c">
         <name>parmbuf</name>
         <value>0x20ca0</value>
      </symbol>
      <symbol id="sm-1a2d">
         <name>HOSTopen</name>
         <value>0x169ac</value>
         <object_component_ref idref="oc-722"/>
      </symbol>
      <symbol id="sm-1a3e">
         <name>HOSTread</name>
         <value>0x16b74</value>
         <object_component_ref idref="oc-72e"/>
      </symbol>
      <symbol id="sm-1a4f">
         <name>HOSTrename</name>
         <value>0x16730</value>
         <object_component_ref idref="oc-746"/>
      </symbol>
      <symbol id="sm-1a60">
         <name>HOSTunlink</name>
         <value>0x171b0</value>
         <object_component_ref idref="oc-740"/>
      </symbol>
      <symbol id="sm-1a71">
         <name>HOSTwrite</name>
         <value>0x16c04</value>
         <object_component_ref idref="oc-734"/>
      </symbol>
      <symbol id="sm-1a94">
         <name>__TI_readmsg</name>
         <value>0x1740c</value>
         <object_component_ref idref="oc-773"/>
      </symbol>
      <symbol id="sm-1a95">
         <name>C$$IO$$</name>
         <value>0x174a8</value>
         <object_component_ref idref="oc-76d"/>
      </symbol>
      <symbol id="sm-1a96">
         <name>__CIOBUF_</name>
         <value>0x207e0</value>
         <object_component_ref idref="oc-79e"/>
      </symbol>
      <symbol id="sm-1a97">
         <name>__TI_writemsg</name>
         <value>0x17460</value>
         <object_component_ref idref="oc-76d"/>
      </symbol>
      <symbol id="sm-1aa8">
         <name>lseek</name>
         <value>0x1763c</value>
         <object_component_ref idref="oc-6c4"/>
      </symbol>
      <symbol id="sm-1ab2">
         <name>copysign</name>
         <value>0x1788c</value>
         <object_component_ref idref="oc-672"/>
      </symbol>
      <symbol id="sm-1ab3">
         <name>copysignl</name>
         <value>0x1788c</value>
         <object_component_ref idref="oc-672"/>
      </symbol>
      <symbol id="sm-1ac8">
         <name>__TI_closefile</name>
         <value>0x1625c</value>
         <object_component_ref idref="oc-719"/>
      </symbol>
      <symbol id="sm-1aea">
         <name>finddevice</name>
         <value>0x174b4</value>
         <object_component_ref idref="oc-7bc"/>
      </symbol>
      <symbol id="sm-1aeb">
         <name>getdevice</name>
         <value>0x17220</value>
         <object_component_ref idref="oc-794"/>
      </symbol>
      <symbol id="sm-1afa">
         <name>strncpy</name>
         <value>0x175ac</value>
         <object_component_ref idref="oc-7b6"/>
      </symbol>
      <symbol id="sm-1b0f">
         <name>close</name>
         <value>0x16adc</value>
         <object_component_ref idref="oc-75e"/>
      </symbol>
      <symbol id="sm-1b1f">
         <name>unlink</name>
         <value>0x175f4</value>
         <object_component_ref idref="oc-764"/>
      </symbol>
      <symbol id="sm-1b20">
         <name>__TI_static_base__</name>
         <value>0x2adc8</value>
      </symbol>
      <symbol id="sm-1b26">
         <name>MPU_xQueueCreateMutex</name>
         <value>0x0</value>
      </symbol>
      <symbol id="sm-1b27">
         <name>SHT$$INIT_ARRAY$$Base</name>
         <value>0x0</value>
      </symbol>
      <symbol id="sm-1b28">
         <name>SHT$$INIT_ARRAY$$Limit</name>
         <value>0x0</value>
      </symbol>
      <symbol id="sm-1b29">
         <name>spiInit</name>
         <value>0x0</value>
      </symbol>
      <symbol id="sm-1b2a">
         <name>_system_post_cinit</name>
         <value>0x0</value>
      </symbol>
      <symbol id="sm-1b2b">
         <name>remove</name>
         <value>0x175f4</value>
      </symbol>
   </symbol_table>
   <title>Link errors: red sections failed placement</title>
</link_info>
