******************************************************************************
                  TI ARM Linker PC v18.12.2                    
******************************************************************************
>> Linked Sun Oct 27 21:17:43 2019

OUTPUT FILE NAME:   <DCAN_TX.out>
ENTRY POINT SYMBOL: "_c_int00"  address: 0000e844


MEMORY CONFIGURATION

         name            origin    length      used     unused   attr    fill
----------------------  --------  ---------  --------  --------  ----  --------
  VECTORS               00000000   00000020  00000020  00000000     X
  KERNEL                00000020   00008000  00003854  000047ac  R  X
  FLASH0                00008020   00137fe0  00007a90  00130550  R  X
  STACKS                08000000   00000800  00000000  00000800  RW  
  KRAM                  08000800   00000800  00000104  000006fc  RW  
  RAM                   08001000   0002f000  0000202c  0002cfd4  RW  


SEGMENT ALLOCATION MAP

run origin  load origin   length   init length attrs members
----------  ----------- ---------- ----------- ----- -------
00000000    00000000    00003878   00003878    r-x
  00000000    00000000    00000020   00000020    r-x .intvecs
  00000020    00000020    000037ec   000037ec    r-x .kernelTEXT
  00003810    00003810    00000068   00000068    r-- .cinit
00008020    00008020    00007a90   00007a90    r-x
  00008020    00008020    00007870   00007870    r-x .text
  0000f890    0000f890    00000220   00000220    r-- .const
08000800    08000800    00000104   00000000    rw-
  08000800    08000800    00000104   00000000    rw- .kernelBSS
08001000    08001000    0000202c   00000000    rw-
  08001000    08001000    00002000   00000000    rw- .kernelHEAP
  08003000    08003000    00000024   00000000    rw- .data
  08003024    08003024    00000008   00000000    rw- .bss


SECTION ALLOCATION MAP

 output                                  attributes/
section   page    origin      length       input sections
--------  ----  ----------  ----------   ----------------
.intvecs   0    00000000    00000020     
                  00000000    00000020     sys_intvecs.obj (.intvecs)

.kernelTEXT 
*          0    00000020    000037ec     
                  00000020    00002bdc     os_tasks.obj (.kernelTEXT)
                  00002bfc    000004b0     os_portasm.obj (.kernelTEXT)
                  000030ac    000003e0     os_port.obj (.kernelTEXT)
                  0000348c    00000380     os_heap.obj (.kernelTEXT)

.cinit     0    00003810    00000068     
                  00003810    00000019     (.cinit..data.load) [load image, compression = lzss]
                  00003829    00000003     --HOLE-- [fill = 0]
                  0000382c    0000000c     (__TI_handler_table)
                  00003838    00000009     (.cinit..kernelBSS.load) [load image, compression = lzss]
                  00003841    00000007     --HOLE-- [fill = 0]
                  00003848    00000008     (.cinit..bss.load) [load image, compression = zero_init]
                  00003850    00000008     (.cinit..kernelHEAP.load) [load image, compression = zero_init]
                  00003858    00000020     (__TI_cinit_table)

.text      0    00008020    00007870     
                  00008020    00002cdc     sys_selftest.obj (.text)
                  0000acfc    00000b64     system.obj (.text)
                  0000b860    00000aa8     can.obj (.text)
                  0000c308    00000a58     sys_vim.obj (.text)
                  0000cd60    000008ac     pinmux.obj (.text)
                  0000d60c    00000664     errata_SSWF021_45.obj (.text)
                  0000dc70    000005bc     esm.obj (.text)
                  0000e22c    0000034c     sys_core.obj (.text)
                  0000e578    000002cc     sys_vim.obj (.text:retain)
                  0000e844    00000290     sys_startup.obj (.text:retain)
                  0000ead4    00000278     os_heap.obj (.text)
                  0000ed4c    00000238     os_list.obj (.text)
                  0000ef84    000001b4     os_port.obj (.text)
                  0000f138    00000164     os_tasks.obj (.text)
                  0000f29c    00000114     esm.obj (.text:retain)
                  0000f3b0    000000e8     dabort.obj (.text)
                  0000f498    000000e0     sys_pmu.obj (.text)
                  0000f578    000000a8     notification.obj (.text)
                  0000f620    0000009c     rtsv7R4_T_be_v3D16_eabi.lib : memcpy_t2.asm.obj (.text)
                  0000f6bc    0000007a                                 : memset_t2.asm.obj (.text)
                  0000f736    0000006c                                 : copy_decompress_lzss.c.obj (.text:decompress:lzss:__TI_decompress_lzss)
                  0000f7a2    00000002     --HOLE-- [fill = 0]
                  0000f7a4    0000006c     sys_main.obj (.text)
                  0000f810    00000044     rtsv7R4_T_be_v3D16_eabi.lib : autoinit.c.obj (.text:__TI_auto_init_nobinit_nopinit:__TI_auto_init_nobinit_nopinit)
                  0000f854    00000016                                 : strlen.c.obj (.text:strlen)
                  0000f86a    0000000e                                 : copy_decompress_none.c.obj (.text:decompress:none:__TI_decompress_none)
                  0000f878    0000000c                                 : copy_zero_init.c.obj (.text:decompress:ZI:__TI_zero_init)
                  0000f884    00000004                                 : exit.c.obj (.text:abort:abort)
                  0000f888    00000004     sys_phantom.obj (.text:retain)
                  0000f88c    00000004     sys_startup.obj (.text)

.const     0    0000f890    00000220     
                  0000f890    00000200     sys_vim.obj (.const:s_vim_init)
                  0000fa90    00000020     can.obj (.const:s_canByteOrder)

.kernelBSS 
*          0    08000800    00000104     UNINITIALIZED
                  08000800    000000d0     os_tasks.obj (.kernelBSS:uninit)
                  080008d0    00000034     os_tasks.obj (.kernelBSS:init)

.kernelHEAP 
*          0    08001000    00002000     UNINITIALIZED
                  08001000    00002000     os_heap.obj (.kernelHEAP)

.data      0    08003000    00000024     UNINITIALIZED
                  08003000    00000010     os_heap.obj (.data)
                  08003010    0000000b     sys_main.obj (.data:tx_data)
                  0800301b    00000001     --HOLE--
                  0800301c    00000008     os_port.obj (.data)

.bss       0    08003024    00000008     UNINITIALIZED
                  08003024    00000008     os_heap.obj (.bss:xStart)

MODULE SUMMARY

       Module                       code    ro data   rw data
       ------                       ----    -------   -------
    .\source\
       os_tasks.obj                 11584   0         260    
       sys_selftest.obj             11484   0         0      
       os_heap.obj                  1528    0         8216   
       sys_vim.obj                  3364    512       0      
       system.obj                   2916    0         0      
       can.obj                      2728    32        0      
       pinmux.obj                   2220    0         0      
       esm.obj                      1744    0         0      
       errata_SSWF021_45.obj        1636    0         0      
       os_port.obj                  1428    0         8      
       os_portasm.obj               1200    0         0      
       sys_core.obj                 844     0         0      
       sys_startup.obj              660     0         0      
       os_list.obj                  568     0         0      
       dabort.obj                   232     0         0      
       sys_pmu.obj                  224     0         0      
       notification.obj             168     0         0      
       sys_main.obj                 108     0         11     
       sys_intvecs.obj              32      0         0      
       sys_phantom.obj              4       0         0      
    +--+----------------------------+-------+---------+---------+
       Total:                       44672   544       8495   
                                                             
    C:/ti/ccs910/ccs/tools/compiler/ti-cgt-arm_18.12.2.LTS/lib/rtsv7R4_T_be_v3D16_eabi.lib
       memcpy_t2.asm.obj            156     0         0      
       memset_t2.asm.obj            122     0         0      
       copy_decompress_lzss.c.obj   108     0         0      
       autoinit.c.obj               68      0         0      
       strlen.c.obj                 22      0         0      
       copy_decompress_none.c.obj   14      0         0      
       copy_zero_init.c.obj         12      0         0      
       exit.c.obj                   4       0         0      
    +--+----------------------------+-------+---------+---------+
       Total:                       506     0         0      
                                                             
       Linker Generated:            0       94        0      
    +--+----------------------------+-------+---------+---------+
       Grand Total:                 45178   638       8495   


LINKER GENERATED COPY TABLES

__TI_cinit_table @ 00003858 records: 4, size/record: 8, table size: 32
	.data: load addr=00003810, load size=00000019 bytes, run addr=08003000, run size=00000024 bytes, compression=lzss
	.kernelBSS: load addr=00003838, load size=00000009 bytes, run addr=08000800, run size=00000104 bytes, compression=lzss
	.bss: load addr=00003848, load size=00000008 bytes, run addr=08003024, run size=00000008 bytes, compression=zero_init
	.kernelHEAP: load addr=00003850, load size=00000008 bytes, run addr=08001000, run size=00002000 bytes, compression=zero_init


LINKER GENERATED HANDLER TABLE

__TI_handler_table @ 0000382c records: 3, size/record: 4, table size: 12
	index: 0, handler: __TI_decompress_lzss
	index: 1, handler: __TI_decompress_none
	index: 2, handler: __TI_zero_init


GLOBAL SYMBOLS: SORTED ALPHABETICALLY BY Name 

address   name                                
-------   ----                                
0000f885  C$$EXIT                             
UNDEFED   SHT$$INIT_ARRAY$$Base               
UNDEFED   SHT$$INIT_ARRAY$$Limit              
00003858  __TI_CINIT_Base                     
00003878  __TI_CINIT_Limit                    
0000382c  __TI_Handler_Table_Base             
00003838  __TI_Handler_Table_Limit            
0000e570  __TI_PINIT_Base                     
0000e574  __TI_PINIT_Limit                    
0000f811  __TI_auto_init_nobinit_nopinit      
0000f737  __TI_decompress_lzss                
0000f86b  __TI_decompress_none                
ffffffff  __TI_pprof_out_hndl                 
ffffffff  __TI_prof_data_size                 
ffffffff  __TI_prof_data_start                
00000000  __TI_static_base__                  
0000f879  __TI_zero_init                      
0000f6bd  __aeabi_memclr                      
0000f6bd  __aeabi_memclr4                     
0000f6bd  __aeabi_memclr8                     
0000f621  __aeabi_memcpy                      
0000f621  __aeabi_memcpy4                     
0000f621  __aeabi_memcpy8                     
0000f6bf  __aeabi_memset                      
0000f6bf  __aeabi_memset4                     
0000f6bf  __aeabi_memset8                     
ffffffff  __binit__                           
ffffffff  __c_args__                          
0000e844  _c_int00                            
0000e488  _coreClearAuxiliaryDataFault_       
0000e49c  _coreClearAuxiliaryInstructionFault_
0000e460  _coreClearDataFaultAddress_         
0000e438  _coreClearDataFault_                
0000e474  _coreClearInstructionFaultAddress_  
0000e44c  _coreClearInstructionFault_         
0000e3cc  _coreDisableEventBusExport_         
0000e410  _coreDisableFlashEcc_               
0000e3ec  _coreDisableRamEcc_                 
0000e3bc  _coreEnableEventBusExport_          
0000e3fc  _coreEnableFlashEcc_                
0000e420  _coreEnableIrqVicOffset_            
0000e3dc  _coreEnableRamEcc_                  
0000e3a4  _coreEnableVfp_                     
0000e480  _coreGetAuxiliaryDataFault_         
0000e494  _coreGetAuxiliaryInstructionFault_  
0000e458  _coreGetDataFaultAddress_           
0000e430  _coreGetDataFault_                  
0000e46c  _coreGetInstructionFaultAddress_    
0000e444  _coreGetInstructionFault_           
0000e22c  _coreInitRegisters_                 
0000e338  _coreInitStackPointer_              
0000f3b0  _dabort                             
0000e4b0  _disable_FIQ_interrupt_             
0000e4b8  _disable_IRQ_interrupt_             
0000e4a8  _disable_interrupt_                 
0000e4c0  _enable_interrupt_                  
0000e550  _errata_CORTEXR4_57_                
0000e560  _errata_CORTEXR4_66_                
0000d60c  _errata_SSWF021_45_both_plls        
0000d800  _errata_SSWF021_45_pll1             
0000d978  _errata_SSWF021_45_pll2             
0000e4c8  _esmCcmErrorsClear_                 
0000e384  _getCPSRValue_                      
0000e38c  _gotoCPUIdle_                       
0000f4f4  _pmuDisableCountersGlobal_          
0000f4e4  _pmuEnableCountersGlobal_           
0000f550  _pmuGetCycleCount_                  
0000f558  _pmuGetEventCount_                  
0000f564  _pmuGetOverflow_                    
0000f498  _pmuInit_                           
0000f524  _pmuResetCounters_                  
0000f504  _pmuResetCycleCounter_              
0000f514  _pmuResetEventCounters_             
0000f544  _pmuSetCountEvent_                  
0000f534  _pmuStartCounters_                  
0000f53c  _pmuStopCounters_                   
UNDEFED   _system_post_cinit                  
0000f885  abort                               
0000926c  adc1ParityCheck                     
00009358  adc2ParityCheck                     
ffffffff  binit                               
00009410  can1ParityCheck                     
0000c14c  can2GetConfigValue                  
000094e8  can2ParityCheck                     
000095b0  can3ParityCheck                     
0000bfec  canDisableErrorNotification         
0000bfcc  canDisableStatusChangeNotification  
0000c044  canDisableloopback                  
0000bf8c  canEnableErrorNotification          
0000bfac  canEnableStatusChangeNotification   
0000c00c  canEnableloopback                   
0000f7d4  canErrorNotification                
0000bd34  canFillMessageObjectData            
0000ba5c  canGetData                          
0000bf68  canGetErrorLevel                    
0000bbb4  canGetID                            
0000bf44  canGetLastError                     
0000b860  canInit                             
0000c130  canIoRxGetBit                       
0000c074  canIoSetDirection                   
0000c0c4  canIoSetPort                        
0000c114  canIoTxGetBit                       
0000bee8  canIsMessageBoxValid                
0000be8c  canIsRxMessageArrived               
0000be30  canIsTxMessagePending               
0000f7c0  canMessageNotification              
0000bc94  canSendRemoteFrame                  
0000f5e4  canStatusChangeNotification         
0000b960  canTransmit                         
0000bc1c  canUpdateID                         
00008030  ccmSelfCheck                        
0000a6fc  ccmr4GetConfigValue                 
00008938  checkB0RAMECC                       
00008b28  checkB1RAMECC                       
00009c18  checkClockMonitor                   
00008d18  checkFlashECC                       
00009cf4  checkFlashEEPROMECC                 
00009e8c  checkPLL1Slip                       
00009f8c  checkPLL2Slip                       
0000a050  checkRAMAddrParity                  
000099d0  checkRAMECC                         
0000a15c  checkRAMUERRTest                    
000087bc  checkefcSelfTest                    
00008234  cpuSelfTest                         
00008dfc  cpuSelfTestFail                     
0000b784  customTrimLPO                       
00008df4  custom_dabort                       
0000ab58  disableParity                       
0000f60c  dmaGroupANotification               
00008eac  dmaParityCheck                      
00001f18  eTaskConfirmSleepModeStatus         
00000890  eTaskGetState                       
00008660  efcCheck                            
0000a660  efcGetConfigValue                   
00008794  efcSelfTest                         
000086e8  efcStuckZeroTest                    
0000aad0  enableParity                        
0000a76c  errata_PBIST_4                      
0000ddf4  esmActivateNormalOperation          
0000dec8  esmClearStatus                      
0000df08  esmClearStatusBuffer                
0000ddbc  esmDisableError                     
0000de2c  esmDisableInterrupt                 
0000dd94  esmEnableError                      
0000de04  esmEnableInterrupt                  
0000e000  esmEnterSelfTest                    
0000dd78  esmError                            
0000e0d8  esmGetConfigValue                   
0000df44  esmGetStatus                        
0000dfc8  esmGetStatusBuffer                  
0000f7e8  esmGroup1Notification               
0000f7f8  esmGroup2Notification               
0000f29c  esmHighInterrupt                    
0000dc70  esmInit                             
0000e088  esmSelfTestStatus                   
0000df24  esmSetCounterPreloadValue           
0000de54  esmSetInterruptLevel                
0000dde4  esmTriggerErrorPinReset             
0000a2c4  fmcBus1ParityCheck                  
0000885c  fmcBus2Check                        
00008898  fmcECCcheck                         
0000f88c  handlePLLLockFail                   
00008f58  het1ParityCheck                     
000090c0  het2ParityCheck                     
00009004  htu1ParityCheck                     
000091bc  htu2ParityCheck                     
0000f7a4  main                                
0000ae64  mapClocks                           
0000f621  memcpy                              
00008174  memoryInit                          
0000f598  memoryPort0TestFailNotification     
0000f5b4  memoryPort1TestFailNotification     
0000f6c5  memset                              
00009684  mibspi1ParityCheck                  
0000978c  mibspi3ParityCheck                  
000098b0  mibspi5ParityCheck                  
0000cd60  muxInit                             
0000a3ec  pbistFail                           
0000a470  pbistGetConfigValue                 
000085a8  pbistIsTestCompleted                
000085d4  pbistIsTestPassed                   
00008608  pbistPortTestStatus                 
000084ac  pbistRun                            
000082cc  pbistSelfCheck                      
00008578  pbistStop                           
00001354  pcTaskGetName                       
0000ae10  periphInit                          
0000f888  phantomInterrupt                    
0000d1fc  pinmuxGetConfigValue                
00003084  prvMpuDisable                       
0000306c  prvMpuEnable                        
00003054  prvMpuSetRegion                     
0000348c  pvPortMalloc                        
00001ff8  pvTaskGetThreadLocalStoragePointer  
080008d0  pxCurrentTCB                        
000030ac  pxPortInitialiseStack               
00000000  resetEntry                          
00008020  selftestFailNotification            
0000add0  setupFlash                          
0000acfc  setupPLL                            
0000b648  sramGetConfigValue                  
0000a5bc  stcGetConfigValue                   
000081b8  stcSelfCheck                        
00008df8  stcSelfCheckFail                    
0000f855  strlen                              
0000b088  systemGetConfigValue                
0000af8c  systemInit                          
0000b058  systemPowerDown                     
0000b49c  tcmflashGetConfigValue              
0000ad5c  trimLPO                             
08003010  tx_data                             
0800301c  ulCriticalNesting                   
00002f7c  ulPortCountLeadingZeros             
08003020  ulTaskHasFPUContext                 
00002390  ulTaskNotifyTake                    
0000eef8  uxListRemove                        
00001348  uxTaskGetNumberOfTasks              
0000223c  uxTaskGetStackHighWaterMark         
00000994  uxTaskPriorityGet                   
000009d8  uxTaskPriorityGetFromISR            
00002354  uxTaskResetEventItemValue           
0000ed4c  vListInitialise                     
0000eda4  vListInitialiseItem                 
0000ee34  vListInsert                         
0000edc0  vListInsertEnd                      
00003458  vPortEndScheduler                   
000036e4  vPortFree                           
000037f4  vPortInitialiseBlocks               
00002f70  vPortInitialiseFPSCR                
00002e70  vPortPreemptiveTick                 
00002f84  vPortSWI                            
00002c00  vPortStartFirstTask                 
000031c0  vPortStoreTaskMPUSettings           
00002d7c  vPortYeildWithinAPI                 
00002c90  vPortYieldProcessor                 
00002064  vTaskAllocateMPURegions             
0000080c  vTaskDelay                          
000006a0  vTaskDelayUntil                     
00000538  vTaskDelete                         
00001084  vTaskEndScheduler                   
00001f08  vTaskMissedYield                    
00002954  vTaskNotifyGiveFromISR              
00001ad0  vTaskPlaceOnEventList               
00001b14  vTaskPlaceOnUnorderedEventList      
00000a20  vTaskPrioritySet                    
00000e20  vTaskResume                         
00001f94  vTaskSetThreadLocalStoragePointer   
00001d90  vTaskSetTimeOutState                
00000fec  vTaskStartScheduler                 
0000166c  vTaskStepTick                       
00000c18  vTaskSuspend                        
000010a0  vTaskSuspendAll                     
000019f0  vTaskSwitchContext                  
0000c3dc  vimChannelMap                       
0000c648  vimDisableInterrupt                 
0000c480  vimEnableInterrupt                  
0000c6f4  vimGetConfigValue                   
0000c308  vimInit                             
00008e00  vimParityCheck                      
0000e578  vimParityErrorHandler               
000037dc  xPortGetFreeHeapSize                
000037e8  xPortGetMinimumEverFreeHeapSize     
00003434  xPortStartScheduler                 
000016c8  xTaskAbortDelay                     
00001dd0  xTaskCheckForTimeOut                
000000fc  xTaskCreate                         
00000020  xTaskCreateRestricted               
00002580  xTaskGenericNotify                  
00002754  xTaskGenericNotifyFromISR           
0000152c  xTaskGetHandle                      
00001634  xTaskGetIdleTaskHandle              
00002304  xTaskGetSchedulerState              
00001308  xTaskGetTickCount                   
00001324  xTaskGetTickCountFromISR            
000017c8  xTaskIncrementTick                  
0000f220  xTaskNotifyStateClear               
00002468  xTaskNotifyWait                     
00001b98  xTaskRemoveFromEventList            
00001c88  xTaskRemoveFromUnorderedEventList   
00001158  xTaskResumeAll                      
00000f04  xTaskResumeFromISR                  


GLOBAL SYMBOLS: SORTED BY Symbol Address 

address   name                                
-------   ----                                
00000000  __TI_static_base__                  
00000000  resetEntry                          
00000020  xTaskCreateRestricted               
000000fc  xTaskCreate                         
00000538  vTaskDelete                         
000006a0  vTaskDelayUntil                     
0000080c  vTaskDelay                          
00000890  eTaskGetState                       
00000994  uxTaskPriorityGet                   
000009d8  uxTaskPriorityGetFromISR            
00000a20  vTaskPrioritySet                    
00000c18  vTaskSuspend                        
00000e20  vTaskResume                         
00000f04  xTaskResumeFromISR                  
00000fec  vTaskStartScheduler                 
00001084  vTaskEndScheduler                   
000010a0  vTaskSuspendAll                     
00001158  xTaskResumeAll                      
00001308  xTaskGetTickCount                   
00001324  xTaskGetTickCountFromISR            
00001348  uxTaskGetNumberOfTasks              
00001354  pcTaskGetName                       
0000152c  xTaskGetHandle                      
00001634  xTaskGetIdleTaskHandle              
0000166c  vTaskStepTick                       
000016c8  xTaskAbortDelay                     
000017c8  xTaskIncrementTick                  
000019f0  vTaskSwitchContext                  
00001ad0  vTaskPlaceOnEventList               
00001b14  vTaskPlaceOnUnorderedEventList      
00001b98  xTaskRemoveFromEventList            
00001c88  xTaskRemoveFromUnorderedEventList   
00001d90  vTaskSetTimeOutState                
00001dd0  xTaskCheckForTimeOut                
00001f08  vTaskMissedYield                    
00001f18  eTaskConfirmSleepModeStatus         
00001f94  vTaskSetThreadLocalStoragePointer   
00001ff8  pvTaskGetThreadLocalStoragePointer  
00002064  vTaskAllocateMPURegions             
0000223c  uxTaskGetStackHighWaterMark         
00002304  xTaskGetSchedulerState              
00002354  uxTaskResetEventItemValue           
00002390  ulTaskNotifyTake                    
00002468  xTaskNotifyWait                     
00002580  xTaskGenericNotify                  
00002754  xTaskGenericNotifyFromISR           
00002954  vTaskNotifyGiveFromISR              
00002c00  vPortStartFirstTask                 
00002c90  vPortYieldProcessor                 
00002d7c  vPortYeildWithinAPI                 
00002e70  vPortPreemptiveTick                 
00002f70  vPortInitialiseFPSCR                
00002f7c  ulPortCountLeadingZeros             
00002f84  vPortSWI                            
00003054  prvMpuSetRegion                     
0000306c  prvMpuEnable                        
00003084  prvMpuDisable                       
000030ac  pxPortInitialiseStack               
000031c0  vPortStoreTaskMPUSettings           
00003434  xPortStartScheduler                 
00003458  vPortEndScheduler                   
0000348c  pvPortMalloc                        
000036e4  vPortFree                           
000037dc  xPortGetFreeHeapSize                
000037e8  xPortGetMinimumEverFreeHeapSize     
000037f4  vPortInitialiseBlocks               
0000382c  __TI_Handler_Table_Base             
00003838  __TI_Handler_Table_Limit            
00003858  __TI_CINIT_Base                     
00003878  __TI_CINIT_Limit                    
00008020  selftestFailNotification            
00008030  ccmSelfCheck                        
00008174  memoryInit                          
000081b8  stcSelfCheck                        
00008234  cpuSelfTest                         
000082cc  pbistSelfCheck                      
000084ac  pbistRun                            
00008578  pbistStop                           
000085a8  pbistIsTestCompleted                
000085d4  pbistIsTestPassed                   
00008608  pbistPortTestStatus                 
00008660  efcCheck                            
000086e8  efcStuckZeroTest                    
00008794  efcSelfTest                         
000087bc  checkefcSelfTest                    
0000885c  fmcBus2Check                        
00008898  fmcECCcheck                         
00008938  checkB0RAMECC                       
00008b28  checkB1RAMECC                       
00008d18  checkFlashECC                       
00008df4  custom_dabort                       
00008df8  stcSelfCheckFail                    
00008dfc  cpuSelfTestFail                     
00008e00  vimParityCheck                      
00008eac  dmaParityCheck                      
00008f58  het1ParityCheck                     
00009004  htu1ParityCheck                     
000090c0  het2ParityCheck                     
000091bc  htu2ParityCheck                     
0000926c  adc1ParityCheck                     
00009358  adc2ParityCheck                     
00009410  can1ParityCheck                     
000094e8  can2ParityCheck                     
000095b0  can3ParityCheck                     
00009684  mibspi1ParityCheck                  
0000978c  mibspi3ParityCheck                  
000098b0  mibspi5ParityCheck                  
000099d0  checkRAMECC                         
00009c18  checkClockMonitor                   
00009cf4  checkFlashEEPROMECC                 
00009e8c  checkPLL1Slip                       
00009f8c  checkPLL2Slip                       
0000a050  checkRAMAddrParity                  
0000a15c  checkRAMUERRTest                    
0000a2c4  fmcBus1ParityCheck                  
0000a3ec  pbistFail                           
0000a470  pbistGetConfigValue                 
0000a5bc  stcGetConfigValue                   
0000a660  efcGetConfigValue                   
0000a6fc  ccmr4GetConfigValue                 
0000a76c  errata_PBIST_4                      
0000aad0  enableParity                        
0000ab58  disableParity                       
0000acfc  setupPLL                            
0000ad5c  trimLPO                             
0000add0  setupFlash                          
0000ae10  periphInit                          
0000ae64  mapClocks                           
0000af8c  systemInit                          
0000b058  systemPowerDown                     
0000b088  systemGetConfigValue                
0000b49c  tcmflashGetConfigValue              
0000b648  sramGetConfigValue                  
0000b784  customTrimLPO                       
0000b860  canInit                             
0000b960  canTransmit                         
0000ba5c  canGetData                          
0000bbb4  canGetID                            
0000bc1c  canUpdateID                         
0000bc94  canSendRemoteFrame                  
0000bd34  canFillMessageObjectData            
0000be30  canIsTxMessagePending               
0000be8c  canIsRxMessageArrived               
0000bee8  canIsMessageBoxValid                
0000bf44  canGetLastError                     
0000bf68  canGetErrorLevel                    
0000bf8c  canEnableErrorNotification          
0000bfac  canEnableStatusChangeNotification   
0000bfcc  canDisableStatusChangeNotification  
0000bfec  canDisableErrorNotification         
0000c00c  canEnableloopback                   
0000c044  canDisableloopback                  
0000c074  canIoSetDirection                   
0000c0c4  canIoSetPort                        
0000c114  canIoTxGetBit                       
0000c130  canIoRxGetBit                       
0000c14c  can2GetConfigValue                  
0000c308  vimInit                             
0000c3dc  vimChannelMap                       
0000c480  vimEnableInterrupt                  
0000c648  vimDisableInterrupt                 
0000c6f4  vimGetConfigValue                   
0000cd60  muxInit                             
0000d1fc  pinmuxGetConfigValue                
0000d60c  _errata_SSWF021_45_both_plls        
0000d800  _errata_SSWF021_45_pll1             
0000d978  _errata_SSWF021_45_pll2             
0000dc70  esmInit                             
0000dd78  esmError                            
0000dd94  esmEnableError                      
0000ddbc  esmDisableError                     
0000dde4  esmTriggerErrorPinReset             
0000ddf4  esmActivateNormalOperation          
0000de04  esmEnableInterrupt                  
0000de2c  esmDisableInterrupt                 
0000de54  esmSetInterruptLevel                
0000dec8  esmClearStatus                      
0000df08  esmClearStatusBuffer                
0000df24  esmSetCounterPreloadValue           
0000df44  esmGetStatus                        
0000dfc8  esmGetStatusBuffer                  
0000e000  esmEnterSelfTest                    
0000e088  esmSelfTestStatus                   
0000e0d8  esmGetConfigValue                   
0000e22c  _coreInitRegisters_                 
0000e338  _coreInitStackPointer_              
0000e384  _getCPSRValue_                      
0000e38c  _gotoCPUIdle_                       
0000e3a4  _coreEnableVfp_                     
0000e3bc  _coreEnableEventBusExport_          
0000e3cc  _coreDisableEventBusExport_         
0000e3dc  _coreEnableRamEcc_                  
0000e3ec  _coreDisableRamEcc_                 
0000e3fc  _coreEnableFlashEcc_                
0000e410  _coreDisableFlashEcc_               
0000e420  _coreEnableIrqVicOffset_            
0000e430  _coreGetDataFault_                  
0000e438  _coreClearDataFault_                
0000e444  _coreGetInstructionFault_           
0000e44c  _coreClearInstructionFault_         
0000e458  _coreGetDataFaultAddress_           
0000e460  _coreClearDataFaultAddress_         
0000e46c  _coreGetInstructionFaultAddress_    
0000e474  _coreClearInstructionFaultAddress_  
0000e480  _coreGetAuxiliaryDataFault_         
0000e488  _coreClearAuxiliaryDataFault_       
0000e494  _coreGetAuxiliaryInstructionFault_  
0000e49c  _coreClearAuxiliaryInstructionFault_
0000e4a8  _disable_interrupt_                 
0000e4b0  _disable_FIQ_interrupt_             
0000e4b8  _disable_IRQ_interrupt_             
0000e4c0  _enable_interrupt_                  
0000e4c8  _esmCcmErrorsClear_                 
0000e550  _errata_CORTEXR4_57_                
0000e560  _errata_CORTEXR4_66_                
0000e570  __TI_PINIT_Base                     
0000e574  __TI_PINIT_Limit                    
0000e578  vimParityErrorHandler               
0000e844  _c_int00                            
0000ed4c  vListInitialise                     
0000eda4  vListInitialiseItem                 
0000edc0  vListInsertEnd                      
0000ee34  vListInsert                         
0000eef8  uxListRemove                        
0000f220  xTaskNotifyStateClear               
0000f29c  esmHighInterrupt                    
0000f3b0  _dabort                             
0000f498  _pmuInit_                           
0000f4e4  _pmuEnableCountersGlobal_           
0000f4f4  _pmuDisableCountersGlobal_          
0000f504  _pmuResetCycleCounter_              
0000f514  _pmuResetEventCounters_             
0000f524  _pmuResetCounters_                  
0000f534  _pmuStartCounters_                  
0000f53c  _pmuStopCounters_                   
0000f544  _pmuSetCountEvent_                  
0000f550  _pmuGetCycleCount_                  
0000f558  _pmuGetEventCount_                  
0000f564  _pmuGetOverflow_                    
0000f598  memoryPort0TestFailNotification     
0000f5b4  memoryPort1TestFailNotification     
0000f5e4  canStatusChangeNotification         
0000f60c  dmaGroupANotification               
0000f621  __aeabi_memcpy                      
0000f621  __aeabi_memcpy4                     
0000f621  __aeabi_memcpy8                     
0000f621  memcpy                              
0000f6bd  __aeabi_memclr                      
0000f6bd  __aeabi_memclr4                     
0000f6bd  __aeabi_memclr8                     
0000f6bf  __aeabi_memset                      
0000f6bf  __aeabi_memset4                     
0000f6bf  __aeabi_memset8                     
0000f6c5  memset                              
0000f737  __TI_decompress_lzss                
0000f7a4  main                                
0000f7c0  canMessageNotification              
0000f7d4  canErrorNotification                
0000f7e8  esmGroup1Notification               
0000f7f8  esmGroup2Notification               
0000f811  __TI_auto_init_nobinit_nopinit      
0000f855  strlen                              
0000f86b  __TI_decompress_none                
0000f879  __TI_zero_init                      
0000f885  C$$EXIT                             
0000f885  abort                               
0000f888  phantomInterrupt                    
0000f88c  handlePLLLockFail                   
080008d0  pxCurrentTCB                        
08003010  tx_data                             
0800301c  ulCriticalNesting                   
08003020  ulTaskHasFPUContext                 
ffffffff  __TI_pprof_out_hndl                 
ffffffff  __TI_prof_data_size                 
ffffffff  __TI_prof_data_start                
ffffffff  __binit__                           
ffffffff  __c_args__                          
ffffffff  binit                               
UNDEFED   SHT$$INIT_ARRAY$$Base               
UNDEFED   SHT$$INIT_ARRAY$$Limit              
UNDEFED   _system_post_cinit                  

[281 symbols]
