******************************************************************************
                  TI ARM Linker PC v18.12.2                    
******************************************************************************
>> Linked Sun Oct 27 21:23:58 2019

OUTPUT FILE NAME:   <DCAN_RX.out>
ENTRY POINT SYMBOL: "_c_int00"  address: 0000ee34


MEMORY CONFIGURATION

         name            origin    length      used     unused   attr    fill
----------------------  --------  ---------  --------  --------  ----  --------
  VECTORS               00000000   00000020  00000020  00000000     X
  KERNEL                00000020   00008000  000040a0  00003f60  R  X
  FLASH0                00008020   001f7fe0  0000866c  001ef974  R  X
  FLASH1                00200000   00200000  00000000  00200000  R  X
  STACKS                08000000   00000800  00000000  00000800  RW  
  KRAM                  08000800   00000800  00000104  000006fc  RW  
  RAM                   08001000   0007f000  000023dc  0007cc24  RW  


SEGMENT ALLOCATION MAP

run origin  load origin   length   init length attrs members
----------  ----------- ---------- ----------- ----- -------
00000000    00000000    00003808   00003808    r-x
  00000000    00000000    00000020   00000020    r-x .intvecs
  00000020    00000020    000037e8   000037e8    r-x .kernelTEXT
00003808    00003808    00000800   00000000    rw-
  00003808    00003808    00000800   00000000    rw- .sysmem
00004020    00004020    000000b8   000000b8    r--
  00004020    00004020    000000b8   000000b8    r-- .cinit
00008020    00008020    00008348   00008348    r-x
  00008020    00008020    00008348   00008348    r-x .text
00010380    00010380    00000324   00000324    r--
  00010380    00010380    00000324   00000324    r-- .const
08000800    08000800    00000104   00000000    rw-
  08000800    08000800    00000104   00000000    rw- .kernelBSS
08001000    08001000    000023dc   00000000    rw-
  08001000    08001000    00002000   00000000    rw- .kernelHEAP
  08003000    08003000    0000020c   00000000    rw- .data
  0800320c    0800320c    000001d0   00000000    rw- .bss


SECTION ALLOCATION MAP

 output                                  attributes/
section   page    origin      length       input sections
--------  ----  ----------  ----------   ----------------
.intvecs   0    00000000    00000020     
                  00000000    00000020     HL_sys_intvecs.obj (.intvecs)

.kernelTEXT 
*          0    00000020    000037e8     
                  00000020    00002bdc     os_tasks.obj (.kernelTEXT)
                  00002bfc    000004b0     os_portasm.obj (.kernelTEXT)
                  000030ac    000003dc     os_port.obj (.kernelTEXT)
                  00003488    00000380     os_heap.obj (.kernelTEXT)

.cinit     0    00004020    000000b8     
                  00004020    0000006d     (.cinit..data.load) [load image, compression = lzss]
                  0000408d    00000003     --HOLE-- [fill = 0]
                  00004090    0000000c     (__TI_handler_table)
                  0000409c    00000009     (.cinit..kernelBSS.load) [load image, compression = lzss]
                  000040a5    00000003     --HOLE-- [fill = 0]
                  000040a8    00000008     (.cinit..bss.load) [load image, compression = zero_init]
                  000040b0    00000008     (.cinit..kernelHEAP.load) [load image, compression = zero_init]
                  000040b8    00000020     (__TI_cinit_table)

.text      0    00008020    00008348     
                  00008020    00000fac     rtsv7R4_A_be_v3D16_eabi.lib : _printfi.c.obj (.text:__TI_printfi)
                  00008fcc    00000aa4     HL_can.obj (.text)
                  00009a70    000009c4     HL_pinmux.obj (.text)
                  0000a434    00000998     HL_system.obj (.text)
                  0000adcc    0000093c     HL_sys_vim.obj (.text)
                  0000b708    0000078c     HL_esm.obj (.text)
                  0000be94    00000664     HL_errata_SSWF021_45.obj (.text)
                  0000c4f8    000003c4     HL_sys_core.obj (.text)
                  0000c8bc    0000036c     HL_sys_mpu.obj (.text)
                  0000cc28    0000033c     HL_sys_vim.obj (.text:retain)
                  0000cf64    000002dc     rtsv7R4_A_be_v3D16_eabi.lib : _printfi.c.obj (.text:_pconv_a)
                  0000d240    000002b8                                 : ull_div32.asm.obj (.text)
                  0000d4f8    00000278     os_heap.obj (.text)
                  0000d770    00000248     rtsv7R4_A_be_v3D16_eabi.lib : _printfi.c.obj (.text:_pconv_g)
                  0000d9b8    00000238     os_list.obj (.text)
                  0000dbf0    000001a4     rtsv7R4_A_be_v3D16_eabi.lib : fputs.c.obj (.text:fputs)
                  0000dd94    00000180                                 : memory.c.obj (.text:aligned_alloc)
                  0000df14    00000180                                 : memcpy32.asm.obj (.text)
                  0000e094    00000178                                 : memory.c.obj (.text:free)
                  0000e20c    00000178     HL_esm.obj (.text:retain)
                  0000e384    00000164     os_tasks.obj (.text)
                  0000e4e8    0000015c     rtsv7R4_A_be_v3D16_eabi.lib : _printfi.c.obj (.text:_pconv_e)
                  0000e644    00000158                                 : setvbuf.c.obj (.text:setvbuf)
                  0000e79c    00000144                                 : _printfi.c.obj (.text:fcvt)
                  0000e8e0    0000013c     os_port.obj (.text)
                  0000ea1c    00000120     rtsv7R4_A_be_v3D16_eabi.lib : s_scalbn.c.obj (.text:scalbn)
                  0000eb3c    00000115                                 : _printfi.c.obj (.text:_ltostr)
                  0000ec51    00000003     --HOLE-- [fill = 0]
                  0000ec54    00000100                                 : fputc.c.obj (.text:fputc)
                  0000ed54    000000e0     HL_sys_main.obj (.text)
                  0000ee34    000000d8     HL_sys_startup.obj (.text:retain)
                  0000ef0c    000000c8     rtsv7R4_A_be_v3D16_eabi.lib : _printfi.c.obj (.text:_mcpy)
                  0000efd4    000000b8                                 : fclose.c.obj (.text:__TI_closefile)
                  0000f08c    000000b8                                 : memory.c.obj (.text:split)
                  0000f144    000000b0     HL_notification.obj (.text)
                  0000f1f4    000000b0     rtsv7R4_A_be_v3D16_eabi.lib : memset32.asm.obj (.text)
                  0000f2a4    000000ac                                 : hostlseek.c.obj (.text:HOSTlseek)
                  0000f350    000000a8                                 : fseek.c.obj (.text:fseek)
                  0000f3f8    000000a4                                 : hostrename.c.obj (.text:HOSTrename)
                  0000f49c    000000a0                                 : _io_perm.c.obj (.text:__TI_wrt_ok)
                  0000f53c    0000009c                                 : fprintf.c.obj (.text:fprintf)
                  0000f5d8    00000098                                 : hostopen.c.obj (.text:HOSTopen)
                  0000f670    00000098                                 : _printfi.c.obj (.text:_ecpy)
                  0000f708    00000098                                 : close.c.obj (.text:close)
                  0000f7a0    00000090                                 : hostread.c.obj (.text:HOSTread)
                  0000f830    00000090                                 : hostwrite.c.obj (.text:HOSTwrite)
                  0000f8c0    00000090                                 : copy_decompress_lzss.c.obj (.text:decompress:lzss:__TI_decompress_lzss)
                  0000f950    0000008c                                 : s_frexp.c.obj (.text:frexp)
                  0000f9dc    00000084                                 : fflush.c.obj (.text:__TI_doflush)
                  0000fa60    00000084                                 : atoi.c.obj (.text:atoi)
                  0000fae4    00000080                                 : ltoa.c.obj (.text:ltoa)
                  0000fb64    0000007c                                 : exit.c.obj (.text:exit)
                  0000fbe0    00000074                                 : hostclose.c.obj (.text:HOSTclose)
                  0000fc54    00000074                                 : _printfi.c.obj (.text:_pconv_f)
                  0000fcc8    00000070                                 : hostunlink.c.obj (.text:HOSTunlink)
                  0000fd38    0000006c                                 : getdevice.c.obj (.text:getdevice)
                  0000fda4    00000068                                 : autoinit.c.obj (.text:__TI_auto_init_nobinit_nopinit:__TI_auto_init_nobinit_nopinit)
                  0000fe0c    00000064                                 : _printfi.c.obj (.text:_fcpy)
                  0000fe70    00000054                                 : fopen.c.obj (.text:__TI_cleanup)
                  0000fec4    00000054                                 : trgmsg.c.obj (.text:__TI_readmsg)
                  0000ff18    00000054                                 : trgmsg.c.obj (.text:__TI_writemsg)
                  0000ff6c    00000054                                 : getdevice.c.obj (.text:finddevice)
                  0000ffc0    00000054                                 : i_div32.asm.obj (.text)
                  00010014    00000050                                 : u_div32.asm.obj (.text)
                  00010064    00000048                                 : strncpy.c.obj (.text:strncpy)
                  000100ac    00000048                                 : unlink.c.obj (.text:unlink)
                  000100f4    00000044                                 : lseek.c.obj (.text:lseek)
                  00010138    00000044                                 : write.c.obj (.text:write)
                  0001017c    00000040                                 : memory.c.obj (.text:free_list_insert)
                  000101bc    00000030                                 : memory.c.obj (.text:free_list_remove)
                  000101ec    0000002c                                 : memccpy.c.obj (.text:memccpy)
                  00010218    0000002c                                 : memchr.c.obj (.text:memchr)
                  00010244    00000028                                 : strchr.c.obj (.text:strchr)
                  0001026c    00000028                                 : strcmp.c.obj (.text:strcmp)
                  00010294    00000024                                 : wcslen.c.obj (.text:wcslen)
                  000102b8    00000020                                 : strlen.c.obj (.text:strlen)
                  000102d8    0000001c                                 : s_copysign.c.obj (.text:copysign)
                  000102f4    00000018                                 : strcpy.c.obj (.text:strcpy)
                  0001030c    00000014                                 : copy_decompress_none.c.obj (.text:decompress:none:__TI_decompress_none)
                  00010320    00000010                                 : copy_zero_init.c.obj (.text:decompress:ZI:__TI_zero_init)
                  00010330    0000000c                                 : errno.c.obj (.text:__aeabi_errno_addr)
                  0001033c    0000000c                                 : memory.c.obj (.text:malloc)
                  00010348    00000008                                 : exit.c.obj (.text:abort:abort)
                  00010350    00000004     HL_sys_startup.obj (.text)
                  00010354    00000004     rtsv7R4_A_be_v3D16_eabi.lib : _lock.c.obj (.text:_nop)
                  00010358    00000004                                 : fprintf.c.obj (.text:_outc)
                  0001035c    00000004                                 : fprintf.c.obj (.text:_outs)
                  00010360    00000004     HL_sys_phantom.obj (.text:retain)
                  00010364    00000004     rtsv7R4_A_be_v3D16_eabi.lib : div0.asm.obj (.text)

.const     0    00010380    00000324     
                  00010380    00000200     HL_sys_vim.obj (.const:s_vim_init)
                  00010580    00000101     rtsv7R4_A_be_v3D16_eabi.lib : ctype.c.obj (.const:.string:_ctypes_)
                  00010681    00000003     --HOLE-- [fill = 0]
                  00010684    00000020     HL_can.obj (.const:s_canByteOrder)

.kernelBSS 
*          0    08000800    00000104     UNINITIALIZED
                  08000800    000000d0     os_tasks.obj (.kernelBSS:uninit)
                  080008d0    00000034     os_tasks.obj (.kernelBSS:init)

.kernelHEAP 
*          0    08001000    00002000     UNINITIALIZED
                  08001000    00002000     os_heap.obj (.kernelHEAP)

.data      0    08003000    0000020c     UNINITIALIZED
                  08003000    000000f0     rtsv7R4_A_be_v3D16_eabi.lib : defs.c.obj (.data:_ftable)
                  080030f0    00000078                                 : host_device.c.obj (.data:_device)
                  08003168    00000050                                 : host_device.c.obj (.data:_stream)
                  080031b8    00000010     os_heap.obj (.data)
                  080031c8    00000010     rtsv7R4_A_be_v3D16_eabi.lib : defs.c.obj (.data)
                  080031d8    0000000c                                 : exit.c.obj (.data:$O1$$)
                  080031e4    0000000a     HL_sys_main.obj (.data:rx_data)
                  080031ee    00000002     --HOLE--
                  080031f0    00000008     rtsv7R4_A_be_v3D16_eabi.lib : _lock.c.obj (.data:$O1$$)
                  080031f8    00000008                                 : memory.c.obj (.data:$O1$$)
                  08003200    00000008     os_port.obj (.data)
                  08003208    00000004     rtsv7R4_A_be_v3D16_eabi.lib : errno.c.obj (.data)

.bss       0    0800320c    000001d0     UNINITIALIZED
                  0800320c    00000120     rtsv7R4_A_be_v3D16_eabi.lib : trgmsg.c.obj (.bss:_CIOBUF_)
                  0800332c    000000a0     (.common:__TI_tmpnams)
                  080033cc    00000008     os_heap.obj (.bss:xStart)
                  080033d4    00000008     (.common:parmbuf)

.sysmem    0    00003808    00000800     UNINITIALIZED
                  00003808    00000010     rtsv7R4_A_be_v3D16_eabi.lib : memory.c.obj (.sysmem)
                  00003818    000007f0     --HOLE--

MODULE SUMMARY

       Module                       code    ro data   rw data
       ------                       ----    -------   -------
    .\source\
       os_tasks.obj                 11584   0         260    
       os_heap.obj                  1528    0         8216   
       HL_sys_vim.obj               3192    512       0      
       HL_can.obj                   2724    32        0      
       HL_pinmux.obj                2500    0         0      
       HL_system.obj                2456    0         0      
       HL_esm.obj                   2308    0         0      
       HL_errata_SSWF021_45.obj     1636    0         0      
       os_port.obj                  1304    0         8      
       os_portasm.obj               1200    0         0      
       HL_sys_core.obj              964     0         0      
       HL_sys_mpu.obj               876     0         0      
       os_list.obj                  568     0         0      
       HL_sys_main.obj              224     0         10     
       HL_sys_startup.obj           220     0         0      
       HL_notification.obj          176     0         0      
       HL_sys_intvecs.obj           32      0         0      
       HL_sys_phantom.obj           4       0         0      
    +--+----------------------------+-------+---------+---------+
       Total:                       33496   544       8494   
                                                             
    C:\ti\ccs910\ccs\tools\compiler\ti-cgt-arm_18.12.2.LTS\lib\rtsv7R4_A_be_v3D16_eabi.lib
       _printfi.c.obj               6845    0         0      
       memory.c.obj                 1068    0         8      
       ull_div32.asm.obj            696     0         0      
       trgmsg.c.obj                 168     0         288    
       fputs.c.obj                  420     0         0      
       defs.c.obj                   0       0         416    
       memcpy32.asm.obj             384     0         0      
       setvbuf.c.obj                344     0         0      
       s_scalbn.c.obj               288     0         0      
       ctype.c.obj                  0       257       0      
       fputc.c.obj                  256     0         0      
       host_device.c.obj            0       0         200    
       getdevice.c.obj              192     0         0      
       fclose.c.obj                 184     0         0      
       memset32.asm.obj             176     0         0      
       hostlseek.c.obj              172     0         0      
       fseek.c.obj                  168     0         0      
       fprintf.c.obj                164     0         0      
       hostrename.c.obj             164     0         0      
       _io_perm.c.obj               160     0         0      
       hostopen.c.obj               152     0         8      
       close.c.obj                  152     0         0      
       copy_decompress_lzss.c.obj   144     0         0      
       exit.c.obj                   132     0         12     
       hostread.c.obj               144     0         0      
       hostwrite.c.obj              144     0         0      
       s_frexp.c.obj                140     0         0      
       atoi.c.obj                   132     0         0      
       fflush.c.obj                 132     0         0      
       ltoa.c.obj                   128     0         0      
       hostclose.c.obj              116     0         0      
       hostunlink.c.obj             112     0         0      
       autoinit.c.obj               104     0         0      
       fopen.c.obj                  84      0         0      
       i_div32.asm.obj              84      0         0      
       u_div32.asm.obj              80      0         0      
       strncpy.c.obj                72      0         0      
       unlink.c.obj                 72      0         0      
       lseek.c.obj                  68      0         0      
       write.c.obj                  68      0         0      
       memccpy.c.obj                44      0         0      
       memchr.c.obj                 44      0         0      
       strchr.c.obj                 40      0         0      
       strcmp.c.obj                 40      0         0      
       wcslen.c.obj                 36      0         0      
       strlen.c.obj                 32      0         0      
       s_copysign.c.obj             28      0         0      
       strcpy.c.obj                 24      0         0      
       copy_decompress_none.c.obj   20      0         0      
       copy_zero_init.c.obj         16      0         0      
       errno.c.obj                  12      0         4      
       _lock.c.obj                  4       0         8      
       div0.asm.obj                 4       0         0      
    +--+----------------------------+-------+---------+---------+
       Total:                       14453   257       944    
                                                             
       Heap:                        0       0         2048   
       Linker Generated:            0       178       0      
    +--+----------------------------+-------+---------+---------+
       Grand Total:                 47949   979       11486  


LINKER GENERATED COPY TABLES

__TI_cinit_table @ 000040b8 records: 4, size/record: 8, table size: 32
	.data: load addr=00004020, load size=0000006d bytes, run addr=08003000, run size=0000020c bytes, compression=lzss
	.kernelBSS: load addr=0000409c, load size=00000009 bytes, run addr=08000800, run size=00000104 bytes, compression=lzss
	.bss: load addr=000040a8, load size=00000008 bytes, run addr=0800320c, run size=000001d0 bytes, compression=zero_init
	.kernelHEAP: load addr=000040b0, load size=00000008 bytes, run addr=08001000, run size=00002000 bytes, compression=zero_init


LINKER GENERATED HANDLER TABLE

__TI_handler_table @ 00004090 records: 3, size/record: 4, table size: 12
	index: 0, handler: __TI_decompress_lzss
	index: 1, handler: __TI_decompress_none
	index: 2, handler: __TI_zero_init


GLOBAL SYMBOLS: SORTED ALPHABETICALLY BY Name 

address   name                                
-------   ----                                
00010348  C$$EXIT                             
0000ff60  C$$IO$$                             
0000fbe0  HOSTclose                           
0000f2a4  HOSTlseek                           
0000f5d8  HOSTopen                            
0000f7a0  HOSTread                            
0000f3f8  HOSTrename                          
0000fcc8  HOSTunlink                          
0000f830  HOSTwrite                           
UNDEFED   SHT$$INIT_ARRAY$$Base               
UNDEFED   SHT$$INIT_ARRAY$$Limit              
0800320c  __CIOBUF_                           
00000800  __SYSMEM_SIZE                       
000040b8  __TI_CINIT_Base                     
000040d8  __TI_CINIT_Limit                    
00004090  __TI_Handler_Table_Base             
0000409c  __TI_Handler_Table_Limit            
0000c8b4  __TI_PINIT_Base                     
0000c8b8  __TI_PINIT_Limit                    
0000fda4  __TI_auto_init_nobinit_nopinit      
0000fe70  __TI_cleanup                        
080031d8  __TI_cleanup_ptr                    
0000efd4  __TI_closefile                      
0000f8c0  __TI_decompress_lzss                
0001030c  __TI_decompress_none                
0000f9dc  __TI_doflush                        
080031dc  __TI_dtors_ptr                      
080031e0  __TI_enable_exit_profile_output     
080031c8  __TI_ft_end                         
ffffffff  __TI_pprof_out_hndl                 
00008020  __TI_printfi                        
ffffffff  __TI_prof_data_size                 
ffffffff  __TI_prof_data_start                
0000fec4  __TI_readmsg                        
00000000  __TI_static_base__                  
0800332c  __TI_tmpnams                        
0000ff18  __TI_writemsg                       
0000f49c  __TI_wrt_ok                         
00010320  __TI_zero_init                      
00010330  __aeabi_errno_addr                  
0000ffc0  __aeabi_idiv                        
00010364  __aeabi_idiv0                       
0000ffc0  __aeabi_idivmod                     
00010364  __aeabi_ldiv0                       
0000f1f4  __aeabi_memclr                      
0000f1f4  __aeabi_memclr4                     
0000f1f4  __aeabi_memclr8                     
0000df14  __aeabi_memcpy                      
0000df14  __aeabi_memcpy4                     
0000df14  __aeabi_memcpy8                     
0000f1f8  __aeabi_memset                      
0000f1f8  __aeabi_memset4                     
0000f1f8  __aeabi_memset8                     
080031d4  __aeabi_stderr                      
080031cc  __aeabi_stdin                       
080031d0  __aeabi_stdout                      
00010014  __aeabi_uidiv                       
00010014  __aeabi_uidivmod                    
0000d240  __aeabi_uldivmod                    
ffffffff  __binit__                           
ffffffff  __c_args__                          
0000ee34  _c_int00                            
0000c868  _cacheDisable_                      
0000c824  _cacheEnable_                       
0000c804  _checkMemInitOn_                    
0000c710  _coreClearAuxiliaryDataFault_       
0000c724  _coreClearAuxiliaryInstructionFault_
0000c6e8  _coreClearDataFaultAddress_         
0000c6c0  _coreClearDataFault_                
0000c6fc  _coreClearInstructionFaultAddress_  
0000c6d4  _coreClearInstructionFault_         
0000c698  _coreDisableEventBusExport_         
0000c688  _coreEnableEventBusExport_          
0000c6a8  _coreEnableIrqVicOffset_            
0000c670  _coreEnableVfp_                     
0000c708  _coreGetAuxiliaryDataFault_         
0000c71c  _coreGetAuxiliaryInstructionFault_  
0000c6e0  _coreGetDataFaultAddress_           
0000c6b8  _coreGetDataFault_                  
0000c6f4  _coreGetInstructionFaultAddress_    
0000c6cc  _coreGetInstructionFault_           
0000c4f8  _coreInitRegisters_                 
0000c604  _coreInitStackPointer_              
00010580  _ctypes_                            
0000c88c  _dCacheInvalidate_                  
080030f0  _device                             
0000c730  _disable_IRQ_interrupt_             
0000c738  _enable_IRQ_interrupt_              
0000c740  _enable_interrupt_                  
0000be94  _errata_SSWF021_45_both_plls        
0000c088  _errata_SSWF021_45_pll1             
0000c200  _errata_SSWF021_45_pll2             
0000c748  _esmCcmErrorsClear_                 
08003000  _ftable                             
0000c650  _getCPSRValue_                      
0000c658  _gotoCPUIdle_                       
0000c8a0  _iCacheInvalidate_                  
080031f0  _lock                               
0000c7d0  _memInit_                           
0000cbd0  _mpuAreRegionsSeparate_             
0000cbb4  _mpuDisableBackgroundRegion_        
0000cb8c  _mpuDisable_                        
0000cba4  _mpuEnableBackgroundRegion_         
0000cb74  _mpuEnable_                         
0000cbc4  _mpuGetNumberOfRegions_             
0000cbf4  _mpuGetRegionBaseAddress_           
0000cc14  _mpuGetRegionPermission_            
0000cc08  _mpuGetRegionType_                  
0000cbe4  _mpuGetRegion_                      
0000c8bc  _mpuInit_                           
0000cbec  _mpuSetRegionBaseAddress_           
0000cc20  _mpuSetRegionSizeRegister_          
0000cbfc  _mpuSetRegionTypeAndPermission_     
0000cbdc  _mpuSetRegion_                      
00010354  _nop                                
08003168  _stream                             
00003808  _sys_memory                         
UNDEFED   _system_post_cinit                  
080031f4  _unlock                             
00010348  abort                               
0000dd94  aligned_alloc                       
0000fa60  atoi                                
ffffffff  binit                               
000098b8  can4GetConfigValue                  
00009758  canDisableErrorNotification         
00009738  canDisableStatusChangeNotification  
000097b0  canDisableloopback                  
000096f8  canEnableErrorNotification          
00009718  canEnableStatusChangeNotification   
00009778  canEnableloopback                   
0000f190  canErrorNotification                
000094a0  canFillMessageObjectData            
000091c8  canGetData                          
000096d4  canGetErrorLevel                    
00009320  canGetID                            
000096b0  canGetLastError                     
00008fcc  canInit                             
0000989c  canIoRxGetBit                       
000097e0  canIoSetDirection                   
00009830  canIoSetPort                        
00009880  canIoTxGetBit                       
00009654  canIsMessageBoxValid                
000095f8  canIsRxMessageArrived               
0000959c  canIsTxMessagePending               
0000f1b8  canMessageNotification              
00009400  canSendRemoteFrame                  
0000f1a4  canStatusChangeNotification         
000090cc  canTransmit                         
00009388  canUpdateID                         
0000f708  close                               
000102d8  copysign                            
000102d8  copysignl                           
0000ad24  customTrimLPO                       
0000f17c  dmaGroupANotification               
00001f18  eTaskConfirmSleepModeStatus         
00000890  eTaskGetState                       
0000f1e0  epcCAMFullNotification              
0000f1e4  epcFIFOFullNotification             
08003208  errno                               
0000b918  esmActivateNormalOperation          
0000ba64  esmClearStatus                      
0000bac8  esmClearStatusBuffer                
0000baa4  esmClearStatusUpper                 
0000b8c4  esmDisableError                     
0000b8ec  esmDisableErrorUpper                
0000b96c  esmDisableInterrupt                 
0000b994  esmDisableInterruptUpper            
0000b880  esmEnableError                      
0000b8a8  esmEnableErrorUpper                 
0000b928  esmEnableInterrupt                  
0000b950  esmEnableInterruptUpper             
0000bbf8  esmEnterSelfTest                    
0000b864  esmError                            
0000bcd0  esmGetConfigValue                   
0000bb04  esmGetStatus                        
0000bbd0  esmGetStatusBuffer                  
0000bb88  esmGetStatusUpper                   
0000f144  esmGroup1Notification               
0000f158  esmGroup2Notification               
0000f16c  esmGroup3Notification               
0000e20c  esmHighInterrupt                    
0000b708  esmInit                             
0000bc80  esmSelfTestStatus                   
0000bae4  esmSetCounterPreloadValue           
0000b9b0  esmSetInterruptLevel                
0000ba24  esmSetInterruptLevelUpper           
0000b908  esmTriggerErrorPinReset             
0000fb64  exit                                
0000ff6c  finddevice                          
0000f53c  fprintf                             
0000ec54  fputc                               
0000dbf0  fputs                               
0000e094  free                                
0000f950  frexp                               
0000f950  frexpl                              
0000f350  fseek                               
0000a7cc  getResetSource                      
0000fd38  getdevice                           
00010350  handlePLLLockFail                   
0000ea1c  ldexp                               
0000ea1c  ldexpl                              
000100f4  lseek                               
0000fae4  ltoa                                
0000ed54  main                                
0001033c  malloc                              
0000a5fc  mapClocks                           
0000dd94  memalign                            
000101ec  memccpy                             
00010218  memchr                              
0000df14  memcpy                              
0000f204  memset                              
00009a70  muxInit                             
080033d4  parmbuf                             
00001354  pcTaskGetName                       
0000a548  periphInit                          
00010360  phantomInterrupt                    
00003084  prvMpuDisable                       
0000306c  prvMpuEnable                        
00003054  prvMpuSetRegion                     
0000ec54  putc                                
00003488  pvPortMalloc                        
00001ff8  pvTaskGetThreadLocalStoragePointer  
080008d0  pxCurrentTCB                        
000030ac  pxPortInitialiseStack               
000100ac  remove                              
00000000  resetEntry                          
080031e4  rx_data                             
0000ea1c  scalbn                              
0000ea1c  scalbnl                             
0000f1cc  sciNotification                     
0000a508  setupFlash                          
0000a434  setupPLL                            
0000e644  setvbuf                             
00010244  strchr                              
0001026c  strcmp                              
000102f4  strcpy                              
000102b8  strlen                              
00010064  strncpy                             
0000a8f4  systemGetConfigValue                
0000a728  systemInit                          
0000a79c  systemPowerDown                     
0000a494  trimLPO                             
08003200  ulCriticalNesting                   
00002f7c  ulPortCountLeadingZeros             
08003204  ulTaskHasFPUContext                 
00002390  ulTaskNotifyTake                    
000100ac  unlink                              
0000db64  uxListRemove                        
00001348  uxTaskGetNumberOfTasks              
0000223c  uxTaskGetStackHighWaterMark         
00000994  uxTaskPriorityGet                   
000009d8  uxTaskPriorityGetFromISR            
00002354  uxTaskResetEventItemValue           
0000d9b8  vListInitialise                     
0000da10  vListInitialiseItem                 
0000daa0  vListInsert                         
0000da2c  vListInsertEnd                      
00003454  vPortEndScheduler                   
000036e0  vPortFree                           
000037f0  vPortInitialiseBlocks               
00002f70  vPortInitialiseFPSCR                
00002e70  vPortPreemptiveTick                 
00002f84  vPortSWI                            
00002c00  vPortStartFirstTask                 
000031c0  vPortStoreTaskMPUSettings           
00002d7c  vPortYeildWithinAPI                 
00002c90  vPortYieldProcessor                 
00002064  vTaskAllocateMPURegions             
0000080c  vTaskDelay                          
000006a0  vTaskDelayUntil                     
00000538  vTaskDelete                         
00001084  vTaskEndScheduler                   
00001f08  vTaskMissedYield                    
00002954  vTaskNotifyGiveFromISR              
00001ad0  vTaskPlaceOnEventList               
00001b14  vTaskPlaceOnUnorderedEventList      
00000a20  vTaskPrioritySet                    
00000e20  vTaskResume                         
00001f94  vTaskSetThreadLocalStoragePointer   
00001d90  vTaskSetTimeOutState                
00000fec  vTaskStartScheduler                 
0000166c  vTaskStepTick                       
00000c18  vTaskSuspend                        
000010a0  vTaskSuspendAll                     
000019f0  vTaskSwitchContext                  
0000aea0  vimChannelMap                       
0000b10c  vimDisableInterrupt                 
0000cc28  vimECCErrorHandler                  
0000af44  vimEnableInterrupt                  
0000b1b8  vimGetConfigValue                   
0000adcc  vimInit                             
00010294  wcslen                              
00010138  write                               
000037d8  xPortGetFreeHeapSize                
000037e4  xPortGetMinimumEverFreeHeapSize     
00003434  xPortStartScheduler                 
000016c8  xTaskAbortDelay                     
00001dd0  xTaskCheckForTimeOut                
000000fc  xTaskCreate                         
00000020  xTaskCreateRestricted               
00002580  xTaskGenericNotify                  
00002754  xTaskGenericNotifyFromISR           
0000152c  xTaskGetHandle                      
00001634  xTaskGetIdleTaskHandle              
00002304  xTaskGetSchedulerState              
00001308  xTaskGetTickCount                   
00001324  xTaskGetTickCountFromISR            
000017c8  xTaskIncrementTick                  
0000e46c  xTaskNotifyStateClear               
00002468  xTaskNotifyWait                     
00001b98  xTaskRemoveFromEventList            
00001c88  xTaskRemoveFromUnorderedEventList   
00001158  xTaskResumeAll                      
00000f04  xTaskResumeFromISR                  


GLOBAL SYMBOLS: SORTED BY Symbol Address 

address   name                                
-------   ----                                
00000000  __TI_static_base__                  
00000000  resetEntry                          
00000020  xTaskCreateRestricted               
000000fc  xTaskCreate                         
00000538  vTaskDelete                         
000006a0  vTaskDelayUntil                     
00000800  __SYSMEM_SIZE                       
0000080c  vTaskDelay                          
00000890  eTaskGetState                       
00000994  uxTaskPriorityGet                   
000009d8  uxTaskPriorityGetFromISR            
00000a20  vTaskPrioritySet                    
00000c18  vTaskSuspend                        
00000e20  vTaskResume                         
00000f04  xTaskResumeFromISR                  
00000fec  vTaskStartScheduler                 
00001084  vTaskEndScheduler                   
000010a0  vTaskSuspendAll                     
00001158  xTaskResumeAll                      
00001308  xTaskGetTickCount                   
00001324  xTaskGetTickCountFromISR            
00001348  uxTaskGetNumberOfTasks              
00001354  pcTaskGetName                       
0000152c  xTaskGetHandle                      
00001634  xTaskGetIdleTaskHandle              
0000166c  vTaskStepTick                       
000016c8  xTaskAbortDelay                     
000017c8  xTaskIncrementTick                  
000019f0  vTaskSwitchContext                  
00001ad0  vTaskPlaceOnEventList               
00001b14  vTaskPlaceOnUnorderedEventList      
00001b98  xTaskRemoveFromEventList            
00001c88  xTaskRemoveFromUnorderedEventList   
00001d90  vTaskSetTimeOutState                
00001dd0  xTaskCheckForTimeOut                
00001f08  vTaskMissedYield                    
00001f18  eTaskConfirmSleepModeStatus         
00001f94  vTaskSetThreadLocalStoragePointer   
00001ff8  pvTaskGetThreadLocalStoragePointer  
00002064  vTaskAllocateMPURegions             
0000223c  uxTaskGetStackHighWaterMark         
00002304  xTaskGetSchedulerState              
00002354  uxTaskResetEventItemValue           
00002390  ulTaskNotifyTake                    
00002468  xTaskNotifyWait                     
00002580  xTaskGenericNotify                  
00002754  xTaskGenericNotifyFromISR           
00002954  vTaskNotifyGiveFromISR              
00002c00  vPortStartFirstTask                 
00002c90  vPortYieldProcessor                 
00002d7c  vPortYeildWithinAPI                 
00002e70  vPortPreemptiveTick                 
00002f70  vPortInitialiseFPSCR                
00002f7c  ulPortCountLeadingZeros             
00002f84  vPortSWI                            
00003054  prvMpuSetRegion                     
0000306c  prvMpuEnable                        
00003084  prvMpuDisable                       
000030ac  pxPortInitialiseStack               
000031c0  vPortStoreTaskMPUSettings           
00003434  xPortStartScheduler                 
00003454  vPortEndScheduler                   
00003488  pvPortMalloc                        
000036e0  vPortFree                           
000037d8  xPortGetFreeHeapSize                
000037e4  xPortGetMinimumEverFreeHeapSize     
000037f0  vPortInitialiseBlocks               
00003808  _sys_memory                         
00004090  __TI_Handler_Table_Base             
0000409c  __TI_Handler_Table_Limit            
000040b8  __TI_CINIT_Base                     
000040d8  __TI_CINIT_Limit                    
00008020  __TI_printfi                        
00008fcc  canInit                             
000090cc  canTransmit                         
000091c8  canGetData                          
00009320  canGetID                            
00009388  canUpdateID                         
00009400  canSendRemoteFrame                  
000094a0  canFillMessageObjectData            
0000959c  canIsTxMessagePending               
000095f8  canIsRxMessageArrived               
00009654  canIsMessageBoxValid                
000096b0  canGetLastError                     
000096d4  canGetErrorLevel                    
000096f8  canEnableErrorNotification          
00009718  canEnableStatusChangeNotification   
00009738  canDisableStatusChangeNotification  
00009758  canDisableErrorNotification         
00009778  canEnableloopback                   
000097b0  canDisableloopback                  
000097e0  canIoSetDirection                   
00009830  canIoSetPort                        
00009880  canIoTxGetBit                       
0000989c  canIoRxGetBit                       
000098b8  can4GetConfigValue                  
00009a70  muxInit                             
0000a434  setupPLL                            
0000a494  trimLPO                             
0000a508  setupFlash                          
0000a548  periphInit                          
0000a5fc  mapClocks                           
0000a728  systemInit                          
0000a79c  systemPowerDown                     
0000a7cc  getResetSource                      
0000a8f4  systemGetConfigValue                
0000ad24  customTrimLPO                       
0000adcc  vimInit                             
0000aea0  vimChannelMap                       
0000af44  vimEnableInterrupt                  
0000b10c  vimDisableInterrupt                 
0000b1b8  vimGetConfigValue                   
0000b708  esmInit                             
0000b864  esmError                            
0000b880  esmEnableError                      
0000b8a8  esmEnableErrorUpper                 
0000b8c4  esmDisableError                     
0000b8ec  esmDisableErrorUpper                
0000b908  esmTriggerErrorPinReset             
0000b918  esmActivateNormalOperation          
0000b928  esmEnableInterrupt                  
0000b950  esmEnableInterruptUpper             
0000b96c  esmDisableInterrupt                 
0000b994  esmDisableInterruptUpper            
0000b9b0  esmSetInterruptLevel                
0000ba24  esmSetInterruptLevelUpper           
0000ba64  esmClearStatus                      
0000baa4  esmClearStatusUpper                 
0000bac8  esmClearStatusBuffer                
0000bae4  esmSetCounterPreloadValue           
0000bb04  esmGetStatus                        
0000bb88  esmGetStatusUpper                   
0000bbd0  esmGetStatusBuffer                  
0000bbf8  esmEnterSelfTest                    
0000bc80  esmSelfTestStatus                   
0000bcd0  esmGetConfigValue                   
0000be94  _errata_SSWF021_45_both_plls        
0000c088  _errata_SSWF021_45_pll1             
0000c200  _errata_SSWF021_45_pll2             
0000c4f8  _coreInitRegisters_                 
0000c604  _coreInitStackPointer_              
0000c650  _getCPSRValue_                      
0000c658  _gotoCPUIdle_                       
0000c670  _coreEnableVfp_                     
0000c688  _coreEnableEventBusExport_          
0000c698  _coreDisableEventBusExport_         
0000c6a8  _coreEnableIrqVicOffset_            
0000c6b8  _coreGetDataFault_                  
0000c6c0  _coreClearDataFault_                
0000c6cc  _coreGetInstructionFault_           
0000c6d4  _coreClearInstructionFault_         
0000c6e0  _coreGetDataFaultAddress_           
0000c6e8  _coreClearDataFaultAddress_         
0000c6f4  _coreGetInstructionFaultAddress_    
0000c6fc  _coreClearInstructionFaultAddress_  
0000c708  _coreGetAuxiliaryDataFault_         
0000c710  _coreClearAuxiliaryDataFault_       
0000c71c  _coreGetAuxiliaryInstructionFault_  
0000c724  _coreClearAuxiliaryInstructionFault_
0000c730  _disable_IRQ_interrupt_             
0000c738  _enable_IRQ_interrupt_              
0000c740  _enable_interrupt_                  
0000c748  _esmCcmErrorsClear_                 
0000c7d0  _memInit_                           
0000c804  _checkMemInitOn_                    
0000c824  _cacheEnable_                       
0000c868  _cacheDisable_                      
0000c88c  _dCacheInvalidate_                  
0000c8a0  _iCacheInvalidate_                  
0000c8b4  __TI_PINIT_Base                     
0000c8b8  __TI_PINIT_Limit                    
0000c8bc  _mpuInit_                           
0000cb74  _mpuEnable_                         
0000cb8c  _mpuDisable_                        
0000cba4  _mpuEnableBackgroundRegion_         
0000cbb4  _mpuDisableBackgroundRegion_        
0000cbc4  _mpuGetNumberOfRegions_             
0000cbd0  _mpuAreRegionsSeparate_             
0000cbdc  _mpuSetRegion_                      
0000cbe4  _mpuGetRegion_                      
0000cbec  _mpuSetRegionBaseAddress_           
0000cbf4  _mpuGetRegionBaseAddress_           
0000cbfc  _mpuSetRegionTypeAndPermission_     
0000cc08  _mpuGetRegionType_                  
0000cc14  _mpuGetRegionPermission_            
0000cc20  _mpuSetRegionSizeRegister_          
0000cc28  vimECCErrorHandler                  
0000d240  __aeabi_uldivmod                    
0000d9b8  vListInitialise                     
0000da10  vListInitialiseItem                 
0000da2c  vListInsertEnd                      
0000daa0  vListInsert                         
0000db64  uxListRemove                        
0000dbf0  fputs                               
0000dd94  aligned_alloc                       
0000dd94  memalign                            
0000df14  __aeabi_memcpy                      
0000df14  __aeabi_memcpy4                     
0000df14  __aeabi_memcpy8                     
0000df14  memcpy                              
0000e094  free                                
0000e20c  esmHighInterrupt                    
0000e46c  xTaskNotifyStateClear               
0000e644  setvbuf                             
0000ea1c  ldexp                               
0000ea1c  ldexpl                              
0000ea1c  scalbn                              
0000ea1c  scalbnl                             
0000ec54  fputc                               
0000ec54  putc                                
0000ed54  main                                
0000ee34  _c_int00                            
0000efd4  __TI_closefile                      
0000f144  esmGroup1Notification               
0000f158  esmGroup2Notification               
0000f16c  esmGroup3Notification               
0000f17c  dmaGroupANotification               
0000f190  canErrorNotification                
0000f1a4  canStatusChangeNotification         
0000f1b8  canMessageNotification              
0000f1cc  sciNotification                     
0000f1e0  epcCAMFullNotification              
0000f1e4  epcFIFOFullNotification             
0000f1f4  __aeabi_memclr                      
0000f1f4  __aeabi_memclr4                     
0000f1f4  __aeabi_memclr8                     
0000f1f8  __aeabi_memset                      
0000f1f8  __aeabi_memset4                     
0000f1f8  __aeabi_memset8                     
0000f204  memset                              
0000f2a4  HOSTlseek                           
0000f350  fseek                               
0000f3f8  HOSTrename                          
0000f49c  __TI_wrt_ok                         
0000f53c  fprintf                             
0000f5d8  HOSTopen                            
0000f708  close                               
0000f7a0  HOSTread                            
0000f830  HOSTwrite                           
0000f8c0  __TI_decompress_lzss                
0000f950  frexp                               
0000f950  frexpl                              
0000f9dc  __TI_doflush                        
0000fa60  atoi                                
0000fae4  ltoa                                
0000fb64  exit                                
0000fbe0  HOSTclose                           
0000fcc8  HOSTunlink                          
0000fd38  getdevice                           
0000fda4  __TI_auto_init_nobinit_nopinit      
0000fe70  __TI_cleanup                        
0000fec4  __TI_readmsg                        
0000ff18  __TI_writemsg                       
0000ff60  C$$IO$$                             
0000ff6c  finddevice                          
0000ffc0  __aeabi_idiv                        
0000ffc0  __aeabi_idivmod                     
00010014  __aeabi_uidiv                       
00010014  __aeabi_uidivmod                    
00010064  strncpy                             
000100ac  remove                              
000100ac  unlink                              
000100f4  lseek                               
00010138  write                               
000101ec  memccpy                             
00010218  memchr                              
00010244  strchr                              
0001026c  strcmp                              
00010294  wcslen                              
000102b8  strlen                              
000102d8  copysign                            
000102d8  copysignl                           
000102f4  strcpy                              
0001030c  __TI_decompress_none                
00010320  __TI_zero_init                      
00010330  __aeabi_errno_addr                  
0001033c  malloc                              
00010348  C$$EXIT                             
00010348  abort                               
00010350  handlePLLLockFail                   
00010354  _nop                                
00010360  phantomInterrupt                    
00010364  __aeabi_idiv0                       
00010364  __aeabi_ldiv0                       
00010580  _ctypes_                            
080008d0  pxCurrentTCB                        
08003000  _ftable                             
080030f0  _device                             
08003168  _stream                             
080031c8  __TI_ft_end                         
080031cc  __aeabi_stdin                       
080031d0  __aeabi_stdout                      
080031d4  __aeabi_stderr                      
080031d8  __TI_cleanup_ptr                    
080031dc  __TI_dtors_ptr                      
080031e0  __TI_enable_exit_profile_output     
080031e4  rx_data                             
080031f0  _lock                               
080031f4  _unlock                             
08003200  ulCriticalNesting                   
08003204  ulTaskHasFPUContext                 
08003208  errno                               
0800320c  __CIOBUF_                           
0800332c  __TI_tmpnams                        
080033d4  parmbuf                             
ffffffff  __TI_pprof_out_hndl                 
ffffffff  __TI_prof_data_size                 
ffffffff  __TI_prof_data_start                
ffffffff  __binit__                           
ffffffff  __c_args__                          
ffffffff  binit                               
UNDEFED   SHT$$INIT_ARRAY$$Base               
UNDEFED   SHT$$INIT_ARRAY$$Limit              
UNDEFED   _system_post_cinit                  

[314 symbols]
