******************************************************************************
                  TI ARM Linker Unix v18.12.3                  
******************************************************************************
>> Linked Mon Nov 25 18:18:53 2019

OUTPUT FILE NAME:   <DCAN_1.out>
ENTRY POINT SYMBOL: "_c_int00"  address: 0000ef38


MEMORY CONFIGURATION

         name            origin    length      used     unused   attr    fill
----------------------  --------  ---------  --------  --------  ----  --------
  VECTORS               00000000   00000020  00000020  00000000     X
  KERNEL                00000020   00008000  000040a8  00003f58  R  X
  FLASH0                00008020   001f7fe0  00008764  001ef87c  R  X
  FLASH1                00200000   00200000  00000000  00200000  R  X
  STACKS                08000000   00000800  00000000  00000800  RW  
  KRAM                  08000800   00000800  00000104  000006fc  RW  
  RAM                   08001000   0007f000  000023e0  0007cc20  RW  


SEGMENT ALLOCATION MAP

run origin  load origin   length   init length attrs members
----------  ----------- ---------- ----------- ----- -------
00000000    00000000    00003808   00003808    r-x
  00000000    00000000    00000020   00000020    r-x .intvecs
  00000020    00000020    000037e8   000037e8    r-x .kernelTEXT
00003808    00003808    00000800   00000000    rw-
  00003808    00003808    00000800   00000000    rw- .sysmem
00004020    00004020    000000c0   000000c0    r--
  00004020    00004020    000000c0   000000c0    r-- .cinit
00008020    00008020    00008764   00008764    r-x
  00008020    00008020    00008440   00008440    r-x .text
  00010460    00010460    00000324   00000324    r-- .const
08000800    08000800    00000104   00000000    rw-
  08000800    08000800    00000104   00000000    rw- .kernelBSS
08001000    08001000    000023e0   00000000    rw-
  08001000    08001000    00002000   00000000    rw- .kernelHEAP
  08003000    08003000    00000210   00000000    rw- .data
  08003210    08003210    000001d0   00000000    rw- .bss


SECTION ALLOCATION MAP

 output                                  attributes/
section   page    origin      length       input sections
--------  ----  ----------  ----------   ----------------
.intvecs   0    00000000    00000020     
                  00000000    00000020     HL_sys_intvecs.obj (.intvecs)

.kernelTEXT 
*          0    00000020    000037e8     
                  00000020    00002bdc     os_tasks.obj (.kernelTEXT)
                  00002bfc    000004b0     os_portasm.obj (.kernelTEXT)
                  000030ac    000003dc     os_port.obj (.kernelTEXT)
                  00003488    00000380     os_heap.obj (.kernelTEXT)

.cinit     0    00004020    000000c0     
                  00004020    00000076     (.cinit..data.load) [load image, compression = lzss]
                  00004096    00000002     --HOLE-- [fill = 0]
                  00004098    0000000c     (__TI_handler_table)
                  000040a4    00000009     (.cinit..kernelBSS.load) [load image, compression = lzss]
                  000040ad    00000003     --HOLE-- [fill = 0]
                  000040b0    00000008     (.cinit..bss.load) [load image, compression = zero_init]
                  000040b8    00000008     (.cinit..kernelHEAP.load) [load image, compression = zero_init]
                  000040c0    00000020     (__TI_cinit_table)

.text      0    00008020    00008440     
                  00008020    00000fac     rtsv7R4_A_be_v3D16_eabi.lib : _printfi.c.obj (.text:__TI_printfi)
                  00008fcc    00000b00     HL_can.obj (.text)
                  00009acc    000009c4     HL_pinmux.obj (.text)
                  0000a490    000009ac     HL_system.obj (.text)
                  0000ae3c    0000093c     HL_sys_vim.obj (.text)
                  0000b778    0000078c     HL_esm.obj (.text)
                  0000bf04    00000664     HL_errata_SSWF021_45.obj (.text)
                  0000c568    000003c4     HL_sys_core.obj (.text)
                  0000c92c    0000036c     HL_sys_mpu.obj (.text)
                  0000cc98    0000033c     HL_sys_vim.obj (.text:retain)
                  0000cfd4    000002dc     rtsv7R4_A_be_v3D16_eabi.lib : _printfi.c.obj (.text:_pconv_a)
                  0000d2b0    000002b8                                 : ull_div32.asm.obj (.text)
                  0000d568    00000278     os_heap.obj (.text)
                  0000d7e0    00000248     rtsv7R4_A_be_v3D16_eabi.lib : _printfi.c.obj (.text:_pconv_g)
                  0000da28    00000238     os_list.obj (.text)
                  0000dc60    000001a4     rtsv7R4_A_be_v3D16_eabi.lib : fputs.c.obj (.text:fputs)
                  0000de04    00000180                                 : memory.c.obj (.text:aligned_alloc)
                  0000df84    00000180                                 : memcpy32.asm.obj (.text)
                  0000e104    00000178                                 : memory.c.obj (.text:free)
                  0000e27c    00000178     HL_esm.obj (.text:retain)
                  0000e3f4    00000174     HL_sys_main.obj (.text)
                  0000e568    00000164     os_tasks.obj (.text)
                  0000e6cc    0000015c     rtsv7R4_A_be_v3D16_eabi.lib : _printfi.c.obj (.text:_pconv_e)
                  0000e828    00000158                                 : setvbuf.c.obj (.text:setvbuf)
                  0000e980    00000144                                 : _printfi.c.obj (.text:fcvt)
                  0000eac4    0000013c     os_port.obj (.text)
                  0000ec00    00000120     rtsv7R4_A_be_v3D16_eabi.lib : s_scalbn.c.obj (.text:scalbn)
                  0000ed20    00000115                                 : _printfi.c.obj (.text:_ltostr)
                  0000ee35    00000003     --HOLE-- [fill = 0]
                  0000ee38    00000100                                 : fputc.c.obj (.text:fputc)
                  0000ef38    000000d8     HL_sys_startup.obj (.text:retain)
                  0000f010    000000c8     rtsv7R4_A_be_v3D16_eabi.lib : _printfi.c.obj (.text:_mcpy)
                  0000f0d8    000000b8                                 : fclose.c.obj (.text:__TI_closefile)
                  0000f190    000000b8                                 : memory.c.obj (.text:split)
                  0000f248    000000b0                                 : memset32.asm.obj (.text)
                  0000f2f8    000000ac                                 : hostlseek.c.obj (.text:HOSTlseek)
                  0000f3a4    000000a8                                 : fseek.c.obj (.text:fseek)
                  0000f44c    000000a4                                 : hostrename.c.obj (.text:HOSTrename)
                  0000f4f0    000000a0                                 : _io_perm.c.obj (.text:__TI_wrt_ok)
                  0000f590    0000009c     HL_notification.obj (.text)
                  0000f62c    0000009c     rtsv7R4_A_be_v3D16_eabi.lib : fprintf.c.obj (.text:fprintf)
                  0000f6c8    00000098                                 : hostopen.c.obj (.text:HOSTopen)
                  0000f760    00000098                                 : _printfi.c.obj (.text:_ecpy)
                  0000f7f8    00000098                                 : close.c.obj (.text:close)
                  0000f890    00000090                                 : hostread.c.obj (.text:HOSTread)
                  0000f920    00000090                                 : hostwrite.c.obj (.text:HOSTwrite)
                  0000f9b0    00000090                                 : copy_decompress_lzss.c.obj (.text:decompress:lzss:__TI_decompress_lzss)
                  0000fa40    0000008c                                 : s_frexp.c.obj (.text:frexp)
                  0000facc    00000084                                 : fflush.c.obj (.text:__TI_doflush)
                  0000fb50    00000084                                 : atoi.c.obj (.text:atoi)
                  0000fbd4    00000080                                 : ltoa.c.obj (.text:ltoa)
                  0000fc54    0000007c                                 : exit.c.obj (.text:exit)
                  0000fcd0    00000074                                 : hostclose.c.obj (.text:HOSTclose)
                  0000fd44    00000074                                 : _printfi.c.obj (.text:_pconv_f)
                  0000fdb8    00000070                                 : hostunlink.c.obj (.text:HOSTunlink)
                  0000fe28    0000006c                                 : getdevice.c.obj (.text:getdevice)
                  0000fe94    00000068                                 : autoinit.c.obj (.text:__TI_auto_init_nobinit_nopinit:__TI_auto_init_nobinit_nopinit)
                  0000fefc    00000064                                 : _printfi.c.obj (.text:_fcpy)
                  0000ff60    00000054                                 : fopen.c.obj (.text:__TI_cleanup)
                  0000ffb4    00000054                                 : trgmsg.c.obj (.text:__TI_readmsg)
                  00010008    00000054                                 : trgmsg.c.obj (.text:__TI_writemsg)
                  0001005c    00000054                                 : getdevice.c.obj (.text:finddevice)
                  000100b0    00000054                                 : i_div32.asm.obj (.text)
                  00010104    00000050                                 : u_div32.asm.obj (.text)
                  00010154    00000048                                 : strncpy.c.obj (.text:strncpy)
                  0001019c    00000048                                 : unlink.c.obj (.text:unlink)
                  000101e4    00000044                                 : lseek.c.obj (.text:lseek)
                  00010228    00000044                                 : write.c.obj (.text:write)
                  0001026c    00000040                                 : memory.c.obj (.text:free_list_insert)
                  000102ac    00000030                                 : memory.c.obj (.text:free_list_remove)
                  000102dc    0000002c                                 : memccpy.c.obj (.text:memccpy)
                  00010308    0000002c                                 : memchr.c.obj (.text:memchr)
                  00010334    00000028                                 : strchr.c.obj (.text:strchr)
                  0001035c    00000028                                 : strcmp.c.obj (.text:strcmp)
                  00010384    00000024                                 : s_copysign.c.obj (.text:copysign)
                  000103a8    00000024                                 : wcslen.c.obj (.text:wcslen)
                  000103cc    00000020                                 : strlen.c.obj (.text:strlen)
                  000103ec    00000018                                 : strcpy.c.obj (.text:strcpy)
                  00010404    00000014                                 : copy_decompress_none.c.obj (.text:decompress:none:__TI_decompress_none)
                  00010418    00000010                                 : copy_zero_init.c.obj (.text:decompress:ZI:__TI_zero_init)
                  00010428    0000000c                                 : errno.c.obj (.text:__aeabi_errno_addr)
                  00010434    0000000c                                 : memory.c.obj (.text:malloc)
                  00010440    00000008                                 : exit.c.obj (.text:abort:abort)
                  00010448    00000004     HL_sys_startup.obj (.text)
                  0001044c    00000004     rtsv7R4_A_be_v3D16_eabi.lib : _lock.c.obj (.text:_nop)
                  00010450    00000004                                 : fprintf.c.obj (.text:_outc)
                  00010454    00000004                                 : fprintf.c.obj (.text:_outs)
                  00010458    00000004     HL_sys_phantom.obj (.text:retain)
                  0001045c    00000004     rtsv7R4_A_be_v3D16_eabi.lib : div0.asm.obj (.text)

.const     0    00010460    00000324     
                  00010460    00000200     HL_sys_vim.obj (.const:s_vim_init)
                  00010660    00000101     rtsv7R4_A_be_v3D16_eabi.lib : ctype.c.obj (.const:.string:_ctypes_)
                  00010761    00000003     --HOLE-- [fill = 0]
                  00010764    00000020     HL_can.obj (.const:s_canByteOrder)

.kernelBSS 
*          0    08000800    00000104     UNINITIALIZED
                  08000800    000000d0     os_tasks.obj (.kernelBSS:uninit)
                  080008d0    00000034     os_tasks.obj (.kernelBSS:init)

.kernelHEAP 
*          0    08001000    00002000     UNINITIALIZED
                  08001000    00002000     os_heap.obj (.kernelHEAP)

.data      0    08003000    00000210     UNINITIALIZED
                  08003000    000000f0     rtsv7R4_A_be_v3D16_eabi.lib : defs.c.obj (.data:_ftable)
                  080030f0    00000078                                 : host_device.c.obj (.data:_device)
                  08003168    00000050                                 : host_device.c.obj (.data:_stream)
                  080031b8    00000010     os_heap.obj (.data)
                  080031c8    00000010     rtsv7R4_A_be_v3D16_eabi.lib : defs.c.obj (.data)
                  080031d8    0000000c                                 : exit.c.obj (.data:$O1$$)
                  080031e4    00000008                                 : _lock.c.obj (.data:$O1$$)
                  080031ec    00000008                                 : memory.c.obj (.data:$O1$$)
                  080031f4    00000008     os_port.obj (.data)
                  080031fc    00000007     HL_sys_main.obj (.data:rx_data)
                  08003203    00000007     HL_sys_main.obj (.data:tx_data)
                  0800320a    00000002     --HOLE--
                  0800320c    00000004     rtsv7R4_A_be_v3D16_eabi.lib : errno.c.obj (.data)

.bss       0    08003210    000001d0     UNINITIALIZED
                  08003210    00000120     rtsv7R4_A_be_v3D16_eabi.lib : trgmsg.c.obj (.bss:_CIOBUF_)
                  08003330    000000a0     (.common:__TI_tmpnams)
                  080033d0    00000008     os_heap.obj (.bss:xStart)
                  080033d8    00000008     (.common:parmbuf)

.sysmem    0    00003808    00000800     UNINITIALIZED
                  00003808    00000010     rtsv7R4_A_be_v3D16_eabi.lib : memory.c.obj (.sysmem)
                  00003818    000007f0     --HOLE--

MODULE SUMMARY

       Module                       code    ro data   rw data
       ------                       ----    -------   -------
    ./source/
       os_tasks.obj                 11584   0         260    
       os_heap.obj                  1528    0         8216   
       HL_sys_vim.obj               3192    512       0      
       HL_can.obj                   2816    32        0      
       HL_pinmux.obj                2500    0         0      
       HL_system.obj                2476    0         0      
       HL_esm.obj                   2308    0         0      
       HL_errata_SSWF021_45.obj     1636    0         0      
       os_port.obj                  1304    0         8      
       os_portasm.obj               1200    0         0      
       HL_sys_core.obj              964     0         0      
       HL_sys_mpu.obj               876     0         0      
       os_list.obj                  568     0         0      
       HL_sys_main.obj              372     0         14     
       HL_sys_startup.obj           220     0         0      
       HL_notification.obj          156     0         0      
       HL_sys_intvecs.obj           32      0         0      
       HL_sys_phantom.obj           4       0         0      
    +--+----------------------------+-------+---------+---------+
       Total:                       33736   544       8498   
                                                             
    /Applications/ti/ccs920/ccs/tools/compiler/ti-cgt-arm_18.12.3.LTS/lib/rtsv7R4_A_be_v3D16_eabi.lib
       _printfi.c.obj               6845    0         0      
       memory.c.obj                 1068    0         8      
       ull_div32.asm.obj            696     0         0      
       trgmsg.c.obj                 168     0         288    
       fputs.c.obj                  420     0         0      
       defs.c.obj                   0       0         416    
       memcpy32.asm.obj             384     0         0      
       setvbuf.c.obj                344     0         0      
       s_scalbn.c.obj               288     0         0      
       ctype.c.obj                  0       257       0      
       fputc.c.obj                  256     0         0      
       host_device.c.obj            0       0         200    
       getdevice.c.obj              192     0         0      
       fclose.c.obj                 184     0         0      
       memset32.asm.obj             176     0         0      
       hostlseek.c.obj              172     0         0      
       fseek.c.obj                  168     0         0      
       fprintf.c.obj                164     0         0      
       hostrename.c.obj             164     0         0      
       _io_perm.c.obj               160     0         0      
       hostopen.c.obj               152     0         8      
       close.c.obj                  152     0         0      
       copy_decompress_lzss.c.obj   144     0         0      
       exit.c.obj                   132     0         12     
       hostread.c.obj               144     0         0      
       hostwrite.c.obj              144     0         0      
       s_frexp.c.obj                140     0         0      
       atoi.c.obj                   132     0         0      
       fflush.c.obj                 132     0         0      
       ltoa.c.obj                   128     0         0      
       hostclose.c.obj              116     0         0      
       hostunlink.c.obj             112     0         0      
       autoinit.c.obj               104     0         0      
       fopen.c.obj                  84      0         0      
       i_div32.asm.obj              84      0         0      
       u_div32.asm.obj              80      0         0      
       strncpy.c.obj                72      0         0      
       unlink.c.obj                 72      0         0      
       lseek.c.obj                  68      0         0      
       write.c.obj                  68      0         0      
       memccpy.c.obj                44      0         0      
       memchr.c.obj                 44      0         0      
       strchr.c.obj                 40      0         0      
       strcmp.c.obj                 40      0         0      
       s_copysign.c.obj             36      0         0      
       wcslen.c.obj                 36      0         0      
       strlen.c.obj                 32      0         0      
       strcpy.c.obj                 24      0         0      
       copy_decompress_none.c.obj   20      0         0      
       copy_zero_init.c.obj         16      0         0      
       errno.c.obj                  12      0         4      
       _lock.c.obj                  4       0         8      
       div0.asm.obj                 4       0         0      
    +--+----------------------------+-------+---------+---------+
       Total:                       14461   257       944    
                                                             
       Heap:                        0       0         2048   
       Linker Generated:            0       187       0      
    +--+----------------------------+-------+---------+---------+
       Grand Total:                 48197   988       11490  


LINKER GENERATED COPY TABLES

__TI_cinit_table @ 000040c0 records: 4, size/record: 8, table size: 32
	.data: load addr=00004020, load size=00000076 bytes, run addr=08003000, run size=00000210 bytes, compression=lzss
	.kernelBSS: load addr=000040a4, load size=00000009 bytes, run addr=08000800, run size=00000104 bytes, compression=lzss
	.bss: load addr=000040b0, load size=00000008 bytes, run addr=08003210, run size=000001d0 bytes, compression=zero_init
	.kernelHEAP: load addr=000040b8, load size=00000008 bytes, run addr=08001000, run size=00002000 bytes, compression=zero_init


LINKER GENERATED HANDLER TABLE

__TI_handler_table @ 00004098 records: 3, size/record: 4, table size: 12
	index: 0, handler: __TI_decompress_lzss
	index: 1, handler: __TI_decompress_none
	index: 2, handler: __TI_zero_init


GLOBAL SYMBOLS: SORTED ALPHABETICALLY BY Name 

address   name                                
-------   ----                                
00010440  C$$EXIT                             
00010050  C$$IO$$                             
0000fcd0  HOSTclose                           
0000f2f8  HOSTlseek                           
0000f6c8  HOSTopen                            
0000f890  HOSTread                            
0000f44c  HOSTrename                          
0000fdb8  HOSTunlink                          
0000f920  HOSTwrite                           
UNDEFED   SHT$$INIT_ARRAY$$Base               
UNDEFED   SHT$$INIT_ARRAY$$Limit              
08003210  __CIOBUF_                           
00000800  __SYSMEM_SIZE                       
000040c0  __TI_CINIT_Base                     
000040e0  __TI_CINIT_Limit                    
00004098  __TI_Handler_Table_Base             
000040a4  __TI_Handler_Table_Limit            
0000c924  __TI_PINIT_Base                     
0000c928  __TI_PINIT_Limit                    
0000fe94  __TI_auto_init_nobinit_nopinit      
0000ff60  __TI_cleanup                        
080031d8  __TI_cleanup_ptr                    
0000f0d8  __TI_closefile                      
0000f9b0  __TI_decompress_lzss                
00010404  __TI_decompress_none                
0000facc  __TI_doflush                        
080031dc  __TI_dtors_ptr                      
080031e0  __TI_enable_exit_profile_output     
080031c8  __TI_ft_end                         
ffffffff  __TI_pprof_out_hndl                 
00008020  __TI_printfi                        
ffffffff  __TI_prof_data_size                 
ffffffff  __TI_prof_data_start                
0000ffb4  __TI_readmsg                        
00000000  __TI_static_base__                  
08003330  __TI_tmpnams                        
00010008  __TI_writemsg                       
0000f4f0  __TI_wrt_ok                         
00010418  __TI_zero_init                      
00010428  __aeabi_errno_addr                  
000100b0  __aeabi_idiv                        
0001045c  __aeabi_idiv0                       
000100b0  __aeabi_idivmod                     
0001045c  __aeabi_ldiv0                       
0000f248  __aeabi_memclr                      
0000f248  __aeabi_memclr4                     
0000f248  __aeabi_memclr8                     
0000df84  __aeabi_memcpy                      
0000df84  __aeabi_memcpy4                     
0000df84  __aeabi_memcpy8                     
0000f24c  __aeabi_memset                      
0000f24c  __aeabi_memset4                     
0000f24c  __aeabi_memset8                     
080031d4  __aeabi_stderr                      
080031cc  __aeabi_stdin                       
080031d0  __aeabi_stdout                      
00010104  __aeabi_uidiv                       
00010104  __aeabi_uidivmod                    
0000d2b0  __aeabi_uldivmod                    
ffffffff  __binit__                           
ffffffff  __c_args__                          
0000ef38  _c_int00                            
0000c8d8  _cacheDisable_                      
0000c894  _cacheEnable_                       
0000c874  _checkMemInitOn_                    
0000c780  _coreClearAuxiliaryDataFault_       
0000c794  _coreClearAuxiliaryInstructionFault_
0000c758  _coreClearDataFaultAddress_         
0000c730  _coreClearDataFault_                
0000c76c  _coreClearInstructionFaultAddress_  
0000c744  _coreClearInstructionFault_         
0000c708  _coreDisableEventBusExport_         
0000c6f8  _coreEnableEventBusExport_          
0000c718  _coreEnableIrqVicOffset_            
0000c6e0  _coreEnableVfp_                     
0000c778  _coreGetAuxiliaryDataFault_         
0000c78c  _coreGetAuxiliaryInstructionFault_  
0000c750  _coreGetDataFaultAddress_           
0000c728  _coreGetDataFault_                  
0000c764  _coreGetInstructionFaultAddress_    
0000c73c  _coreGetInstructionFault_           
0000c568  _coreInitRegisters_                 
0000c674  _coreInitStackPointer_              
00010660  _ctypes_                            
0000c8fc  _dCacheInvalidate_                  
080030f0  _device                             
0000c7a0  _disable_IRQ_interrupt_             
0000c7a8  _enable_IRQ_interrupt_              
0000c7b0  _enable_interrupt_                  
0000bf04  _errata_SSWF021_45_both_plls        
0000c0f8  _errata_SSWF021_45_pll1             
0000c270  _errata_SSWF021_45_pll2             
0000c7b8  _esmCcmErrorsClear_                 
08003000  _ftable                             
0000c6c0  _getCPSRValue_                      
0000c6c8  _gotoCPUIdle_                       
0000c910  _iCacheInvalidate_                  
080031e4  _lock                               
0000c840  _memInit_                           
0000cc40  _mpuAreRegionsSeparate_             
0000cc24  _mpuDisableBackgroundRegion_        
0000cbfc  _mpuDisable_                        
0000cc14  _mpuEnableBackgroundRegion_         
0000cbe4  _mpuEnable_                         
0000cc34  _mpuGetNumberOfRegions_             
0000cc64  _mpuGetRegionBaseAddress_           
0000cc84  _mpuGetRegionPermission_            
0000cc78  _mpuGetRegionType_                  
0000cc54  _mpuGetRegion_                      
0000c92c  _mpuInit_                           
0000cc5c  _mpuSetRegionBaseAddress_           
0000cc90  _mpuSetRegionSizeRegister_          
0000cc6c  _mpuSetRegionTypeAndPermission_     
0000cc4c  _mpuSetRegion_                      
0001044c  _nop                                
08003168  _stream                             
00003808  _sys_memory                         
UNDEFED   _system_post_cinit                  
080031e8  _unlock                             
00010440  abort                               
0000de04  aligned_alloc                       
0000fb50  atoi                                
ffffffff  binit                               
00009904  can4GetConfigValue                  
000097a4  canDisableErrorNotification         
00009784  canDisableStatusChangeNotification  
000097fc  canDisableloopback                  
00009744  canEnableErrorNotification          
00009764  canEnableStatusChangeNotification   
000097c4  canEnableloopback                   
0000f5dc  canErrorNotification                
000094ec  canFillMessageObjectData            
00009214  canGetData                          
00009720  canGetErrorLevel                    
0000936c  canGetID                            
000096fc  canGetLastError                     
00008fcc  canInit                             
000098e8  canIoRxGetBit                       
0000982c  canIoSetDirection                   
0000987c  canIoSetPort                        
000098cc  canIoTxGetBit                       
000096a0  canIsMessageBoxValid                
00009644  canIsRxMessageArrived               
000095e8  canIsTxMessagePending               
0000f604  canMessageNotification              
0000944c  canSendRemoteFrame                  
0000f5f0  canStatusChangeNotification         
00009118  canTransmit                         
000093d4  canUpdateID                         
0000f7f8  close                               
00010384  copysign                            
00010384  copysignl                           
0000ad90  customTrimLPO                       
0000f5c8  dmaGroupANotification               
00001f18  eTaskConfirmSleepModeStatus         
00000890  eTaskGetState                       
0000f618  epcCAMFullNotification              
0000f61c  epcFIFOFullNotification             
0800320c  errno                               
0000b988  esmActivateNormalOperation          
0000bad4  esmClearStatus                      
0000bb38  esmClearStatusBuffer                
0000bb14  esmClearStatusUpper                 
0000b934  esmDisableError                     
0000b95c  esmDisableErrorUpper                
0000b9dc  esmDisableInterrupt                 
0000ba04  esmDisableInterruptUpper            
0000b8f0  esmEnableError                      
0000b918  esmEnableErrorUpper                 
0000b998  esmEnableInterrupt                  
0000b9c0  esmEnableInterruptUpper             
0000bc68  esmEnterSelfTest                    
0000b8d4  esmError                            
0000bd40  esmGetConfigValue                   
0000bb74  esmGetStatus                        
0000bc40  esmGetStatusBuffer                  
0000bbf8  esmGetStatusUpper                   
0000f590  esmGroup1Notification               
0000f5a4  esmGroup2Notification               
0000f5b8  esmGroup3Notification               
0000e27c  esmHighInterrupt                    
0000b778  esmInit                             
0000bcf0  esmSelfTestStatus                   
0000bb54  esmSetCounterPreloadValue           
0000ba20  esmSetInterruptLevel                
0000ba94  esmSetInterruptLevelUpper           
0000b978  esmTriggerErrorPinReset             
0000fc54  exit                                
0001005c  finddevice                          
0000f62c  fprintf                             
0000ee38  fputc                               
0000dc60  fputs                               
0000e104  free                                
0000fa40  frexp                               
0000fa40  frexpl                              
0000f3a4  fseek                               
0000a830  getResetSource                      
0000fe28  getdevice                           
00010448  handlePLLLockFail                   
0000ec00  ldexp                               
0000ec00  ldexpl                              
000101e4  lseek                               
0000fbd4  ltoa                                
0000e3f4  main                                
00010434  malloc                              
0000a660  mapClocks                           
0000de04  memalign                            
000102dc  memccpy                             
00010308  memchr                              
0000df84  memcpy                              
0000f258  memset                              
00009acc  muxInit                             
080033d8  parmbuf                             
00001354  pcTaskGetName                       
0000e4a8  performBusyWork                     
0000a5ac  periphInit                          
00010458  phantomInterrupt                    
00003084  prvMpuDisable                       
0000306c  prvMpuEnable                        
00003054  prvMpuSetRegion                     
0000ee38  putc                                
00003488  pvPortMalloc                        
00001ff8  pvTaskGetThreadLocalStoragePointer  
080008d0  pxCurrentTCB                        
000030ac  pxPortInitialiseStack               
0001019c  remove                              
00000000  resetEntry                          
080031fc  rx_data                             
0000ec00  scalbn                              
0000ec00  scalbnl                             
0000a56c  setupFlash                          
0000a490  setupPLL                            
0000e828  setvbuf                             
00010334  strchr                              
0001035c  strcmp                              
000103ec  strcpy                              
000103cc  strlen                              
00010154  strncpy                             
0000a958  systemGetConfigValue                
0000a78c  systemInit                          
0000a800  systemPowerDown                     
0000a4f0  trimLPO                             
08003203  tx_data                             
080031f4  ulCriticalNesting                   
00002f7c  ulPortCountLeadingZeros             
080031f8  ulTaskHasFPUContext                 
00002390  ulTaskNotifyTake                    
0001019c  unlink                              
0000dbd4  uxListRemove                        
00001348  uxTaskGetNumberOfTasks              
0000223c  uxTaskGetStackHighWaterMark         
00000994  uxTaskPriorityGet                   
000009d8  uxTaskPriorityGetFromISR            
00002354  uxTaskResetEventItemValue           
0000da28  vListInitialise                     
0000da80  vListInitialiseItem                 
0000db10  vListInsert                         
0000da9c  vListInsertEnd                      
00003454  vPortEndScheduler                   
000036e0  vPortFree                           
000037f0  vPortInitialiseBlocks               
00002f70  vPortInitialiseFPSCR                
00002e70  vPortPreemptiveTick                 
00002f84  vPortSWI                            
00002c00  vPortStartFirstTask                 
000031c0  vPortStoreTaskMPUSettings           
00002d7c  vPortYeildWithinAPI                 
00002c90  vPortYieldProcessor                 
00002064  vTaskAllocateMPURegions             
0000080c  vTaskDelay                          
000006a0  vTaskDelayUntil                     
00000538  vTaskDelete                         
00001084  vTaskEndScheduler                   
00001f08  vTaskMissedYield                    
00002954  vTaskNotifyGiveFromISR              
00001ad0  vTaskPlaceOnEventList               
00001b14  vTaskPlaceOnUnorderedEventList      
00000a20  vTaskPrioritySet                    
00000e20  vTaskResume                         
00001f94  vTaskSetThreadLocalStoragePointer   
00001d90  vTaskSetTimeOutState                
00000fec  vTaskStartScheduler                 
0000166c  vTaskStepTick                       
00000c18  vTaskSuspend                        
000010a0  vTaskSuspendAll                     
000019f0  vTaskSwitchContext                  
0000af10  vimChannelMap                       
0000b17c  vimDisableInterrupt                 
0000cc98  vimECCErrorHandler                  
0000afb4  vimEnableInterrupt                  
0000b228  vimGetConfigValue                   
0000ae3c  vimInit                             
000103a8  wcslen                              
00010228  write                               
000037d8  xPortGetFreeHeapSize                
000037e4  xPortGetMinimumEverFreeHeapSize     
00003434  xPortStartScheduler                 
000016c8  xTaskAbortDelay                     
00001dd0  xTaskCheckForTimeOut                
000000fc  xTaskCreate                         
00000020  xTaskCreateRestricted               
00002580  xTaskGenericNotify                  
00002754  xTaskGenericNotifyFromISR           
0000152c  xTaskGetHandle                      
00001634  xTaskGetIdleTaskHandle              
00002304  xTaskGetSchedulerState              
00001308  xTaskGetTickCount                   
00001324  xTaskGetTickCountFromISR            
000017c8  xTaskIncrementTick                  
0000e650  xTaskNotifyStateClear               
00002468  xTaskNotifyWait                     
00001b98  xTaskRemoveFromEventList            
00001c88  xTaskRemoveFromUnorderedEventList   
00001158  xTaskResumeAll                      
00000f04  xTaskResumeFromISR                  


GLOBAL SYMBOLS: SORTED BY Symbol Address 

address   name                                
-------   ----                                
00000000  __TI_static_base__                  
00000000  resetEntry                          
00000020  xTaskCreateRestricted               
000000fc  xTaskCreate                         
00000538  vTaskDelete                         
000006a0  vTaskDelayUntil                     
00000800  __SYSMEM_SIZE                       
0000080c  vTaskDelay                          
00000890  eTaskGetState                       
00000994  uxTaskPriorityGet                   
000009d8  uxTaskPriorityGetFromISR            
00000a20  vTaskPrioritySet                    
00000c18  vTaskSuspend                        
00000e20  vTaskResume                         
00000f04  xTaskResumeFromISR                  
00000fec  vTaskStartScheduler                 
00001084  vTaskEndScheduler                   
000010a0  vTaskSuspendAll                     
00001158  xTaskResumeAll                      
00001308  xTaskGetTickCount                   
00001324  xTaskGetTickCountFromISR            
00001348  uxTaskGetNumberOfTasks              
00001354  pcTaskGetName                       
0000152c  xTaskGetHandle                      
00001634  xTaskGetIdleTaskHandle              
0000166c  vTaskStepTick                       
000016c8  xTaskAbortDelay                     
000017c8  xTaskIncrementTick                  
000019f0  vTaskSwitchContext                  
00001ad0  vTaskPlaceOnEventList               
00001b14  vTaskPlaceOnUnorderedEventList      
00001b98  xTaskRemoveFromEventList            
00001c88  xTaskRemoveFromUnorderedEventList   
00001d90  vTaskSetTimeOutState                
00001dd0  xTaskCheckForTimeOut                
00001f08  vTaskMissedYield                    
00001f18  eTaskConfirmSleepModeStatus         
00001f94  vTaskSetThreadLocalStoragePointer   
00001ff8  pvTaskGetThreadLocalStoragePointer  
00002064  vTaskAllocateMPURegions             
0000223c  uxTaskGetStackHighWaterMark         
00002304  xTaskGetSchedulerState              
00002354  uxTaskResetEventItemValue           
00002390  ulTaskNotifyTake                    
00002468  xTaskNotifyWait                     
00002580  xTaskGenericNotify                  
00002754  xTaskGenericNotifyFromISR           
00002954  vTaskNotifyGiveFromISR              
00002c00  vPortStartFirstTask                 
00002c90  vPortYieldProcessor                 
00002d7c  vPortYeildWithinAPI                 
00002e70  vPortPreemptiveTick                 
00002f70  vPortInitialiseFPSCR                
00002f7c  ulPortCountLeadingZeros             
00002f84  vPortSWI                            
00003054  prvMpuSetRegion                     
0000306c  prvMpuEnable                        
00003084  prvMpuDisable                       
000030ac  pxPortInitialiseStack               
000031c0  vPortStoreTaskMPUSettings           
00003434  xPortStartScheduler                 
00003454  vPortEndScheduler                   
00003488  pvPortMalloc                        
000036e0  vPortFree                           
000037d8  xPortGetFreeHeapSize                
000037e4  xPortGetMinimumEverFreeHeapSize     
000037f0  vPortInitialiseBlocks               
00003808  _sys_memory                         
00004098  __TI_Handler_Table_Base             
000040a4  __TI_Handler_Table_Limit            
000040c0  __TI_CINIT_Base                     
000040e0  __TI_CINIT_Limit                    
00008020  __TI_printfi                        
00008fcc  canInit                             
00009118  canTransmit                         
00009214  canGetData                          
0000936c  canGetID                            
000093d4  canUpdateID                         
0000944c  canSendRemoteFrame                  
000094ec  canFillMessageObjectData            
000095e8  canIsTxMessagePending               
00009644  canIsRxMessageArrived               
000096a0  canIsMessageBoxValid                
000096fc  canGetLastError                     
00009720  canGetErrorLevel                    
00009744  canEnableErrorNotification          
00009764  canEnableStatusChangeNotification   
00009784  canDisableStatusChangeNotification  
000097a4  canDisableErrorNotification         
000097c4  canEnableloopback                   
000097fc  canDisableloopback                  
0000982c  canIoSetDirection                   
0000987c  canIoSetPort                        
000098cc  canIoTxGetBit                       
000098e8  canIoRxGetBit                       
00009904  can4GetConfigValue                  
00009acc  muxInit                             
0000a490  setupPLL                            
0000a4f0  trimLPO                             
0000a56c  setupFlash                          
0000a5ac  periphInit                          
0000a660  mapClocks                           
0000a78c  systemInit                          
0000a800  systemPowerDown                     
0000a830  getResetSource                      
0000a958  systemGetConfigValue                
0000ad90  customTrimLPO                       
0000ae3c  vimInit                             
0000af10  vimChannelMap                       
0000afb4  vimEnableInterrupt                  
0000b17c  vimDisableInterrupt                 
0000b228  vimGetConfigValue                   
0000b778  esmInit                             
0000b8d4  esmError                            
0000b8f0  esmEnableError                      
0000b918  esmEnableErrorUpper                 
0000b934  esmDisableError                     
0000b95c  esmDisableErrorUpper                
0000b978  esmTriggerErrorPinReset             
0000b988  esmActivateNormalOperation          
0000b998  esmEnableInterrupt                  
0000b9c0  esmEnableInterruptUpper             
0000b9dc  esmDisableInterrupt                 
0000ba04  esmDisableInterruptUpper            
0000ba20  esmSetInterruptLevel                
0000ba94  esmSetInterruptLevelUpper           
0000bad4  esmClearStatus                      
0000bb14  esmClearStatusUpper                 
0000bb38  esmClearStatusBuffer                
0000bb54  esmSetCounterPreloadValue           
0000bb74  esmGetStatus                        
0000bbf8  esmGetStatusUpper                   
0000bc40  esmGetStatusBuffer                  
0000bc68  esmEnterSelfTest                    
0000bcf0  esmSelfTestStatus                   
0000bd40  esmGetConfigValue                   
0000bf04  _errata_SSWF021_45_both_plls        
0000c0f8  _errata_SSWF021_45_pll1             
0000c270  _errata_SSWF021_45_pll2             
0000c568  _coreInitRegisters_                 
0000c674  _coreInitStackPointer_              
0000c6c0  _getCPSRValue_                      
0000c6c8  _gotoCPUIdle_                       
0000c6e0  _coreEnableVfp_                     
0000c6f8  _coreEnableEventBusExport_          
0000c708  _coreDisableEventBusExport_         
0000c718  _coreEnableIrqVicOffset_            
0000c728  _coreGetDataFault_                  
0000c730  _coreClearDataFault_                
0000c73c  _coreGetInstructionFault_           
0000c744  _coreClearInstructionFault_         
0000c750  _coreGetDataFaultAddress_           
0000c758  _coreClearDataFaultAddress_         
0000c764  _coreGetInstructionFaultAddress_    
0000c76c  _coreClearInstructionFaultAddress_  
0000c778  _coreGetAuxiliaryDataFault_         
0000c780  _coreClearAuxiliaryDataFault_       
0000c78c  _coreGetAuxiliaryInstructionFault_  
0000c794  _coreClearAuxiliaryInstructionFault_
0000c7a0  _disable_IRQ_interrupt_             
0000c7a8  _enable_IRQ_interrupt_              
0000c7b0  _enable_interrupt_                  
0000c7b8  _esmCcmErrorsClear_                 
0000c840  _memInit_                           
0000c874  _checkMemInitOn_                    
0000c894  _cacheEnable_                       
0000c8d8  _cacheDisable_                      
0000c8fc  _dCacheInvalidate_                  
0000c910  _iCacheInvalidate_                  
0000c924  __TI_PINIT_Base                     
0000c928  __TI_PINIT_Limit                    
0000c92c  _mpuInit_                           
0000cbe4  _mpuEnable_                         
0000cbfc  _mpuDisable_                        
0000cc14  _mpuEnableBackgroundRegion_         
0000cc24  _mpuDisableBackgroundRegion_        
0000cc34  _mpuGetNumberOfRegions_             
0000cc40  _mpuAreRegionsSeparate_             
0000cc4c  _mpuSetRegion_                      
0000cc54  _mpuGetRegion_                      
0000cc5c  _mpuSetRegionBaseAddress_           
0000cc64  _mpuGetRegionBaseAddress_           
0000cc6c  _mpuSetRegionTypeAndPermission_     
0000cc78  _mpuGetRegionType_                  
0000cc84  _mpuGetRegionPermission_            
0000cc90  _mpuSetRegionSizeRegister_          
0000cc98  vimECCErrorHandler                  
0000d2b0  __aeabi_uldivmod                    
0000da28  vListInitialise                     
0000da80  vListInitialiseItem                 
0000da9c  vListInsertEnd                      
0000db10  vListInsert                         
0000dbd4  uxListRemove                        
0000dc60  fputs                               
0000de04  aligned_alloc                       
0000de04  memalign                            
0000df84  __aeabi_memcpy                      
0000df84  __aeabi_memcpy4                     
0000df84  __aeabi_memcpy8                     
0000df84  memcpy                              
0000e104  free                                
0000e27c  esmHighInterrupt                    
0000e3f4  main                                
0000e4a8  performBusyWork                     
0000e650  xTaskNotifyStateClear               
0000e828  setvbuf                             
0000ec00  ldexp                               
0000ec00  ldexpl                              
0000ec00  scalbn                              
0000ec00  scalbnl                             
0000ee38  fputc                               
0000ee38  putc                                
0000ef38  _c_int00                            
0000f0d8  __TI_closefile                      
0000f248  __aeabi_memclr                      
0000f248  __aeabi_memclr4                     
0000f248  __aeabi_memclr8                     
0000f24c  __aeabi_memset                      
0000f24c  __aeabi_memset4                     
0000f24c  __aeabi_memset8                     
0000f258  memset                              
0000f2f8  HOSTlseek                           
0000f3a4  fseek                               
0000f44c  HOSTrename                          
0000f4f0  __TI_wrt_ok                         
0000f590  esmGroup1Notification               
0000f5a4  esmGroup2Notification               
0000f5b8  esmGroup3Notification               
0000f5c8  dmaGroupANotification               
0000f5dc  canErrorNotification                
0000f5f0  canStatusChangeNotification         
0000f604  canMessageNotification              
0000f618  epcCAMFullNotification              
0000f61c  epcFIFOFullNotification             
0000f62c  fprintf                             
0000f6c8  HOSTopen                            
0000f7f8  close                               
0000f890  HOSTread                            
0000f920  HOSTwrite                           
0000f9b0  __TI_decompress_lzss                
0000fa40  frexp                               
0000fa40  frexpl                              
0000facc  __TI_doflush                        
0000fb50  atoi                                
0000fbd4  ltoa                                
0000fc54  exit                                
0000fcd0  HOSTclose                           
0000fdb8  HOSTunlink                          
0000fe28  getdevice                           
0000fe94  __TI_auto_init_nobinit_nopinit      
0000ff60  __TI_cleanup                        
0000ffb4  __TI_readmsg                        
00010008  __TI_writemsg                       
00010050  C$$IO$$                             
0001005c  finddevice                          
000100b0  __aeabi_idiv                        
000100b0  __aeabi_idivmod                     
00010104  __aeabi_uidiv                       
00010104  __aeabi_uidivmod                    
00010154  strncpy                             
0001019c  remove                              
0001019c  unlink                              
000101e4  lseek                               
00010228  write                               
000102dc  memccpy                             
00010308  memchr                              
00010334  strchr                              
0001035c  strcmp                              
00010384  copysign                            
00010384  copysignl                           
000103a8  wcslen                              
000103cc  strlen                              
000103ec  strcpy                              
00010404  __TI_decompress_none                
00010418  __TI_zero_init                      
00010428  __aeabi_errno_addr                  
00010434  malloc                              
00010440  C$$EXIT                             
00010440  abort                               
00010448  handlePLLLockFail                   
0001044c  _nop                                
00010458  phantomInterrupt                    
0001045c  __aeabi_idiv0                       
0001045c  __aeabi_ldiv0                       
00010660  _ctypes_                            
080008d0  pxCurrentTCB                        
08003000  _ftable                             
080030f0  _device                             
08003168  _stream                             
080031c8  __TI_ft_end                         
080031cc  __aeabi_stdin                       
080031d0  __aeabi_stdout                      
080031d4  __aeabi_stderr                      
080031d8  __TI_cleanup_ptr                    
080031dc  __TI_dtors_ptr                      
080031e0  __TI_enable_exit_profile_output     
080031e4  _lock                               
080031e8  _unlock                             
080031f4  ulCriticalNesting                   
080031f8  ulTaskHasFPUContext                 
080031fc  rx_data                             
08003203  tx_data                             
0800320c  errno                               
08003210  __CIOBUF_                           
08003330  __TI_tmpnams                        
080033d8  parmbuf                             
ffffffff  __TI_pprof_out_hndl                 
ffffffff  __TI_prof_data_size                 
ffffffff  __TI_prof_data_start                
ffffffff  __binit__                           
ffffffff  __c_args__                          
ffffffff  binit                               
UNDEFED   SHT$$INIT_ARRAY$$Base               
UNDEFED   SHT$$INIT_ARRAY$$Limit              
UNDEFED   _system_post_cinit                  

[315 symbols]
